============================= test session starts ==============================
platform linux -- Python 3.11.15, pytest-9.1.1, pluggy-1.6.0 -- /opt/hostedtoolcache/Python/3.11.15/x64/bin/python
cachedir: .pytest_cache
rootdir: /home/runner/work/zennity-engine-game/zennity-engine-game
configfile: pytest.ini
testpaths: tests
plugins: env-1.7.0, cov-7.1.0
collecting ... collected 2202 items / 1 skipped

tests/animation/test_animation.py::TestAnimationEvent::test_defaults PASSED [  0%]
tests/animation/test_animation.py::TestAnimationEvent::test_fired_can_be_set PASSED [  0%]
tests/animation/test_animation.py::TestAnimationClip::test_frame_count PASSED [  0%]
tests/animation/test_animation.py::TestAnimationClip::test_duration PASSED [  0%]
tests/animation/test_animation.py::TestAnimationClip::test_fps_minimum PASSED [  0%]
tests/animation/test_animation.py::TestAnimationClip::test_loop_default_true PASSED [  0%]
tests/animation/test_animation.py::TestAnimationClip::test_loop_false PASSED [  0%]
tests/animation/test_animation.py::TestAnimationClip::test_frames_stored PASSED [  0%]
tests/animation/test_animation.py::TestAnimationClip::test_flip_h_mirrors_frames PASSED [  0%]
tests/animation/test_animation.py::TestAnimationClip::test_no_flip_h_preserves_frames PASSED [  0%]
tests/animation/test_animation.py::TestAnimationClip::test_add_event_returns_self PASSED [  0%]
tests/animation/test_animation.py::TestAnimationClip::test_add_event_stored PASSED [  0%]
tests/animation/test_animation.py::TestAnimationClip::test_multiple_events PASSED [  0%]
tests/animation/test_animation.py::TestAnimationClip::test_repr PASSED   [  0%]
tests/animation/test_animation.py::TestAnimatorInit::test_current_clip_none_initially PASSED [  0%]
tests/animation/test_animation.py::TestAnimatorInit::test_is_finished_false_initially PASSED [  0%]
tests/animation/test_animation.py::TestAnimatorInit::test_add_clip_returns_self PASSED [  0%]
tests/animation/test_animation.py::TestAnimatorInit::test_add_transition_returns_self PASSED [  0%]
tests/animation/test_animation.py::TestAnimatorInit::test_play_unknown_no_crash PASSED [  0%]
tests/animation/test_animation.py::TestAnimatorInit::test_play_sets_current PASSED [  0%]
tests/animation/test_animation.py::TestAnimatorInit::test_play_resets_frame_and_timer PASSED [  0%]
tests/animation/test_animation.py::TestAnimatorInit::test_play_same_clip_no_restart PASSED [  0%]
tests/animation/test_animation.py::TestAnimatorInit::test_play_same_clip_force_restarts PASSED [  1%]
tests/animation/test_animation.py::TestAnimatorInit::test_start_plays_default PASSED [  1%]
tests/animation/test_animation.py::TestAnimatorInit::test_start_no_default_no_crash PASSED [  1%]
tests/animation/test_animation.py::TestAnimatorUpdate::test_update_no_clip_no_crash PASSED [  1%]
tests/animation/test_animation.py::TestAnimatorUpdate::test_update_advances_frame PASSED [  1%]
tests/animation/test_animation.py::TestAnimatorUpdate::test_update_multiple_frames_one_call PASSED [  1%]
tests/animation/test_animation.py::TestAnimatorUpdate::test_update_loops PASSED [  1%]
tests/animation/test_animation.py::TestAnimatorUpdate::test_update_non_loop_stops PASSED [  1%]
tests/animation/test_animation.py::TestAnimatorUpdate::test_update_non_loop_calls_on_finish PASSED [  1%]
tests/animation/test_animation.py::TestAnimatorUpdate::test_update_finished_does_not_advance PASSED [  1%]
tests/animation/test_animation.py::TestAnimatorUpdate::test_update_dt_zero_no_advance PASSED [  1%]
tests/animation/test_animation.py::TestAnimatorEvents::test_event_fires_on_correct_frame PASSED [  1%]
tests/animation/test_animation.py::TestAnimatorEvents::test_event_fires_only_once_per_pass PASSED [  1%]
tests/animation/test_animation.py::TestAnimatorEvents::test_event_fires_again_after_loop PASSED [  1%]
tests/animation/test_animation.py::TestAnimatorTransitions::test_transition_fires_when_true PASSED [  1%]
tests/animation/test_animation.py::TestAnimatorTransitions::test_transition_does_not_fire_when_false PASSED [  1%]
tests/animation/test_animation.py::TestAnimatorTransitions::test_wildcard_transition PASSED [  1%]
tests/animation/test_animation.py::TestAnimatorTransitions::test_transition_exception_no_crash PASSED [  1%]
tests/animation/test_animation.py::TestAnimatorTransitions::test_no_self_transition PASSED [  1%]
tests/animation/test_animation.py::TestAnimatorPushFrame::test_push_frame_updates_sprite_renderer PASSED [  1%]
tests/animation/test_animation.py::TestAnimatorPushFrame::test_push_frame_no_game_object_no_crash PASSED [  1%]
tests/animation/test_animation.py::TestAnimatorState::test_is_playing_true PASSED [  1%]
tests/animation/test_animation.py::TestAnimatorState::test_is_playing_false_for_other PASSED [  2%]
tests/animation/test_animation.py::TestAnimatorState::test_current_clip_none_when_no_play PASSED [  2%]
tests/animation/test_animation.py::TestAnimatorState::test_repr_contains_clip_name PASSED [  2%]
tests/animation/test_animation_runtime_foundation.py::test_keyframe_creation_and_serialization PASSED [  2%]
tests/animation/test_animation_runtime_foundation.py::test_animation_clip_samples_interpolated_properties PASSED [  2%]
tests/animation/test_animation_runtime_foundation.py::test_animator_play_pause_and_stop PASSED [  2%]
tests/animation/test_animation_runtime_foundation.py::test_animator_loop_wraps_clip_time PASSED [  2%]
tests/animation/test_animation_runtime_foundation.py::test_animator_uses_official_time_delta_time PASSED [  2%]
tests/animation/test_animation_runtime_foundation.py::test_animator_changes_runtime_transform_and_preserves_editor_world PASSED [  2%]
tests/animation/test_animation_runtime_foundation.py::test_animator_component_serializes_and_deserializes PASSED [  2%]
tests/animation/test_animation_runtime_foundation.py::test_scene_serialization_preserves_animator_component PASSED [  2%]
tests/animation/test_animator.py::TestInit::test_no_clips_on_init PASSED [  2%]
tests/animation/test_animator.py::TestInit::test_no_current_on_init PASSED [  2%]
tests/animation/test_animator.py::TestInit::test_frame_index_zero PASSED [  2%]
tests/animation/test_animator.py::TestInit::test_timer_zero PASSED       [  2%]
tests/animation/test_animator.py::TestInit::test_finished_false PASSED   [  2%]
tests/animation/test_animator.py::TestInit::test_on_finish_none PASSED   [  2%]
tests/animation/test_animator.py::TestInit::test_default_clip_stored PASSED [  2%]
tests/animation/test_animator.py::TestAddClip::test_add_clip_registers PASSED [  2%]
tests/animation/test_animator.py::TestAddClip::test_add_clip_returns_self PASSED [  2%]
tests/animation/test_animator.py::TestAddClip::test_add_multiple_clips PASSED [  2%]
tests/animation/test_animator.py::TestAddClip::test_add_clip_overwrites_same_name PASSED [  2%]
tests/animation/test_animator.py::TestPlay::test_play_sets_current PASSED [  3%]
tests/animation/test_animator.py::TestPlay::test_play_resets_frame_index PASSED [  3%]
tests/animation/test_animator.py::TestPlay::test_play_resets_timer PASSED [  3%]
tests/animation/test_animator.py::TestPlay::test_play_clears_finished PASSED [  3%]
tests/animation/test_animator.py::TestPlay::test_play_unknown_clip_no_crash PASSED [  3%]
tests/animation/test_animator.py::TestPlay::test_play_same_clip_no_restart_without_force PASSED [  3%]
tests/animation/test_animator.py::TestPlay::test_play_force_restarts PASSED [  3%]
tests/animation/test_animator.py::TestPlay::test_play_transition_between_clips PASSED [  3%]
tests/animation/test_animator.py::TestStart::test_start_plays_default_clip PASSED [  3%]
tests/animation/test_animator.py::TestStart::test_start_no_default_no_crash PASSED [  3%]
tests/animation/test_animator.py::TestStart::test_start_unknown_default_no_crash PASSED [  3%]
tests/animation/test_animator.py::TestUpdateFrameAdvance::test_update_no_clip_no_crash PASSED [  3%]
tests/animation/test_animator.py::TestUpdateFrameAdvance::test_update_advances_frame_after_duration PASSED [  3%]
tests/animation/test_animator.py::TestUpdateFrameAdvance::test_update_no_advance_before_duration PASSED [  3%]
tests/animation/test_animator.py::TestUpdateFrameAdvance::test_update_multiple_frames_large_dt PASSED [  3%]
tests/animation/test_animator.py::TestUpdateFrameAdvance::test_update_loops_back_to_zero PASSED [  3%]
tests/animation/test_animator.py::TestUpdateFrameAdvance::test_update_stops_at_last_frame_nonloop PASSED [  3%]
tests/animation/test_animator.py::TestUpdateFrameAdvance::test_update_frozen_when_finished PASSED [  3%]
tests/animation/test_animator.py::TestUpdateFrameAdvance::test_timer_accumulates_correctly PASSED [  3%]
tests/animation/test_animator.py::TestUpdateFrameAdvance::test_timer_reset_after_frame_advance PASSED [  3%]
tests/animation/test_animator.py::TestOnFinish::test_on_finish_called_when_nonloop_ends PASSED [  3%]
tests/animation/test_animator.py::TestOnFinish::test_on_finish_not_called_for_loop_clip PASSED [  3%]
tests/animation/test_animator.py::TestOnFinish::test_on_finish_called_once_even_with_many_updates PASSED [  4%]
tests/animation/test_animator.py::TestTransitions::test_add_transition_returns_self PASSED [  4%]
tests/animation/test_animator.py::TestTransitions::test_transition_fires_when_condition_true PASSED [  4%]
tests/animation/test_animator.py::TestTransitions::test_transition_not_fires_when_condition_false PASSED [  4%]
tests/animation/test_animator.py::TestTransitions::test_global_transition_fires_from_any_state PASSED [  4%]
tests/animation/test_animator.py::TestTransitions::test_transition_condition_exception_ignored PASSED [  4%]
tests/animation/test_animator.py::TestTransitions::test_no_self_transition PASSED [  4%]
tests/animation/test_animator.py::TestAnimationEvents::test_event_fires_at_correct_frame PASSED [  4%]
tests/animation/test_animator.py::TestAnimationEvents::test_event_not_fired_before_frame PASSED [  4%]
tests/animation/test_animator.py::TestAnimationEvents::test_event_fired_only_once_per_cycle PASSED [  4%]
tests/animation/test_animator.py::TestAnimationEvents::test_event_resets_on_loop PASSED [  4%]
tests/animation/test_animator.py::TestStateQueries::test_current_clip_none_initially PASSED [  4%]
tests/animation/test_animator.py::TestStateQueries::test_current_clip_after_play PASSED [  4%]
tests/animation/test_animator.py::TestStateQueries::test_is_playing_true PASSED [  4%]
tests/animation/test_animator.py::TestStateQueries::test_is_playing_false_different_clip PASSED [  4%]
tests/animation/test_animator.py::TestStateQueries::test_is_playing_false_no_clip PASSED [  4%]
tests/animation/test_animator.py::TestStateQueries::test_is_finished_false_initially PASSED [  4%]
tests/animation/test_animator.py::TestStateQueries::test_is_finished_true_after_nonloop_ends PASSED [  4%]
tests/animation/test_animator.py::TestStateQueries::test_repr_contains_clip_name PASSED [  4%]
tests/animation/test_animator.py::TestStateQueries::test_repr_contains_frame_index PASSED [  4%]
tests/animation/test_animator_controller_asset.py::test_controller_round_trip PASSED [  4%]
tests/animation/test_animator_controller_asset.py::test_runtime_changes_state_and_consumes_trigger PASSED [  4%]
tests/animation/test_animator_controller_asset.py::test_normalization_removes_invalid_references PASSED [  5%]
tests/animation/test_animator_controller_asset.py::test_validation_reports_empty_and_missing_animations PASSED [  5%]
tests/animation/test_animator_controller_asset.py::test_exit_time_priority_and_non_interruptible_transition PASSED [  5%]
tests/animation/test_animator_controller_demo.py::test_demo_scene_references_complete_reusable_assets PASSED [  5%]
tests/animation/test_animator_controller_demo.py::test_demo_controller_exercises_walk_jump_attack_and_exit_time PASSED [  5%]
tests/animation/test_animator_controller_demo.py::test_demo_clips_define_audio_and_hitbox_events PASSED [  5%]
tests/animation/test_animator_controller_demo.py::test_demo_scripts_expose_gameplay_and_state_hooks PASSED [  5%]
tests/animation/test_animator_controller_demo.py::test_demo_scene_json_survives_save_reload_shape PASSED [  5%]
tests/animation/test_clip.py::TestAnimationEvent::test_frame_index_stored PASSED [  5%]
tests/animation/test_clip.py::TestAnimationEvent::test_callback_stored PASSED [  5%]
tests/animation/test_clip.py::TestAnimationEvent::test_fired_defaults_false PASSED [  5%]
tests/animation/test_clip.py::TestAnimationEvent::test_fired_can_be_set_true PASSED [  5%]
tests/animation/test_clip.py::TestAnimationEvent::test_callback_is_callable PASSED [  5%]
tests/animation/test_clip.py::TestAnimationEvent::test_two_events_independent PASSED [  5%]
tests/animation/test_clip.py::TestAnimationClipInit::test_name_stored PASSED [  5%]
tests/animation/test_clip.py::TestAnimationClipInit::test_fps_stored PASSED [  5%]
tests/animation/test_clip.py::TestAnimationClipInit::test_fps_minimum_clamped PASSED [  5%]
tests/animation/test_clip.py::TestAnimationClipInit::test_fps_negative_clamped PASSED [  5%]
tests/animation/test_clip.py::TestAnimationClipInit::test_loop_stored_true PASSED [  5%]
tests/animation/test_clip.py::TestAnimationClipInit::test_loop_stored_false PASSED [  5%]
tests/animation/test_clip.py::TestAnimationClipInit::test_frames_stored_as_list PASSED [  5%]
tests/animation/test_clip.py::TestAnimationClipInit::test_frames_are_copy_not_same_list PASSED [  5%]
tests/animation/test_clip.py::TestAnimationClipInit::test_events_empty_on_init PASSED [  6%]
tests/animation/test_clip.py::TestAnimationClipInit::test_no_flip_h_does_not_call_transform PASSED [  6%]
tests/animation/test_clip.py::TestFlipH::test_flip_h_calls_transform_for_each_frame PASSED [  6%]
tests/animation/test_clip.py::TestFlipH::test_flip_h_replaces_frames_with_flipped PASSED [  6%]
tests/animation/test_clip.py::TestFlipH::test_flip_h_preserves_frame_count PASSED [  6%]
tests/animation/test_clip.py::TestFlipH::test_flip_h_called_with_correct_args PASSED [  6%]
tests/animation/test_clip.py::TestFlipH::test_no_flip_h_frames_identical_to_input PASSED [  6%]
tests/animation/test_clip.py::TestFrameCount::test_frame_count_matches_input PASSED [  6%]
tests/animation/test_clip.py::TestFrameCount::test_frame_count_one PASSED [  6%]
tests/animation/test_clip.py::TestFrameCount::test_frame_count_zero PASSED [  6%]
tests/animation/test_clip.py::TestDuration::test_duration_4_frames_10fps PASSED [  6%]
tests/animation/test_clip.py::TestDuration::test_duration_8_frames_8fps PASSED [  6%]
tests/animation/test_clip.py::TestDuration::test_duration_zero_frames PASSED [  6%]
tests/animation/test_clip.py::TestDuration::test_duration_scales_with_fps PASSED [  6%]
tests/animation/test_clip.py::TestAddEvent::test_add_event_returns_self PASSED [  6%]
tests/animation/test_clip.py::TestAddEvent::test_add_event_appended_to_events PASSED [  6%]
tests/animation/test_clip.py::TestAddEvent::test_add_multiple_events PASSED [  6%]
tests/animation/test_clip.py::TestAddEvent::test_add_event_fired_starts_false PASSED [  6%]
tests/animation/test_clip.py::TestAddEvent::test_add_event_chaining PASSED [  6%]
tests/animation/test_clip.py::TestAddEvent::test_events_property_returns_list PASSED [  6%]
tests/animation/test_clip.py::TestAddEvent::test_events_with_constructor_events_param PASSED [  6%]
tests/animation/test_clip.py::TestRepr::test_repr_contains_name PASSED   [  6%]
tests/animation/test_clip.py::TestRepr::test_repr_contains_frame_count PASSED [  7%]
tests/animation/test_clip.py::TestRepr::test_repr_contains_fps PASSED    [  7%]
tests/animation/test_clip.py::TestRepr::test_repr_contains_loop PASSED   [  7%]
tests/animation/test_clip_asset.py::test_normalize_legacy_clip_builds_contiguous_frames PASSED [  7%]
tests/animation/test_clip_asset.py::test_zanim_round_trip_is_human_readable PASSED [  7%]
tests/animation/test_clip_asset.py::test_asset_to_clip_preserves_current_play_mode_contract PASSED [  7%]
tests/animation/test_clip_asset.py::test_animation_events_are_normalized_and_preserved_in_runtime_clip PASSED [  7%]
tests/architecture/test_canonical_assets_root.py::test_repository_has_only_canonical_root_assets_tree PASSED [  7%]
tests/architecture/test_canonical_assets_root.py::test_external_legacy_projects_remain_resolvable PASSED [  7%]
tests/architecture/test_component_registry_ownership.py::test_registry_bootstrapped_components_do_not_import_registry PASSED [  7%]
tests/architecture/test_component_registry_ownership.py::test_registry_owns_builtin_registration PASSED [  7%]
tests/architecture/test_critical_coverage_gate.py::test_ci_enforces_critical_boundary_coverage FAILED [  7%]
tests/architecture/test_editor_entrypoint_policy.py::test_phase1_is_the_only_public_editor_entrypoint PASSED [  7%]
tests/architecture/test_editor_entrypoint_policy.py::test_legacy_launchers_are_thin_redirects_without_qt_bootstraps PASSED [  7%]
tests/architecture/test_logic_graph_handler_budgets.py::test_registered_node_handlers_stay_below_sixty_lines PASSED [  7%]
tests/architecture/test_logic_graph_handler_budgets.py::test_runtime_orchestration_methods_stay_below_one_hundred_lines PASSED [  7%]
tests/architecture/test_no_circular_imports.py::test_production_import_graph_is_acyclic PASSED [  7%]
tests/assets/test_asset_database.py::test_scan_creates_assets_folder PASSED [  7%]
tests/assets/test_asset_database.py::test_scan_recognizes_types_and_creates_meta PASSED [  7%]
tests/assets/test_asset_database.py::test_meta_uuid_is_stable_across_refresh PASSED [  7%]
tests/assets/test_asset_database.py::test_list_assets_by_type_and_lookup PASSED [  7%]
tests/assets/test_asset_database.py::test_scan_ignores_meta_as_primary_asset PASSED [  7%]
tests/assets/test_asset_database.py::test_remove_missing_assets_deletes_orphan_meta PASSED [  8%]
tests/assets/test_asset_database.py::test_asset_paths_are_project_relative PASSED [  8%]
tests/assets/test_asset_database.py::test_zscene_uses_relative_asset_reference PASSED [  8%]
tests/assets/test_asset_importer.py::test_asset_importer_recognizes_supported_types PASSED [  8%]
tests/assets/test_asset_importer.py::test_asset_importer_unknown_type PASSED [  8%]
tests/assets/test_asset_path_resolver.py::test_resolver_canonicalizes_assets_root_spelling PASSED [  8%]
tests/assets/test_asset_path_resolver.py::test_database_scans_canonical_and_legacy_asset_roots PASSED [  8%]
tests/assets/test_asset_path_resolver.py::test_canonical_tree_wins_case_insensitive_path_collision PASSED [  8%]
tests/assets/test_asset_path_resolver.py::test_duplicate_guid_is_repaired_without_changing_first_asset PASSED [  8%]
tests/assets/test_asset_path_resolver.py::test_metadata_migrates_legacy_uuid_to_canonical_guid PASSED [  8%]
tests/behavior/test_behavior_controller_asset.py::test_round_trip_uses_zbehavior_extension PASSED [  8%]
tests/behavior/test_behavior_controller_asset.py::test_runtime_evaluates_priority_and_consumes_trigger PASSED [  8%]
tests/behavior/test_behavior_controller_asset.py::test_normalization_removes_invalid_states_and_transitions PASSED [  8%]
tests/behavior/test_behavior_controller_asset.py::test_validation_reports_missing_script PASSED [  8%]
tests/behavior/test_behavior_controller_asset.py::test_runner_calls_exit_before_enter_on_transition PASSED [  8%]
tests/behavior/test_behavior_controller_asset.py::test_repository_demo_is_complete PASSED [  8%]
tests/beta/test_beta_stabilization.py::test_beta_complete_project_flow_keeps_editor_world_intact PASSED [  8%]
tests/beta/test_beta_stabilization.py::test_beta_old_scene_and_prefab_formats_remain_compatible PASSED [  8%]
tests/beta/test_beta_stabilization.py::test_getting_started_example_scene_is_loadable PASSED [  8%]
tests/components/test_component_management.py::test_add_component_command_adds_component PASSED [  8%]
tests/components/test_component_management.py::test_remove_component_command_removes_component PASSED [  8%]
tests/components/test_component_management.py::test_undo_and_redo_add_component PASSED [  8%]
tests/components/test_component_management.py::test_undo_and_redo_remove_component_restores_same_instance_and_order PASSED [  9%]
tests/components/test_component_management.py::test_cannot_remove_transform PASSED [  9%]
tests/components/test_component_management.py::test_cannot_add_duplicate_unique_component PASSED [  9%]
tests/components/test_component_management.py::test_inspector_adds_and_removes_components_with_undo_redo PASSED [  9%]
tests/components/test_component_management.py::test_inspector_blocks_transform_removal PASSED [  9%]
tests/components/test_component_management.py::test_inspector_available_components_respects_unique_components PASSED [  9%]
tests/components/test_component_management.py::test_serialization_reflects_added_and_removed_components PASSED [  9%]
tests/components/test_component_management.py::test_prefab_serialization_keeps_component_changes PASSED [  9%]
tests/components/test_component_system.py::test_component_has_identity_type_enabled_and_serializes PASSED [  9%]
tests/components/test_component_system.py::test_component_registry_registers_and_creates_component PASSED [  9%]
tests/components/test_component_system.py::test_game_object_add_remove_find_components_and_prevent_unique_duplicates PASSED [  9%]
tests/components/test_component_system.py::test_game_object_transform_is_required PASSED [  9%]
tests/components/test_component_system.py::test_builtin_components_are_registered PASSED [  9%]
tests/components/test_component_system.py::test_component_serialization_round_trip PASSED [  9%]
tests/components/test_component_system.py::test_old_scene_component_format_still_loads PASSED [  9%]
tests/components/test_component_system.py::test_old_prefab_format_still_loads PASSED [  9%]
tests/components/test_component_system.py::test_prefab_serializes_component_items PASSED [  9%]
tests/components/test_component_system.py::test_inspector_lists_components_and_edits_with_undo_redo PASSED [  9%]
tests/components/test_inspector_plugin_system.py::test_inspector_plugin_registry_registers_and_resolves_plugin PASSED [  9%]
tests/components/test_inspector_plugin_system.py::test_default_plugins_resolve_builtin_components PASSED [  9%]
tests/components/test_inspector_plugin_system.py::test_inspector_hosts_plugins_for_multiple_components PASSED [  9%]
tests/components/test_inspector_plugin_system.py::test_inspector_handles_missing_plugin PASSED [  9%]
tests/components/test_inspector_plugin_system.py::test_plugin_edit_uses_undo_redo PASSED [ 10%]
tests/components/test_inspector_plugin_system.py::test_inspector_switches_selection_and_rebuilds_plugins PASSED [ 10%]
tests/components/test_inspector_plugin_system.py::test_new_component_and_plugin_appear_without_inspector_change PASSED [ 10%]
tests/components/test_inspector_plugin_system.py::test_inspector_dock_does_not_import_concrete_component_widgets PASSED [ 10%]
tests/core/test_application.py::TestSingleton::test_single_instance_allowed PASSED [ 10%]
tests/core/test_application.py::TestSingleton::test_second_instance_raises PASSED [ 10%]
tests/core/test_application.py::TestSingleton::test_current_returns_instance PASSED [ 10%]
tests/core/test_application.py::TestSingleton::test_current_raises_before_instantiation PASSED [ 10%]
tests/core/test_application.py::TestServiceLocator::test_register_and_get_by_exact_type PASSED [ 10%]
tests/core/test_application.py::TestServiceLocator::test_get_unknown_raises_key_error PASSED [ 10%]
tests/core/test_application.py::TestServiceLocator::test_register_as_and_get_by_interface PASSED [ 10%]
tests/core/test_application.py::TestServiceLocator::test_register_as_overrides_existing PASSED [ 10%]
tests/core/test_application.py::TestServiceLocator::test_has_returns_true_for_registered PASSED [ 10%]
tests/core/test_application.py::TestServiceLocator::test_has_returns_false_for_unregistered PASSED [ 10%]
tests/core/test_application.py::TestBuiltins::test_window_is_registered PASSED [ 10%]
tests/core/test_application.py::TestBuiltins::test_time_is_registered PASSED [ 10%]
tests/core/test_application.py::TestBuiltins::test_event_bus_is_registered PASSED [ 10%]
tests/core/test_application.py::TestBuiltins::test_scene_manager_is_registered PASSED [ 10%]
tests/core/test_application.py::TestBuiltins::test_engine_is_registered PASSED [ 10%]
tests/core/test_application.py::TestBuiltins::test_input_is_registered PASSED [ 10%]
tests/core/test_application.py::TestBuiltins::test_get_time_returns_time_instance PASSED [ 10%]
tests/core/test_application.py::TestBuiltins::test_get_event_bus_returns_event_bus_instance PASSED [ 10%]
tests/core/test_application.py::TestRepr::test_repr_contains_application PASSED [ 11%]
tests/core/test_application.py::TestRepr::test_repr_contains_service_count PASSED [ 11%]
tests/core/test_application.py::TestRepr::test_repr_contains_scene_none_when_no_scene PASSED [ 11%]
tests/core/test_application.py::TestConvenienceProperties::test_screen_property_is_not_none PASSED [ 11%]
tests/core/test_application.py::TestConvenienceProperties::test_current_scene_is_none_before_run PASSED [ 11%]
tests/core/test_component.py::TestComponentInit::test_game_object_none_by_default PASSED [ 11%]
tests/core/test_component.py::TestComponentInit::test_started_false_by_default PASSED [ 11%]
tests/core/test_component.py::TestComponentInit::test_repr_detached PASSED [ 11%]
tests/core/test_component.py::TestComponentInit::test_repr_with_game_object PASSED [ 11%]
tests/core/test_component.py::TestComponentInit::test_repr_shows_started_state PASSED [ 11%]
tests/core/test_component.py::TestComponentLifecycle::test_start_is_noop_by_default PASSED [ 11%]
tests/core/test_component.py::TestComponentLifecycle::test_update_is_noop_by_default PASSED [ 11%]
tests/core/test_component.py::TestComponentLifecycle::test_draw_is_noop_by_default PASSED [ 11%]
tests/core/test_component.py::TestComponentLifecycle::test_destroy_is_noop_by_default PASSED [ 11%]
tests/core/test_component.py::TestComponentLifecycle::test_subclass_can_override_start PASSED [ 11%]
tests/core/test_component.py::TestComponentLifecycle::test_subclass_update_receives_dt PASSED [ 11%]
tests/core/test_component.py::TestComponentProperties::test_transform_property_returns_go_transform PASSED [ 11%]
tests/core/test_component.py::TestComponentProperties::test_transform_property_raises_when_detached PASSED [ 11%]
tests/core/test_component.py::TestComponentProperties::test_scene_property_returns_none_when_detached PASSED [ 11%]
tests/core/test_component.py::TestComponentProperties::test_scene_property_delegates_to_game_object PASSED [ 11%]
tests/core/test_component.py::TestTransformInit::test_default_position_zero PASSED [ 11%]
tests/core/test_component.py::TestTransformInit::test_default_rotation_zero PASSED [ 11%]
tests/core/test_component.py::TestTransformInit::test_default_scale_one PASSED [ 12%]
tests/core/test_component.py::TestTransformInit::test_custom_init_values PASSED [ 12%]
tests/core/test_component.py::TestTransformInit::test_position_array_dtype_float32 PASSED [ 12%]
tests/core/test_component.py::TestTransformInit::test_rotation_array_dtype_float32 PASSED [ 12%]
tests/core/test_component.py::TestTransformInit::test_scale_array_dtype_float32 PASSED [ 12%]
tests/core/test_component.py::TestTransformSetters::test_set_x PASSED    [ 12%]
tests/core/test_component.py::TestTransformSetters::test_set_y PASSED    [ 12%]
tests/core/test_component.py::TestTransformSetters::test_set_z PASSED    [ 12%]
tests/core/test_component.py::TestTransformSetters::test_set_rx PASSED   [ 12%]
tests/core/test_component.py::TestTransformSetters::test_set_ry PASSED   [ 12%]
tests/core/test_component.py::TestTransformSetters::test_set_rz PASSED   [ 12%]
tests/core/test_component.py::TestTransformSetters::test_set_sx PASSED   [ 12%]
tests/core/test_component.py::TestTransformSetters::test_set_sy PASSED   [ 12%]
tests/core/test_component.py::TestTransformSetters::test_set_sz PASSED   [ 12%]
tests/core/test_component.py::TestTransformSetters::test_set_position_array PASSED [ 12%]
tests/core/test_component.py::TestTransformSetters::test_set_rotation_array PASSED [ 12%]
tests/core/test_component.py::TestTransformSetters::test_set_scale_array PASSED [ 12%]
tests/core/test_component.py::TestTransformTranslate::test_translate_xy PASSED [ 12%]
tests/core/test_component.py::TestTransformTranslate::test_translate_z_default_zero PASSED [ 12%]
tests/core/test_component.py::TestTransformTranslate::test_translate_z_explicit PASSED [ 12%]
tests/core/test_component.py::TestTransformTranslate::test_translate_accumulates PASSED [ 12%]
tests/core/test_component.py::TestTransformTranslate::test_translate_negative PASSED [ 12%]
tests/core/test_component.py::TestTransformRotate::test_rotate_rz PASSED [ 13%]
tests/core/test_component.py::TestTransformRotate::test_rotate_accumulates PASSED [ 13%]
tests/core/test_component.py::TestTransformRotate::test_rotate_all_axes PASSED [ 13%]
tests/core/test_component.py::TestTransformModelMatrix::test_get_model_matrix_returns_4x4 PASSED [ 13%]
tests/core/test_component.py::TestTransformModelMatrix::test_get_model_matrix_identity_at_origin PASSED [ 13%]
tests/core/test_component.py::TestTransformModelMatrix::test_world_position_alias PASSED [ 13%]
tests/core/test_component.py::TestTransformModelMatrix::test_world_rotation_no_parent PASSED [ 13%]
tests/core/test_component.py::TestTransformModelMatrix::test_world_rotation_with_parent PASSED [ 13%]
tests/core/test_component.py::TestTransformRepr::test_repr_detached PASSED [ 13%]
tests/core/test_component.py::TestTransformRepr::test_repr_with_game_object PASSED [ 13%]
tests/core/test_component.py::TestTransformRepr::test_repr_shows_position PASSED [ 13%]
tests/core/test_component.py::TestTransformRepr::test_repr_shows_rotation PASSED [ 13%]
tests/core/test_event_bus.py::TestSubscribe::test_subscribe_adds_listener PASSED [ 13%]
tests/core/test_event_bus.py::TestSubscribe::test_subscribe_duplicate_ignored PASSED [ 13%]
tests/core/test_event_bus.py::TestSubscribe::test_subscribe_multiple_listeners PASSED [ 13%]
tests/core/test_event_bus.py::TestSubscribe::test_subscribe_different_events_independent PASSED [ 13%]
tests/core/test_event_bus.py::TestSubscribe::test_has_listeners_true_after_subscribe PASSED [ 13%]
tests/core/test_event_bus.py::TestSubscribe::test_has_listeners_false_for_unknown_event PASSED [ 13%]
tests/core/test_event_bus.py::TestUnsubscribe::test_unsubscribe_removes_listener PASSED [ 13%]
tests/core/test_event_bus.py::TestUnsubscribe::test_unsubscribe_nonexistent_no_error PASSED [ 13%]
tests/core/test_event_bus.py::TestUnsubscribe::test_unsubscribe_unknown_event_no_error PASSED [ 13%]
tests/core/test_event_bus.py::TestUnsubscribe::test_unsubscribe_one_of_many PASSED [ 13%]
tests/core/test_event_bus.py::TestUnsubscribe::test_unsubscribe_does_not_affect_other_events PASSED [ 14%]
tests/core/test_event_bus.py::TestEmit::test_emit_calls_listener PASSED  [ 14%]
tests/core/test_event_bus.py::TestEmit::test_emit_passes_kwargs PASSED   [ 14%]
tests/core/test_event_bus.py::TestEmit::test_emit_calls_all_listeners PASSED [ 14%]
tests/core/test_event_bus.py::TestEmit::test_emit_unknown_event_no_error PASSED [ 14%]
tests/core/test_event_bus.py::TestEmit::test_emit_exception_in_listener_does_not_stop_others PASSED [ 14%]
tests/core/test_event_bus.py::TestEmit::test_emit_multiple_times PASSED  [ 14%]
tests/core/test_event_bus.py::TestEmit::test_emit_does_not_affect_other_events PASSED [ 14%]
tests/core/test_event_bus.py::TestOnce::test_once_called_on_first_emit PASSED [ 14%]
tests/core/test_event_bus.py::TestOnce::test_once_not_called_on_second_emit PASSED [ 14%]
tests/core/test_event_bus.py::TestOnce::test_once_removed_after_call PASSED [ 14%]
tests/core/test_event_bus.py::TestOnce::test_once_receives_kwargs PASSED [ 14%]
tests/core/test_event_bus.py::TestOnce::test_once_and_regular_together PASSED [ 14%]
tests/core/test_event_bus.py::TestOnce::test_once_unsubscribe_before_emit PASSED [ 14%]
tests/core/test_event_bus.py::TestEmitDeferred::test_emit_deferred_does_not_call_immediately PASSED [ 14%]
tests/core/test_event_bus.py::TestEmitDeferred::test_emit_deferred_increments_pending_count PASSED [ 14%]
tests/core/test_event_bus.py::TestEmitDeferred::test_emit_deferred_multiple_increments_count PASSED [ 14%]
tests/core/test_event_bus.py::TestEmitDeferred::test_flush_dispatches_deferred PASSED [ 14%]
tests/core/test_event_bus.py::TestEmitDeferred::test_flush_clears_queue PASSED [ 14%]
tests/core/test_event_bus.py::TestEmitDeferred::test_flush_dispatches_in_order PASSED [ 14%]
tests/core/test_event_bus.py::TestEmitDeferred::test_flush_empty_queue_no_error PASSED [ 14%]
tests/core/test_event_bus.py::TestEmitDeferred::test_flush_does_not_double_dispatch PASSED [ 14%]
tests/core/test_event_bus.py::TestClear::test_clear_event_removes_listeners PASSED [ 15%]
tests/core/test_event_bus.py::TestClear::test_clear_event_does_not_affect_others PASSED [ 15%]
tests/core/test_event_bus.py::TestClear::test_clear_all_removes_everything PASSED [ 15%]
tests/core/test_event_bus.py::TestClear::test_clear_unknown_event_no_error PASSED [ 15%]
tests/core/test_event_bus.py::TestClear::test_clear_also_removes_once_listeners PASSED [ 15%]
tests/core/test_event_bus.py::TestInspection::test_listener_count_zero_for_new_event PASSED [ 15%]
tests/core/test_event_bus.py::TestInspection::test_listener_count_correct_after_subscribe PASSED [ 15%]
tests/core/test_event_bus.py::TestInspection::test_pending_count_zero_initially PASSED [ 15%]
tests/core/test_event_bus.py::TestInspection::test_pending_count_after_emit_deferred PASSED [ 15%]
tests/core/test_event_bus.py::TestInstanceAlias::test_publish_calls_listener PASSED [ 15%]
tests/core/test_event_bus.py::TestInstanceAlias::test_has_subscribers_true PASSED [ 15%]
tests/core/test_event_bus.py::TestInstanceAlias::test_has_subscribers_false PASSED [ 15%]
tests/core/test_event_bus.py::TestInstanceAlias::test_subscribers_count PASSED [ 15%]
tests/core/test_event_bus.py::TestInstanceAlias::test_unsubscribe_all_clears_event PASSED [ 15%]
tests/core/test_event_bus.py::TestEdgeCases::test_listener_subscribes_during_emit PASSED [ 15%]
tests/core/test_event_bus.py::TestEdgeCases::test_listener_unsubscribes_self_during_emit PASSED [ 15%]
tests/core/test_event_bus.py::TestEdgeCases::test_emit_with_no_kwargs PASSED [ 15%]
tests/core/test_event_bus.py::TestEdgeCases::test_multiple_deferred_same_event PASSED [ 15%]
tests/core/test_game_object.py::TestIdentity::test_default_name PASSED   [ 15%]
tests/core/test_game_object.py::TestIdentity::test_custom_name PASSED    [ 15%]
tests/core/test_game_object.py::TestIdentity::test_default_tag PASSED    [ 15%]
tests/core/test_game_object.py::TestIdentity::test_custom_tag PASSED     [ 15%]
tests/core/test_game_object.py::TestIdentity::test_id_is_uuid4_format PASSED [ 16%]
tests/core/test_game_object.py::TestIdentity::test_ids_are_unique PASSED [ 16%]
tests/core/test_game_object.py::TestIdentity::test_short_id_is_8_chars PASSED [ 16%]
tests/core/test_game_object.py::TestIdentity::test_short_id_is_prefix_of_id PASSED [ 16%]
tests/core/test_game_object.py::TestIdentity::test_active_default_true PASSED [ 16%]
tests/core/test_game_object.py::TestIdentity::test_repr_contains_name PASSED [ 16%]
tests/core/test_game_object.py::TestIdentity::test_repr_contains_short_id PASSED [ 16%]
tests/core/test_game_object.py::TestIdentity::test_repr_no_tag_for_untagged PASSED [ 16%]
tests/core/test_game_object.py::TestIdentity::test_repr_has_tag_when_set PASSED [ 16%]
tests/core/test_game_object.py::TestTransform::test_has_transform_on_init PASSED [ 16%]
tests/core/test_game_object.py::TestTransform::test_transform_is_in_components PASSED [ 16%]
tests/core/test_game_object.py::TestTransform::test_transform_game_object_set PASSED [ 16%]
tests/core/test_game_object.py::TestTransform::test_transform_default_position PASSED [ 16%]
tests/core/test_game_object.py::TestAddComponent::test_add_component_sets_game_object PASSED [ 16%]
tests/core/test_game_object.py::TestAddComponent::test_add_component_appends_to_list PASSED [ 16%]
tests/core/test_game_object.py::TestAddComponent::test_add_component_returns_component PASSED [ 16%]
tests/core/test_game_object.py::TestAddComponent::test_add_component_calls_start_when_scene_set PASSED [ 16%]
tests/core/test_game_object.py::TestAddComponent::test_add_component_no_start_without_scene PASSED [ 16%]
tests/core/test_game_object.py::TestAddComponent::test_add_multiple_components PASSED [ 16%]
tests/core/test_game_object.py::TestGetComponent::test_get_component_returns_matching PASSED [ 16%]
tests/core/test_game_object.py::TestGetComponent::test_get_component_returns_none_when_missing PASSED [ 16%]
tests/core/test_game_object.py::TestGetComponent::test_get_component_returns_first_match PASSED [ 16%]
tests/core/test_game_object.py::TestGetComponent::test_get_components_returns_all PASSED [ 17%]
tests/core/test_game_object.py::TestGetComponent::test_get_component_uses_isinstance PASSED [ 17%]
tests/core/test_game_object.py::TestRemoveComponent::test_remove_component_removes_from_list PASSED [ 17%]
tests/core/test_game_object.py::TestRemoveComponent::test_remove_component_calls_destroy PASSED [ 17%]
tests/core/test_game_object.py::TestRemoveComponent::test_remove_component_detaches_game_object PASSED [ 17%]
tests/core/test_game_object.py::TestRemoveComponent::test_remove_nonexistent_component_no_error PASSED [ 17%]
tests/core/test_game_object.py::TestHierarchy::test_add_child_sets_parent PASSED [ 17%]
tests/core/test_game_object.py::TestHierarchy::test_add_child_appends_to_children PASSED [ 17%]
tests/core/test_game_object.py::TestHierarchy::test_add_child_returns_child PASSED [ 17%]
tests/core/test_game_object.py::TestHierarchy::test_add_child_reparents_from_previous PASSED [ 17%]
tests/core/test_game_object.py::TestHierarchy::test_remove_child_clears_parent PASSED [ 17%]
tests/core/test_game_object.py::TestHierarchy::test_remove_child_removes_from_list PASSED [ 17%]
tests/core/test_game_object.py::TestHierarchy::test_remove_child_propagates_scene_none PASSED [ 17%]
tests/core/test_game_object.py::TestHierarchy::test_add_child_propagates_scene PASSED [ 17%]
tests/core/test_game_object.py::TestUpdate::test_update_calls_component_update PASSED [ 17%]
tests/core/test_game_object.py::TestUpdate::test_update_propagates_to_children PASSED [ 17%]
tests/core/test_game_object.py::TestUpdate::test_update_skipped_when_inactive PASSED [ 17%]
tests/core/test_game_object.py::TestUpdate::test_update_does_not_propagate_to_inactive_children PASSED [ 17%]
tests/core/test_game_object.py::TestDraw::test_draw_calls_component_draw PASSED [ 17%]
tests/core/test_game_object.py::TestDraw::test_draw_propagates_to_children PASSED [ 17%]
tests/core/test_game_object.py::TestDraw::test_draw_skipped_when_inactive PASSED [ 17%]
tests/core/test_game_object.py::TestDestroy::test_destroy_sets_inactive PASSED [ 17%]
tests/core/test_game_object.py::TestDestroy::test_destroy_calls_component_destroy PASSED [ 18%]
tests/core/test_game_object.py::TestDestroy::test_destroy_clears_components PASSED [ 18%]
tests/core/test_game_object.py::TestDestroy::test_destroy_propagates_to_children PASSED [ 18%]
tests/core/test_game_object.py::TestDestroy::test_destroy_removes_from_parent PASSED [ 18%]
tests/core/test_game_object.py::TestDestroy::test_destroy_clears_parent_ref PASSED [ 18%]
tests/core/test_game_object.py::TestDestroy::test_destroy_sets_scene_none PASSED [ 18%]
tests/core/test_game_object.py::TestDestroy::test_destroy_idempotent PASSED [ 18%]
tests/core/test_game_object.py::TestScenePropagation::test_scene_setter_calls_start_on_unstarted_components PASSED [ 18%]
tests/core/test_game_object.py::TestScenePropagation::test_scene_setter_does_not_restart_started_component PASSED [ 18%]
tests/core/test_game_object.py::TestScenePropagation::test_scene_propagates_to_children PASSED [ 18%]
tests/core/test_game_object.py::TestScenePropagation::test_scene_none_propagates_to_children PASSED [ 18%]
tests/core/test_input.py::TestGetKey::test_held_key_returns_true PASSED  [ 18%]
tests/core/test_input.py::TestGetKey::test_not_held_returns_false PASSED [ 18%]
tests/core/test_input.py::TestGetKey::test_empty_state_returns_false PASSED [ 18%]
tests/core/test_input.py::TestGetKey::test_invalid_key_returns_false PASSED [ 18%]
tests/core/test_input.py::TestGetKeyDown::test_key_down_only_on_first_frame PASSED [ 18%]
tests/core/test_input.py::TestGetKeyDown::test_key_down_false_when_held PASSED [ 18%]
tests/core/test_input.py::TestGetKeyDown::test_key_down_false_when_not_pressed PASSED [ 18%]
tests/core/test_input.py::TestGetKeyDown::test_key_down_empty_state_safe PASSED [ 18%]
tests/core/test_input.py::TestGetKeyUp::test_key_up_on_release_frame PASSED [ 18%]
tests/core/test_input.py::TestGetKeyUp::test_key_up_false_while_held PASSED [ 18%]
tests/core/test_input.py::TestGetKeyUp::test_key_up_false_when_never_pressed PASSED [ 18%]
tests/core/test_input.py::TestMousePosition::test_get_mouse_position PASSED [ 19%]
tests/core/test_input.py::TestMousePosition::test_get_mouse_rel PASSED   [ 19%]
tests/core/test_input.py::TestMouseButton::test_button_held_returns_true PASSED [ 19%]
tests/core/test_input.py::TestMouseButton::test_button_not_held_returns_false PASSED [ 19%]
tests/core/test_input.py::TestMouseButton::test_button_invalid_index_safe PASSED [ 19%]
tests/core/test_input.py::TestMouseButton::test_button_down_first_frame PASSED [ 19%]
tests/core/test_input.py::TestMouseButton::test_button_down_false_when_held PASSED [ 19%]
tests/core/test_input.py::TestMouseButton::test_button_up_on_release PASSED [ 19%]
tests/core/test_input.py::TestMouseButton::test_button_up_false_while_held PASSED [ 19%]
tests/core/test_input.py::TestMouseButton::test_right_button PASSED      [ 19%]
tests/core/test_input.py::TestAxes::test_horizontal_left_arrow PASSED    [ 19%]
tests/core/test_input.py::TestAxes::test_horizontal_right_arrow PASSED   [ 19%]
tests/core/test_input.py::TestAxes::test_horizontal_a_key PASSED         [ 19%]
tests/core/test_input.py::TestAxes::test_horizontal_d_key PASSED         [ 19%]
tests/core/test_input.py::TestAxes::test_horizontal_neutral PASSED       [ 19%]
tests/core/test_input.py::TestAxes::test_horizontal_both_cancel PASSED   [ 19%]
tests/core/test_input.py::TestAxes::test_vertical_up_arrow PASSED        [ 19%]
tests/core/test_input.py::TestAxes::test_vertical_down_arrow PASSED      [ 19%]
tests/core/test_input.py::TestAxes::test_vertical_w_key PASSED           [ 19%]
tests/core/test_input.py::TestAxes::test_vertical_s_key PASSED           [ 19%]
tests/core/test_input.py::TestAxes::test_vertical_neutral PASSED         [ 19%]
tests/core/test_input.py::TestAxes::test_vertical_both_cancel PASSED     [ 19%]
tests/core/test_input.py::TestUpdate::test_update_rotates_key_state PASSED [ 20%]
tests/core/test_scene.py::TestSceneInit::test_default_name PASSED        [ 20%]
tests/core/test_scene.py::TestSceneInit::test_custom_name PASSED         [ 20%]
tests/core/test_scene.py::TestSceneInit::test_game_objects_empty PASSED  [ 20%]
tests/core/test_scene.py::TestSceneInit::test_engine_none PASSED         [ 20%]
tests/core/test_scene.py::TestSceneInit::test_repr_contains_name PASSED  [ 20%]
tests/core/test_scene.py::TestSceneInit::test_repr_contains_count PASSED [ 20%]
tests/core/test_scene.py::TestAddGameObject::test_add_appends_go PASSED  [ 20%]
tests/core/test_scene.py::TestAddGameObject::test_add_returns_go PASSED  [ 20%]
tests/core/test_scene.py::TestAddGameObject::test_add_sets_scene_on_go PASSED [ 20%]
tests/core/test_scene.py::TestAddGameObject::test_add_duplicate_ignored PASSED [ 20%]
tests/core/test_scene.py::TestAddGameObject::test_add_multiple PASSED    [ 20%]
tests/core/test_scene.py::TestAddGameObject::test_add_triggers_component_start PASSED [ 20%]
tests/core/test_scene.py::TestRemoveGameObject::test_remove_takes_go_out_of_list PASSED [ 20%]
tests/core/test_scene.py::TestRemoveGameObject::test_remove_sets_scene_none_on_go PASSED [ 20%]
tests/core/test_scene.py::TestRemoveGameObject::test_remove_nonexistent_no_error PASSED [ 20%]
tests/core/test_scene.py::TestRemoveGameObject::test_remove_one_of_many PASSED [ 20%]
tests/core/test_scene.py::TestFind::test_find_by_name_returns_go PASSED  [ 20%]
tests/core/test_scene.py::TestFind::test_find_missing_returns_none PASSED [ 20%]
tests/core/test_scene.py::TestFind::test_find_returns_first_match PASSED [ 20%]
tests/core/test_scene.py::TestFind::test_find_by_tag_returns_all PASSED  [ 20%]
tests/core/test_scene.py::TestFind::test_find_by_tag_empty PASSED        [ 20%]
tests/core/test_scene.py::TestFind::test_find_by_id_full_uuid PASSED     [ 21%]
tests/core/test_scene.py::TestFind::test_find_by_id_short PASSED         [ 21%]
tests/core/test_scene.py::TestFind::test_find_by_id_missing_returns_none PASSED [ 21%]
tests/core/test_scene.py::TestUpdate::test_update_propagates_to_all_gos PASSED [ 21%]
tests/core/test_scene.py::TestUpdate::test_update_skips_inactive_go PASSED [ 21%]
tests/core/test_scene.py::TestUpdate::test_update_safe_when_go_removed_during_iteration PASSED [ 21%]
tests/core/test_scene.py::TestUpdate::test_update_empty_scene_no_error PASSED [ 21%]
tests/core/test_scene.py::TestDraw::test_draw_propagates_to_all_gos PASSED [ 21%]
tests/core/test_scene.py::TestDraw::test_draw_skips_inactive_go PASSED   [ 21%]
tests/core/test_scene.py::TestDraw::test_draw_empty_scene_no_error PASSED [ 21%]
tests/core/test_scene.py::TestLifecycleHooks::test_start_is_noop_by_default PASSED [ 21%]
tests/core/test_scene.py::TestLifecycleHooks::test_on_exit_is_noop_by_default PASSED [ 21%]
tests/core/test_scene.py::TestLifecycleHooks::test_handle_event_is_noop_by_default PASSED [ 21%]
tests/core/test_scene.py::TestLifecycleHooks::test_subclass_can_override_start PASSED [ 21%]
tests/core/test_scene.py::TestLifecycleHooks::test_subclass_update_calls_super PASSED [ 21%]
tests/core/test_scene.py::TestLifecycleHooks::test_subclass_draw_calls_super PASSED [ 21%]
tests/core/test_scene.py::TestEngineRef::test_engine_can_be_set PASSED   [ 21%]
tests/core/test_scene.py::TestEngineRef::test_engine_default_none PASSED [ 21%]
tests/core/test_scene_manager.py::TestSingleton::test_instance_is_same_object PASSED [ 21%]
tests/core/test_scene_manager.py::TestSingleton::test_reset_creates_new_instance PASSED [ 21%]
tests/core/test_scene_manager.py::TestSingleton::test_initial_state_empty_stack PASSED [ 21%]
tests/core/test_scene_manager.py::TestSingleton::test_initial_current_is_none PASSED [ 21%]
tests/core/test_scene_manager.py::TestSingleton::test_not_transitioning_by_default PASSED [ 22%]
tests/core/test_scene_manager.py::TestBind::test_bind_sets_engine_ref PASSED [ 22%]
tests/core/test_scene_manager.py::TestBind::test_bind_patches_change_scene PASSED [ 22%]
tests/core/test_scene_manager.py::TestLoad::test_load_sets_current PASSED [ 22%]
tests/core/test_scene_manager.py::TestLoad::test_load_calls_start PASSED [ 22%]
tests/core/test_scene_manager.py::TestLoad::test_load_clears_previous_stack PASSED [ 22%]
tests/core/test_scene_manager.py::TestLoad::test_load_resets_ui PASSED   [ 22%]
tests/core/test_scene_manager.py::TestLoad::test_load_stops_audio PASSED [ 22%]
tests/core/test_scene_manager.py::TestLoad::test_load_sets_engine_on_scene PASSED [ 22%]
tests/core/test_scene_manager.py::TestLoad::test_load_with_transition_starts_transition PASSED [ 22%]
tests/core/test_scene_manager.py::TestLoad::test_load_with_transition_defers_start PASSED [ 22%]
tests/core/test_scene_manager.py::TestPush::test_push_increases_depth PASSED [ 22%]
tests/core/test_scene_manager.py::TestPush::test_push_current_is_new PASSED [ 22%]
tests/core/test_scene_manager.py::TestPush::test_push_calls_start_on_new PASSED [ 22%]
tests/core/test_scene_manager.py::TestPush::test_push_preserves_previous_scene PASSED [ 22%]
tests/core/test_scene_manager.py::TestPush::test_push_with_transition PASSED [ 22%]
tests/core/test_scene_manager.py::TestPop::test_pop_reduces_depth PASSED [ 22%]
tests/core/test_scene_manager.py::TestPop::test_pop_restores_previous_current PASSED [ 22%]
tests/core/test_scene_manager.py::TestPop::test_pop_single_scene_no_effect PASSED [ 22%]
tests/core/test_scene_manager.py::TestPop::test_pop_empty_stack_no_error PASSED [ 22%]
tests/core/test_scene_manager.py::TestPop::test_pop_with_transition PASSED [ 22%]
tests/core/test_scene_manager.py::TestPop::test_pop_resets_ui PASSED     [ 22%]
tests/core/test_scene_manager.py::TestUpdate::test_update_delegates_to_current PASSED [ 23%]
tests/core/test_scene_manager.py::TestUpdate::test_update_empty_stack_no_error PASSED [ 23%]
tests/core/test_scene_manager.py::TestUpdate::test_update_during_out_phase_does_not_update_scene PASSED [ 23%]
tests/core/test_scene_manager.py::TestUpdate::test_update_during_in_phase_updates_scene PASSED [ 23%]
tests/core/test_scene_manager.py::TestUpdate::test_update_clears_transition_when_done PASSED [ 23%]
tests/core/test_scene_manager.py::TestUpdate::test_update_fires_on_transition_end_callback PASSED [ 23%]
tests/core/test_scene_manager.py::TestUpdate::test_update_executes_swap_when_should_swap PASSED [ 23%]
tests/core/test_scene_manager.py::TestDraw::test_draw_delegates_to_current PASSED [ 23%]
tests/core/test_scene_manager.py::TestDraw::test_draw_empty_stack_no_error PASSED [ 23%]
tests/core/test_scene_manager.py::TestDraw::test_draw_out_phase_uses_transition_draw PASSED [ 23%]
tests/core/test_scene_manager.py::TestDraw::test_draw_in_phase_uses_transition_draw PASSED [ 23%]
tests/core/test_scene_manager.py::TestHandleEvent::test_handle_event_delegates_to_current PASSED [ 23%]
tests/core/test_scene_manager.py::TestHandleEvent::test_handle_event_blocked_during_transition PASSED [ 23%]
tests/core/test_scene_manager.py::TestHandleEvent::test_handle_event_empty_stack_no_error PASSED [ 23%]
tests/core/test_scene_manager.py::TestCallbacks::test_on_transition_start_fires_on_load PASSED [ 23%]
tests/core/test_scene_manager.py::TestCallbacks::test_on_transition_end_fires_when_done PASSED [ 23%]
tests/core/test_scene_manager.py::TestRepr::test_repr_contains_depth PASSED [ 23%]
tests/core/test_scene_manager.py::TestRepr::test_repr_shows_not_transitioning PASSED [ 23%]
tests/core/test_scene_manager.py::TestRepr::test_repr_empty_stack PASSED [ 23%]
tests/core/test_time.py::TestDefaults::test_frame_zero PASSED            [ 23%]
tests/core/test_time.py::TestDefaults::test_elapsed_zero PASSED          [ 23%]
tests/core/test_time.py::TestDefaults::test_scale_one PASSED             [ 23%]
tests/core/test_time.py::TestDefaults::test_paused_false PASSED          [ 24%]
tests/core/test_time.py::TestDefaults::test_delta_zero PASSED            [ 24%]
tests/core/test_time.py::TestDefaults::test_fps_target_set PASSED        [ 24%]
tests/core/test_time.py::TestTick::test_tick_increments_frame PASSED     [ 24%]
tests/core/test_time.py::TestTick::test_tick_multiple_frames PASSED      [ 24%]
tests/core/test_time.py::TestTick::test_tick_sets_delta PASSED           [ 24%]
tests/core/test_time.py::TestTick::test_tick_sets_raw_delta PASSED       [ 24%]
tests/core/test_time.py::TestTick::test_tick_returns_delta PASSED        [ 24%]
tests/core/test_time.py::TestTick::test_tick_sets_scaled_delta_normal PASSED [ 24%]
tests/core/test_time.py::TestTick::test_tick_updates_fps_actual PASSED   [ 24%]
tests/core/test_time.py::TestDtCap::test_delta_capped PASSED             [ 24%]
tests/core/test_time.py::TestDtCap::test_raw_delta_not_capped PASSED     [ 24%]
tests/core/test_time.py::TestDtCap::test_delta_within_cap_unchanged PASSED [ 24%]
tests/core/test_time.py::TestScale::test_scaled_delta_with_half_speed PASSED [ 24%]
tests/core/test_time.py::TestScale::test_scaled_delta_with_double_speed PASSED [ 24%]
tests/core/test_time.py::TestScale::test_scale_zero_stops_scaled_delta PASSED [ 24%]
tests/core/test_time.py::TestScale::test_delta_not_affected_by_scale PASSED [ 24%]
tests/core/test_time.py::TestScale::test_scale_change_mid_run PASSED     [ 24%]
tests/core/test_time.py::TestPaused::test_paused_sets_scaled_delta_to_zero PASSED [ 24%]
tests/core/test_time.py::TestPaused::test_paused_does_not_accumulate_elapsed PASSED [ 24%]
tests/core/test_time.py::TestPaused::test_paused_does_not_affect_delta PASSED [ 24%]
tests/core/test_time.py::TestPaused::test_unpause_resumes_elapsed PASSED [ 24%]
tests/core/test_time.py::TestPaused::test_paused_still_increments_frame PASSED [ 25%]
tests/core/test_time.py::TestElapsed::test_elapsed_accumulates_scaled_delta PASSED [ 25%]
tests/core/test_time.py::TestElapsed::test_elapsed_uses_scale PASSED     [ 25%]
tests/core/test_time.py::TestElapsed::test_elapsed_not_accumulated_when_paused PASSED [ 25%]
tests/core/test_time.py::TestElapsed::test_elapsed_increases_monotonically PASSED [ 25%]
tests/core/test_time.py::TestSlowMo::test_slow_motion_half_speed PASSED  [ 25%]
tests/core/test_time.py::TestSlowMo::test_fast_forward_double_speed PASSED [ 25%]
tests/core/test_time.py::TestSlowMo::test_scale_ten_x PASSED             [ 25%]
tests/core/test_time.py::TestAliases::test_fps_property_alias PASSED     [ 25%]
tests/core/test_time.py::TestAliases::test_dt_property_alias PASSED      [ 25%]
tests/core/test_time.py::TestAliases::test_fps_target_default PASSED     [ 25%]
tests/core/test_time.py::TestCurrent::test_current_returns_instance PASSED [ 25%]
tests/core/test_time.py::TestCurrent::test_current_raises_before_init PASSED [ 25%]
tests/core/test_time.py::TestCurrent::test_new_instance_replaces_current PASSED [ 25%]
tests/core/test_time.py::TestRepr::test_repr_contains_frame PASSED       [ 25%]
tests/core/test_time.py::TestRepr::test_repr_contains_scale PASSED       [ 25%]
tests/core/test_time.py::TestRepr::test_repr_contains_paused PASSED      [ 25%]
tests/core/test_time.py::TestRepr::test_repr_contains_elapsed PASSED     [ 25%]
tests/core/test_transform.py::TestTransformSetters::test_x_setter PASSED [ 25%]
tests/core/test_transform.py::TestTransformSetters::test_y_setter PASSED [ 25%]
tests/core/test_transform.py::TestTransformSetters::test_z_setter PASSED [ 25%]
tests/core/test_transform.py::TestTransformSetters::test_rz_setter PASSED [ 25%]
tests/core/test_transform.py::TestTransformSetters::test_sx_setter PASSED [ 26%]
tests/core/test_transform.py::TestTransformSetters::test_sy_setter PASSED [ 26%]
tests/core/test_transform.py::TestTransformSetters::test_position_setter_array PASSED [ 26%]
tests/core/test_transform.py::TestTransformSetters::test_scale_setter_array PASSED [ 26%]
tests/core/test_transform.py::TestTransformSetters::test_rotation_setter_array PASSED [ 26%]
tests/core/test_transform.py::TestTransformMethods::test_translate_3d PASSED [ 26%]
tests/core/test_transform.py::TestTransformMethods::test_translate_default_dz_zero PASSED [ 26%]
tests/core/test_transform.py::TestTransformMethods::test_rotate_accumulates PASSED [ 26%]
tests/core/test_transform.py::TestTransformMethods::test_rotate_all_axes PASSED [ 26%]
tests/core/test_transform.py::TestTransformMethods::test_scale_default_is_one PASSED [ 26%]
tests/core/test_transform.py::TestTransformMethods::test_world_position_no_parent PASSED [ 26%]
tests/core/test_transform.py::TestTransformMethods::test_get_world_position_alias PASSED [ 26%]
tests/core/test_transform.py::TestTransformRepr::test_repr_contains_pos PASSED [ 26%]
tests/core/test_transform.py::TestTransformRepr::test_repr_contains_rot PASSED [ 26%]
tests/core/test_transform.py::TestTransformRepr::test_repr_detached_label PASSED [ 26%]
tests/core/test_transform.py::TestTransformRepr::test_repr_attached_label PASSED [ 26%]
tests/core/test_transform.py::TestComponentLifecycle::test_subclass_start_called PASSED [ 26%]
tests/core/test_transform.py::TestComponentLifecycle::test_subclass_update_called PASSED [ 26%]
tests/core/test_transform.py::TestComponentLifecycle::test_transform_property_returns_go_transform PASSED [ 26%]
tests/core/test_transform.py::TestComponentLifecycle::test_transform_property_raises_when_detached PASSED [ 26%]
tests/core/test_transform.py::TestComponentLifecycle::test_scene_property_none_when_not_in_scene PASSED [ 26%]
tests/core/test_transform.py::TestComponentLifecycle::test_component_repr_attached PASSED [ 26%]
tests/core/test_transform.py::TestComponentLifecycle::test_component_repr_detached PASSED [ 27%]
tests/core/test_ui_runtime_components.py::test_pure_ui_owner_is_hidden_from_world_draw PASSED [ 27%]
tests/core/test_ui_runtime_components.py::test_mixed_gameplay_owner_stays_visible_with_ui_component PASSED [ 27%]
tests/core/test_ui_runtime_components.py::test_all_pure_ui_components_are_hidden_from_world_draw PASSED [ 27%]
tests/core/test_window.py::TestDefaults::test_width PASSED               [ 27%]
tests/core/test_window.py::TestDefaults::test_height PASSED              [ 27%]
tests/core/test_window.py::TestDefaults::test_size PASSED                [ 27%]
tests/core/test_window.py::TestDefaults::test_title_stored PASSED        [ 27%]
tests/core/test_window.py::TestDefaults::test_not_fullscreen_by_default PASSED [ 27%]
tests/core/test_window.py::TestDefaults::test_screen_is_surface PASSED   [ 27%]
tests/core/test_window.py::TestDefaults::test_resizable_stored PASSED    [ 27%]
tests/core/test_window.py::TestSetTitle::test_set_title_updates_internal PASSED [ 27%]
tests/core/test_window.py::TestSetTitle::test_set_title_calls_set_caption PASSED [ 27%]
tests/core/test_window.py::TestOnResize::test_on_resize_updates_screen PASSED [ 27%]
tests/core/test_window.py::TestOnResize::test_on_resize_updates_dimensions PASSED [ 27%]
tests/core/test_window.py::TestOnResize::test_on_resize_ignored_in_fullscreen PASSED [ 27%]
tests/core/test_window.py::TestToggleFullscreen::test_toggle_enters_fullscreen PASSED [ 27%]
tests/core/test_window.py::TestToggleFullscreen::test_toggle_saves_dimensions_before_fullscreen PASSED [ 27%]
tests/core/test_window.py::TestToggleFullscreen::test_toggle_exits_fullscreen PASSED [ 27%]
tests/core/test_window.py::TestToggleFullscreen::test_toggle_restores_dimensions PASSED [ 27%]
tests/core/test_window.py::TestFlip::test_flip_calls_display_flip PASSED [ 27%]
tests/core/test_window.py::TestResolutionClamping::test_oversized_window_is_clamped PASSED [ 27%]
tests/editor/test_animation_asset_workspace_contract.py::test_animation_workspace_exposes_library_timeline_and_asset_actions PASSED [ 28%]
tests/editor/test_animation_asset_workspace_contract.py::test_editor_integrates_zanim_without_removing_embedded_clips PASSED [ 28%]
tests/editor/test_animation_asset_workspace_contract.py::test_preview_index_exists_before_animation_workspace_is_configured PASSED [ 28%]
tests/editor/test_animation_asset_workspace_contract.py::test_zanim_can_be_applied_explicitly_or_dropped_on_an_object PASSED [ 28%]
tests/editor/test_animation_asset_workspace_contract.py::test_animation_workspace_is_resizable_and_properties_scroll PASSED [ 28%]
tests/editor/test_animation_asset_workspace_contract.py::test_animation_workspace_separates_asset_object_timeline_and_clip_properties PASSED [ 28%]
tests/editor/test_animation_component_picker.py::test_animation_picker_discovers_searches_and_previews_zanim_assets PASSED [ 28%]
tests/editor/test_animation_component_picker.py::test_animator_component_opens_picker_before_mutating_object PASSED [ 28%]
tests/editor/test_animation_component_picker.py::test_animation_picker_preserves_create_and_empty_compatibility_paths PASSED [ 28%]
tests/editor/test_animation_component_picker.py::test_animation_picker_uses_global_theme PASSED [ 28%]
tests/editor/test_animation_operation_boundaries.py::test_animation_operations_are_split_by_responsibility PASSED [ 28%]
tests/editor/test_animation_operation_boundaries.py::test_animation_operation_methods_are_bounded PASSED [ 28%]
tests/editor/test_animation_workspace_controller.py::test_frame_count_is_never_zero PASSED [ 28%]
tests/editor/test_animation_workspace_controller.py::test_mark_dirty_is_suppressed_while_inspector_projects_values PASSED [ 28%]
tests/editor/test_asset_browser_controller.py::test_asset_root_prefers_canonical_case_and_supports_legacy_case PASSED [ 28%]
tests/editor/test_asset_browser_controller.py::test_asset_classification_hides_internal_files_and_assigns_icons PASSED [ 28%]
tests/editor/test_asset_component_inspector_plugins.py::test_image_inspector_has_sprite_selector PASSED [ 28%]
tests/editor/test_asset_component_inspector_plugins.py::test_image_sprite_selector_updates_component PASSED [ 28%]
tests/editor/test_asset_component_inspector_plugins.py::test_animator_inspector_exposes_default_clip_and_speed PASSED [ 28%]
tests/editor/test_asset_component_inspector_plugins.py::test_animator_speed_field_updates_component PASSED [ 28%]
tests/editor/test_asset_preview_service.py::test_asset_preview_cache_reuses_unchanged_file_and_invalidates_revision PASSED [ 28%]
tests/editor/test_asset_preview_service.py::test_asset_preview_cache_has_a_strict_memory_bound PASSED [ 28%]
tests/editor/test_asset_preview_service.py::test_editor_delegates_asset_preview_generation PASSED [ 29%]
tests/editor/test_build_report_ui_contract.py::test_build_menu_exposes_export_and_last_report PASSED [ 29%]
tests/editor/test_build_report_ui_contract.py::test_report_dialog_exposes_diagnostics_files_and_output_folder PASSED [ 29%]
tests/editor/test_clean_inspector_contract.py::test_inspector_exposes_standard_dynamic_cards PASSED [ 29%]
tests/editor/test_clean_inspector_contract.py::test_inspector_only_shows_components_present_on_selected_object PASSED [ 29%]
tests/editor/test_clean_inspector_contract.py::test_add_component_uses_searchable_picker_instead_of_flat_menu PASSED [ 29%]
tests/editor/test_clean_inspector_contract.py::test_component_card_expansion_state_is_preserved PASSED [ 29%]
tests/editor/test_clean_inspector_contract.py::test_inspector_update_is_a_small_presenter_orchestrator PASSED [ 29%]
tests/editor/test_console_controller.py::test_console_is_bounded_and_respects_visible_levels PASSED [ 29%]
tests/editor/test_console_controller.py::test_console_rejects_an_unbounded_zero_capacity PASSED [ 29%]
tests/editor/test_controller_direct_wiring.py::test_migrated_consumers_do_not_use_removed_shell_adapters PASSED [ 29%]
tests/editor/test_controller_direct_wiring.py::test_adapter_surface_is_below_twenty_methods PASSED [ 29%]
tests/editor/test_desktop_package.py::test_desktop_package_plan_for_windows PASSED [ 29%]
tests/editor/test_desktop_package.py::test_desktop_package_plan_for_linux PASSED [ 29%]
tests/editor/test_desktop_package.py::test_desktop_package_plan_for_macos PASSED [ 29%]
tests/editor/test_desktop_package.py::test_desktop_package_plan_includes_entry_scene PASSED [ 29%]
tests/editor/test_desktop_package.py::test_desktop_package_plan_can_skip_assets PASSED [ 29%]
tests/editor/test_desktop_package.py::test_desktop_package_plan_roundtrip PASSED [ 29%]
tests/editor/test_desktop_package.py::test_desktop_package_plan_from_profile PASSED [ 29%]
tests/editor/test_docks_builder_boundaries.py::test_dock_composition_root_stays_small PASSED [ 29%]
tests/editor/test_docks_builder_boundaries.py::test_inspector_sections_have_bounded_complexity PASSED [ 29%]
tests/editor/test_editor_adapter_reduction.py::test_bootstrap_uses_focused_controllers_directly PASSED [ 29%]
tests/editor/test_editor_adapter_reduction.py::test_trivial_bootstrap_adapters_do_not_return PASSED [ 30%]
tests/editor/test_editor_bootstrap_controller.py::test_configuration_requires_composition PASSED [ 30%]
tests/editor/test_editor_bootstrap_controller.py::test_viewport_handler_map_is_complete PASSED [ 30%]
tests/editor/test_editor_command_controller.py::test_editor_command_controller_forwards_regular_command PASSED [ 30%]
tests/editor/test_editor_command_controller.py::test_editor_command_controller_records_move_before_forwarding PASSED [ 30%]
tests/editor/test_editor_command_controller.py::test_editor_command_controller_blocks_scene_command_during_play PASSED [ 30%]
tests/editor/test_editor_event_router.py::test_runtime_input_uses_static_key_map_and_sends_only_state_changes PASSED [ 30%]
tests/editor/test_editor_event_router.py::test_editor_event_filter_only_delegates_and_falls_back PASSED [ 30%]
tests/editor/test_editor_extensions.py::test_extensions_install_once_and_uninstall_in_reverse_order PASSED [ 30%]
tests/editor/test_editor_extensions.py::test_failed_install_is_reported_and_not_registered PASSED [ 30%]
tests/editor/test_editor_extensions.py::test_uninstall_failure_does_not_block_remaining_extensions PASSED [ 30%]
tests/editor/test_editor_session_controller.py::test_resize_flush_coalesces_and_deduplicates_sizes PASSED [ 30%]
tests/editor/test_editor_session_controller.py::test_process_attachment_and_shutdown_are_idempotent PASSED [ 30%]
tests/editor/test_editor_window_boundaries.py::test_official_editor_window_stays_below_release_budget PASSED [ 30%]
tests/editor/test_export_config.py::test_config_defaults_are_valid PASSED [ 30%]
tests/editor/test_export_config.py::test_config_output_path_contains_target_and_project PASSED [ 30%]
tests/editor/test_export_config.py::test_config_roundtrip PASSED         [ 30%]
tests/editor/test_export_config.py::test_config_rejects_invalid_entry_scene_extension PASSED [ 30%]
tests/editor/test_export_profiles.py::test_export_profile_defaults_are_valid PASSED [ 30%]
tests/editor/test_export_profiles.py::test_export_profile_roundtrip_preserves_config PASSED [ 30%]
tests/editor/test_export_profiles.py::test_default_profiles_have_expected_modes PASSED [ 30%]
tests/editor/test_export_profiles.py::test_export_profile_manager_register_get_remove PASSED [ 30%]
tests/editor/test_export_profiles.py::test_export_profile_manager_enabled_profiles PASSED [ 31%]
tests/editor/test_export_profiles.py::test_export_profile_manager_dict_roundtrip PASSED [ 31%]
tests/editor/test_export_profiles.py::test_export_profile_manager_file_roundtrip PASSED [ 31%]
tests/editor/test_frame_invalidation.py::test_invalidation_coalesces_requests_until_frame_is_consumed PASSED [ 31%]
tests/editor/test_frame_invalidation.py::test_idle_ticks_do_not_make_frame_dirty PASSED [ 31%]
tests/editor/test_hierarchy_controller.py::test_hierarchy_selection_synchronizes_scene_and_inspector PASSED [ 31%]
tests/editor/test_hierarchy_controller.py::test_hierarchy_selection_supports_runtime_only_objects PASSED [ 31%]
tests/editor/test_hierarchy_controller.py::test_hierarchy_ignores_unknown_items PASSED [ 31%]
tests/editor/test_hierarchy_improvements.py::test_hierarchy_reparent_valid PASSED [ 31%]
tests/editor/test_hierarchy_improvements.py::test_hierarchy_prevents_cycles PASSED [ 31%]
tests/editor/test_hierarchy_improvements.py::test_hierarchy_move_to_root PASSED [ 31%]
tests/editor/test_hierarchy_improvements.py::test_hierarchy_reorders_siblings PASSED [ 31%]
tests/editor/test_hierarchy_improvements.py::test_hierarchy_duplicate_object PASSED [ 31%]
tests/editor/test_hierarchy_improvements.py::test_hierarchy_duplicate_with_children PASSED [ 31%]
tests/editor/test_hierarchy_improvements.py::test_hierarchy_delete PASSED [ 31%]
tests/editor/test_hierarchy_improvements.py::test_hierarchy_rename_valid PASSED [ 31%]
tests/editor/test_hierarchy_improvements.py::test_hierarchy_rename_empty_rejected PASSED [ 31%]
tests/editor/test_hierarchy_improvements.py::test_hierarchy_filter_keeps_matching_parents_visible PASSED [ 31%]
tests/editor/test_hierarchy_view_renderer.py::test_hierarchy_skips_transform_only_updates PASSED [ 31%]
tests/editor/test_hierarchy_view_renderer.py::test_hierarchy_rebuilds_for_structural_and_runtime_changes PASSED [ 31%]
tests/editor/test_hierarchy_view_renderer.py::test_official_editor_delegates_hierarchy_rendering PASSED [ 31%]
tests/editor/test_inspector_component_addition.py::test_component_addition_is_owned_by_inspector_controller PASSED [ 31%]
tests/editor/test_inspector_component_addition.py::test_standard_component_defaults_have_one_addition_owner PASSED [ 32%]
tests/editor/test_inspector_component_controller.py::test_physics_controller_mutates_model_and_sends_runtime_command PASSED [ 32%]
tests/editor/test_inspector_component_controller.py::test_collider_controller_uses_shape_specific_fields PASSED [ 32%]
tests/editor/test_inspector_component_controller.py::test_camera_toggle_keeps_component_name_in_sync PASSED [ 32%]
tests/editor/test_inspector_component_controller.py::test_audio_discovery_returns_only_supported_project_assets PASSED [ 32%]
tests/editor/test_inspector_component_controller.py::test_ui_visibility_mutation_is_published PASSED [ 32%]
tests/editor/test_inspector_component_controller.py::test_ensure_canvas_is_idempotent PASSED [ 32%]
tests/editor/test_inspector_ux_polish.py::test_inspector_component_filter_keeps_matching_components PASSED [ 32%]
tests/editor/test_inspector_ux_polish.py::test_inspector_copy_paste_component_values_uses_command_manager PASSED [ 32%]
tests/editor/test_inspector_ux_polish.py::test_inspector_reset_component_is_reversible PASSED [ 32%]
tests/editor/test_inspector_ux_polish.py::test_inspector_move_component_is_reversible PASSED [ 32%]
tests/editor/test_inspector_ux_polish.py::test_inspector_object_property_command_is_reversible PASSED [ 32%]
tests/editor/test_inspector_view_renderer.py::test_physics_renderer_projects_box_and_rigidbody_without_mutating_model PASSED [ 32%]
tests/editor/test_inspector_view_renderer.py::test_renderer_card_is_hidden_for_camera_objects PASSED [ 32%]
tests/editor/test_isolated_animation_asset_runtime.py::test_play_mode_refreshes_applied_clip_from_zanim PASSED [ 32%]
tests/editor/test_isolated_animation_asset_runtime.py::test_play_mode_reports_missing_zanim_without_removing_cached_clip PASSED [ 32%]
tests/editor/test_isolated_animation_asset_runtime.py::test_play_mode_hydrates_controller_states_as_runtime_clips PASSED [ 32%]
tests/editor/test_isolated_behavior_runtime.py::test_play_mode_hydrates_zbehavior_asset PASSED [ 32%]
tests/editor/test_isolated_behavior_runtime.py::test_game_behavior_api_changes_parameters_and_state PASSED [ 32%]
tests/editor/test_isolated_behavior_runtime.py::test_repository_behavior_demo_scene_references_controller PASSED [ 32%]
tests/editor/test_isolated_inspector_controller.py::test_card_visibility_respects_presence_and_expansion PASSED [ 32%]
tests/editor/test_isolated_inspector_controller.py::test_dynamic_card_uses_shared_expansion_state PASSED [ 32%]
tests/editor/test_isolated_play_mode_controller.py::test_new_play_builds_ordered_snapshot_play_and_audio_commands PASSED [ 33%]
tests/editor/test_isolated_play_mode_controller.py::test_resume_does_not_replace_snapshot_or_restart_audio PASSED [ 33%]
tests/editor/test_isolated_play_mode_controller.py::test_stop_always_follows_with_audio_cleanup PASSED [ 33%]
tests/editor/test_isolated_play_mode_controller.py::test_scene_mutations_are_blocked_only_while_session_runs PASSED [ 33%]
tests/editor/test_isolated_script_templates.py::test_created_script_has_complete_runtime_contract PASSED [ 33%]
tests/editor/test_isolated_script_templates.py::test_contract_accepts_legacy_update_and_rejects_empty_script PASSED [ 33%]
tests/editor/test_isolated_script_templates.py::test_simple_play_api_moves_reads_edges_and_requests_jump PASSED [ 33%]
tests/editor/test_isolated_script_templates.py::test_simple_play_api_exposes_animator_controller_commands PASSED [ 33%]
tests/editor/test_isolated_script_templates.py::test_all_attachable_asset_scripts_use_current_contract PASSED [ 33%]
tests/editor/test_isolated_script_templates.py::test_all_attachable_asset_scripts_run_one_frame PASSED [ 33%]
tests/editor/test_isolated_script_templates.py::test_all_native_asset_scripts_also_expose_play_hooks PASSED [ 33%]
tests/editor/test_isolated_sprite_rendering.py::test_assigning_texture_resets_placeholder_tint_to_white PASSED [ 33%]
tests/editor/test_isolated_sprite_rendering.py::test_pixel_art_scaling_keeps_exact_colors_with_neutral_tint PASSED [ 33%]
tests/editor/test_isolated_sprite_rendering.py::test_manual_sprite_tint_remains_available PASSED [ 33%]
tests/editor/test_isolated_sprite_rendering.py::test_scrolling_sprite_wraps_image_inside_plane PASSED [ 33%]
tests/editor/test_logic_graph_boundaries.py::test_logic_graph_editor_has_no_large_methods PASSED [ 33%]
tests/editor/test_logic_graph_boundaries.py::test_logic_graph_ui_builder_is_a_separate_boundary PASSED [ 33%]
tests/editor/test_logic_graph_class_boundaries.py::test_logic_graph_editor_responsibilities_are_bounded PASSED [ 33%]
tests/editor/test_logic_graph_import_boundaries.py::test_mixins_do_not_import_concrete_logic_graph_editor PASSED [ 33%]
tests/editor/test_logic_graph_import_boundaries.py::test_mixins_use_package_absolute_imports_for_shared_graph_modules PASSED [ 33%]
tests/editor/test_logic_workspace_contract.py::test_logic_and_animation_use_independent_windows_not_viewport_tabs PASSED [ 33%]
tests/editor/test_logic_workspace_contract.py::test_python_script_component_is_not_offered_or_executed PASSED [ 33%]
tests/editor/test_logic_workspace_contract.py::test_logic_workspace_exposes_palette_canvas_connections_and_properties PASSED [ 34%]
tests/editor/test_logic_workspace_contract.py::test_visual_logic_supports_independent_clones_and_one_shot_permanent_motion PASSED [ 34%]
tests/editor/test_logic_workspace_contract.py::test_logic_workspace_can_create_open_save_and_load_demo PASSED [ 34%]
tests/editor/test_logic_workspace_contract.py::test_logic_workspace_receives_throttled_runtime_debug_traces PASSED [ 34%]
tests/editor/test_logic_workspace_contract.py::test_logic_workspace_supports_breakpoints_continue_and_single_step PASSED [ 34%]
tests/editor/test_logic_workspace_contract.py::test_logic_debugger_exposes_conditions_watches_highlight_and_restart PASSED [ 34%]
tests/editor/test_logic_workspace_contract.py::test_logic_workspace_exposes_typed_scoped_blackboard_panel PASSED [ 34%]
tests/editor/test_logic_workspace_contract.py::test_visual_event_nodes_are_shared_debuggable_and_exportable PASSED [ 34%]
tests/editor/test_logic_workspace_contract.py::test_reusable_subgraphs_are_discoverable_typed_and_safe PASSED [ 34%]
tests/editor/test_logic_workspace_contract.py::test_gameplay_event_library_and_search_are_available PASSED [ 34%]
tests/editor/test_logic_workspace_contract.py::test_visual_logic_is_cleanly_managed_from_inspector PASSED [ 34%]
tests/editor/test_logic_workspace_contract.py::test_logic_workspace_teaches_searchable_position_recipes PASSED [ 34%]
tests/editor/test_logic_workspace_contract.py::test_recipe_topics_and_project_asset_picker_cover_visual_gameplay PASSED [ 34%]
tests/editor/test_logic_workspace_contract.py::test_nodes_flip_to_code_and_patrol_recipe_is_discoverable PASSED [ 34%]
tests/editor/test_logic_workspace_contract.py::test_logic_editor_opens_in_selected_hierarchy_object_context PASSED [ 34%]
tests/editor/test_logic_workspace_contract.py::test_frame_event_is_reused_and_visibly_supports_multiple_actions PASSED [ 34%]
tests/editor/test_logic_workspace_contract.py::test_logic_workspace_can_create_runtime_objects_and_pick_their_sprite PASSED [ 34%]
tests/editor/test_logic_workspace_contract.py::test_logic_workspace_controls_play_and_builds_scrolling_image_planes PASSED [ 34%]
tests/editor/test_logic_workspace_contract.py::test_logic_workspace_explains_targets_and_controls_spawn_lifecycle PASSED [ 34%]
tests/editor/test_logic_workspace_contract.py::test_logic_workspace_controls_named_movements_and_debugs_runtime_objects PASSED [ 34%]
tests/editor/test_logic_workspace_controller.py::test_logic_workspace_builds_portable_debug_command PASSED [ 34%]
tests/editor/test_logic_workspace_controller.py::test_logic_workspace_resolves_object_bindings PASSED [ 34%]
tests/editor/test_logic_workspace_controller.py::test_logic_workspace_warns_when_debug_asset_is_missing PASSED [ 35%]
tests/editor/test_native_ui_editor_bridge.py::test_native_ui_scene_item_round_trip PASSED [ 35%]
tests/editor/test_native_ui_editor_bridge.py::test_native_ui_draws_only_when_canvas_exists PASSED [ 35%]
tests/editor/test_native_ui_editor_bridge.py::test_native_ui_button_hit_test_keeps_script_event PASSED [ 35%]
tests/editor/test_native_ui_editor_bridge.py::test_delete_object_does_not_access_removed_shared_script_selector PASSED [ 35%]
tests/editor/test_native_ui_editor_bridge.py::test_native_ui_clear_caches_releases_fonts_and_surfaces PASSED [ 35%]
tests/editor/test_no_editor_integration_adapters.py::test_official_window_has_no_integration_adapter_mixin PASSED [ 35%]
tests/editor/test_no_editor_integration_adapters.py::test_migration_marker_defines_no_runtime_classes_or_functions PASSED [ 35%]
tests/editor/test_no_editor_integration_adapters.py::test_hierarchy_addresses_prefab_controller_directly PASSED [ 35%]
tests/editor/test_no_runtime_monkey_patch_contract.py::test_phase1_editor_installs_extensions_without_runtime_method_replacement PASSED [ 35%]
tests/editor/test_no_runtime_monkey_patch_contract.py::test_asset_inspector_registration_has_no_class_patch_for_tool_selection PASSED [ 35%]
tests/editor/test_no_runtime_monkey_patch_contract.py::test_transform_behaviour_is_composed_without_runtime_class_assignment PASSED [ 35%]
tests/editor/test_no_runtime_monkey_patch_contract.py::test_phase1_editor_does_not_assign_functions_to_instance_methods PASSED [ 35%]
tests/editor/test_no_runtime_monkey_patch_contract.py::test_runtime_patch_modules_are_removed PASSED [ 35%]
tests/editor/test_no_runtime_monkey_patch_contract.py::test_assets_panel_uses_explicit_controller_and_drag_drop_module PASSED [ 35%]
tests/editor/test_official_entrypoint_contract.py::test_default_entrypoint_delegates_to_isolated_editor PASSED [ 35%]
tests/editor/test_official_entrypoint_contract.py::test_default_entrypoint_does_not_import_legacy_editor PASSED [ 35%]
tests/editor/test_official_entrypoint_contract.py::test_legacy_flag_starts_only_embedded_editor PASSED [ 35%]
tests/editor/test_official_entrypoint_contract.py::test_bootstrap_errors_are_not_silenced PASSED [ 35%]
tests/editor/test_official_entrypoint_contract.py::test_package_command_points_to_official_entrypoint PASSED [ 35%]
tests/editor/test_official_entrypoint_contract.py::test_readme_uses_only_official_public_launch_commands PASSED [ 35%]
tests/editor/test_phase1_editor_context.py::test_phase1_editor_owns_editor_context PASSED [ 35%]
tests/editor/test_phase1_editor_context.py::test_phase1_toolbar_tools_update_tool_manager PASSED [ 36%]
tests/editor/test_phase1_editor_context.py::test_phase1_file_menu_has_scene_actions PASSED [ 36%]
tests/editor/test_phase1_editor_context.py::test_phase1_save_scene_uses_current_scene_path PASSED [ 36%]
tests/editor/test_phase1_editor_context.py::test_phase1_apply_scene_data_replaces_scene_and_selection PASSED [ 36%]
tests/editor/test_phase1_editor_context.py::test_phase1_toolbar_active_tool_is_visually_checked PASSED [ 36%]
tests/editor/test_phase1_editor_context.py::test_phase1_snap_toolbar_toggle_updates_editor_state PASSED [ 36%]
tests/editor/test_phase1_editor_context.py::test_phase1_play_controls_reflect_simulation_state PASSED [ 36%]
tests/editor/test_phase1_editor_context.py::test_phase1_editor_has_scene_and_game_view_tabs PASSED [ 36%]
tests/editor/test_phase1_editor_context.py::test_phase1_stop_restores_scene_and_reselects_restored_object PASSED [ 36%]
tests/editor/test_phase1_editor_context.py::test_phase1_play_cycles_start_from_same_physics_state PASSED [ 36%]
tests/editor/test_phase1_editor_context.py::test_phase1_play_stop_preserves_objects_and_selection PASSED [ 36%]
tests/editor/test_phase1_editor_context.py::test_phase1_play_mode_switches_viewport_and_inspector_to_runtime_scene PASSED [ 36%]
tests/editor/test_phase1_editor_context.py::test_phase1_game_view_hides_runtime_inner_scene_grid PASSED [ 36%]
tests/editor/test_phase1_editor_context.py::test_phase1_camera_2d_creation_adds_real_camera_component PASSED [ 36%]
tests/editor/test_phase1_editor_context.py::test_phase1_runtime_fallback_objects_are_hidden_from_game_draw PASSED [ 36%]
tests/editor/test_phase1_editor_context.py::test_phase1_rotate_reports_active_and_scale_reports_unimplemented PASSED [ 36%]
tests/editor/test_phase1_editor_context.py::test_phase1_selection_uses_editor_context PASSED [ 36%]
tests/editor/test_phase1_editor_context.py::test_phase1_hierarchy_selection_updates_selection_manager PASSED [ 36%]
tests/editor/test_phase1_editor_context.py::test_phase1_viewport_selection_updates_selection_manager PASSED [ 36%]
tests/editor/test_phase1_editor_context.py::test_phase1_selection_manager_syncs_viewport_hierarchy_and_inspector PASSED [ 36%]
tests/editor/test_phase1_editor_context.py::test_phase1_hierarchy_refreshes_after_viewport_delete PASSED [ 36%]
tests/editor/test_phase1_editor_context.py::test_phase1_viewport_move_tool_moves_selected_object_and_updates_inspector PASSED [ 36%]
tests/editor/test_phase1_editor_context.py::test_phase1_viewmodel_transform_change_refreshes_inspector PASSED [ 37%]
tests/editor/test_phase1_editor_context.py::test_phase1_move_tool_does_not_jump_when_drag_starts_off_center PASSED [ 37%]
tests/editor/test_phase1_editor_context.py::test_phase1_move_tool_does_not_drag_from_empty_viewport_space PASSED [ 37%]
tests/editor/test_phase1_editor_context.py::test_phase1_move_tool_snap_disabled_moves_freely PASSED [ 37%]
tests/editor/test_phase1_editor_context.py::test_phase1_move_tool_snap_enabled_snaps_drag_position PASSED [ 37%]
tests/editor/test_phase1_editor_context.py::test_phase1_move_tool_does_not_drag_while_playing PASSED [ 37%]
tests/editor/test_phase1_editor_context.py::test_phase1_gizmo_is_hidden_while_playing PASSED [ 37%]
tests/editor/test_phase1_editor_context.py::test_phase1_select_tool_does_not_start_move_drag PASSED [ 37%]
tests/editor/test_phase1_editor_context.py::test_phase1_world_to_viewport_uses_scene_camera_transform PASSED [ 37%]
tests/editor/test_phase1_editor_context.py::test_phase1_viewport_has_command_manager_injected PASSED [ 37%]
tests/editor/test_phase1_editor_context.py::test_phase1_move_tool_registers_undo_command PASSED [ 37%]
tests/editor/test_phase1_editor_context.py::test_phase1_move_tool_undo_restores_position PASSED [ 37%]
tests/editor/test_phase1_editor_context.py::test_phase1_move_tool_redo_reapplies_position PASSED [ 37%]
tests/editor/test_phase1_editor_context.py::test_phase1_move_tool_no_command_when_no_movement PASSED [ 37%]
tests/editor/test_phase1_editor_context.py::test_phase1_snap_applied_over_absolute_position PASSED [ 37%]
tests/editor/test_phase1_editor_context.py::test_phase1_snap_disabled_delta_zero_preserves_position PASSED [ 37%]
tests/editor/test_phase1_inspector.py::test_inspector_empty_state_without_selection PASSED [ 37%]
tests/editor/test_phase1_inspector.py::test_inspector_populates_fields_on_selection PASSED [ 37%]
tests/editor/test_phase1_inspector.py::test_inspector_selection_switch_updates_fields PASSED [ 37%]
tests/editor/test_phase1_inspector.py::test_inspector_deleted_object_does_not_crash PASSED [ 37%]
tests/editor/test_phase1_pipeline_contract.py::test_phase1_pipeline_keeps_official_visual_order PASSED [ 37%]
tests/editor/test_phase1_pipeline_contract.py::test_paint_gl_only_prepares_renders_and_finishes PASSED [ 37%]
tests/editor/test_phase1_pipeline_contract.py::test_viewport_has_no_private_render_pass_callbacks PASSED [ 38%]
tests/editor/test_phase1_rotate_tool.py::test_rotate_gizmo_overlay_exists_on_viewport PASSED [ 38%]
tests/editor/test_phase1_rotate_tool.py::test_editor_state_has_snap_angle PASSED [ 38%]
tests/editor/test_phase1_rotate_tool.py::test_rotate_tool_status_message PASSED [ 38%]
tests/editor/test_phase1_rotate_tool.py::test_rotate_gizmo_hit_test_detects_ring PASSED [ 38%]
tests/editor/test_phase1_rotate_tool.py::test_rotate_gizmo_hit_test_detects_center PASSED [ 38%]
tests/editor/test_phase1_rotate_tool.py::test_rotate_gizmo_hit_test_rejects_far_point PASSED [ 38%]
tests/editor/test_phase1_rotate_tool.py::test_rotate_tool_begin_drag_returns_true_on_valid_object PASSED [ 38%]
tests/editor/test_phase1_rotate_tool.py::test_rotate_tool_begin_drag_returns_false_for_select_tool PASSED [ 38%]
tests/editor/test_phase1_rotate_tool.py::test_rotate_tool_drag_changes_rz PASSED [ 38%]
tests/editor/test_phase1_rotate_tool.py::test_rotate_tool_drag_does_not_move_position PASSED [ 38%]
tests/editor/test_phase1_rotate_tool.py::test_rotate_tool_registers_undo_command PASSED [ 38%]
tests/editor/test_phase1_rotate_tool.py::test_rotate_tool_undo_restores_rz PASSED [ 38%]
tests/editor/test_phase1_rotate_tool.py::test_rotate_tool_redo_reapplies_rz PASSED [ 38%]
tests/editor/test_phase1_rotate_tool.py::test_rotate_tool_no_command_when_no_rotation PASSED [ 38%]
tests/editor/test_phase1_rotate_tool.py::test_rotate_tool_snap_enabled_snaps_to_angle PASSED [ 38%]
tests/editor/test_phase1_rotate_tool.py::test_rotate_tool_snap_disabled_allows_free_rotation PASSED [ 38%]
tests/editor/test_phase1_rotate_tool.py::test_rotate_tool_blocked_during_play_mode PASSED [ 38%]
tests/editor/test_phase1_rotate_tool.py::test_rotate_drag_does_not_interfere_with_move_drag PASSED [ 38%]
tests/editor/test_phase1_rotate_tool.py::test_viewport_rotate_drag_cleans_up_after_end PASSED [ 38%]
tests/editor/test_phase1_rotate_tool.py::test_undo_redo_toolbar_actions_enabled_state PASSED [ 38%]
tests/editor/test_phase1_scale_tool.py::test_scale_tool_begin_drag_returns_true_on_valid_object PASSED [ 38%]
tests/editor/test_phase1_scale_tool.py::test_scale_tool_begin_drag_returns_false_for_wrong_tool PASSED [ 39%]
tests/editor/test_phase1_scale_tool.py::test_scale_tool_drag_changes_scale_right_center PASSED [ 39%]
tests/editor/test_phase1_scale_tool.py::test_scale_tool_snap_enabled PASSED [ 39%]
tests/editor/test_phase1_scale_tool.py::test_scale_tool_registers_undo_command PASSED [ 39%]
tests/editor/test_phase1_scale_tool.py::test_scale_tool_blocked_during_play_mode PASSED [ 39%]
tests/editor/test_phase1_viewport_pro.py::test_viewport_camera_pan PASSED [ 39%]
tests/editor/test_phase1_viewport_pro.py::test_viewport_camera_zoom_boundaries PASSED [ 39%]
tests/editor/test_phase1_viewport_pro.py::test_viewport_camera_coordinates_roundtrip PASSED [ 39%]
tests/editor/test_phase1_viewport_pro.py::test_viewport_camera_zoom_to_mouse_preserves_anchor PASSED [ 39%]
tests/editor/test_phase1_viewport_pro.py::test_bounding_box_eight_handles_rotation PASSED [ 39%]
tests/editor/test_phase1_viewport_pro.py::test_bounding_box_can_hide_scale_handles PASSED [ 39%]
tests/editor/test_phase1_viewport_pro.py::test_viewport_renderer_shows_handles_only_for_scale_tool PASSED [ 39%]
tests/editor/test_phase1_viewport_pro.py::test_viewport_renderer_hides_handles_during_play_mode PASSED [ 39%]
tests/editor/test_phase1_viewport_pro.py::test_phase1_viewport_syncs_legacy_scale_handles_by_active_tool PASSED [ 39%]
tests/editor/test_phase1_viewport_pro.py::test_grid_renderer_opacity_fading PASSED [ 39%]
tests/editor/test_phase1_viewport_pro.py::test_viewport_public_coordinate_api PASSED [ 39%]
tests/editor/test_phase1_viewport_pro.py::test_bounding_box_apis_rectangular_bounds PASSED [ 39%]
tests/editor/test_phase1_viewport_pro.py::test_bounding_box_apis_circular_bounds PASSED [ 39%]
tests/editor/test_phase1_viewport_pro.py::test_bounding_box_apis_eight_handle_positions PASSED [ 39%]
tests/editor/test_phase1_viewport_pro.py::test_bounding_box_apis_hit_test_handle PASSED [ 39%]
tests/editor/test_phase1_viewport_pro.py::test_bounding_box_draw_no_selection_no_crash PASSED [ 39%]
tests/editor/test_play_session_stability.py::test_stop_restores_all_nested_components_and_selection PASSED [ 39%]
tests/editor/test_play_session_stability.py::test_repeated_play_request_does_not_replace_original_edit_snapshot PASSED [ 40%]
tests/editor/test_play_session_stability.py::test_stop_discards_prefabs_spawned_by_visual_logic PASSED [ 40%]
tests/editor/test_play_session_stability.py::test_selection_is_recovered_by_stable_id PASSED [ 40%]
tests/editor/test_play_session_stability.py::test_pause_and_resume_are_forwarded_to_every_audio_channel PASSED [ 40%]
tests/editor/test_play_session_stability.py::test_editor_and_viewport_integrate_session_lock_and_audio_pause PASSED [ 40%]
tests/editor/test_play_session_stability.py::test_generic_property_command_captures_old_value_without_invalid_syntax PASSED [ 40%]
tests/editor/test_play_session_stability.py::test_runtime_restart_resets_physics_and_restarts_autoplay_audio PASSED [ 40%]
tests/editor/test_play_session_stability.py::test_viewport_has_one_runtime_lifecycle_and_initializes_spawned_prefabs PASSED [ 40%]
tests/editor/test_prefab_workspace_controller.py::test_prefab_payload_is_portable_and_does_not_persist_scene_id PASSED [ 40%]
tests/editor/test_prefab_workspace_controller.py::test_prefab_instantiation_creates_independent_scene_object PASSED [ 40%]
tests/editor/test_prefab_workspace_controller.py::test_prefab_instantiation_rejects_legacy_runtime_shape PASSED [ 40%]
tests/editor/test_project_browser_improvements.py::test_project_browser_thumbnail_keys PASSED [ 40%]
tests/editor/test_project_browser_improvements.py::test_project_browser_search_by_name_extension_and_type PASSED [ 40%]
tests/editor/test_project_browser_improvements.py::test_project_browser_rename_preserves_guid_and_refreshes_database PASSED [ 40%]
tests/editor/test_project_browser_improvements.py::test_project_browser_move_preserves_guid_and_refreshes_database PASSED [ 40%]
tests/editor/test_project_browser_improvements.py::test_project_browser_duplicate_creates_new_guid PASSED [ 40%]
tests/editor/test_project_browser_improvements.py::test_project_browser_delete_removes_asset_and_meta PASSED [ 40%]
tests/editor/test_project_browser_improvements.py::test_project_browser_create_folder_uses_unique_name PASSED [ 40%]
tests/editor/test_project_browser_improvements.py::test_project_browser_session_tracks_view_mode_and_favorites PASSED [ 40%]
tests/editor/test_project_exporter.py::test_development_export_contains_scene_assets_and_launchers PASSED [ 40%]
tests/editor/test_project_exporter.py::test_exported_game_validates_outside_the_editor PASSED [ 40%]
tests/editor/test_project_exporter.py::test_export_report_contains_metrics_and_is_saved PASSED [ 40%]
tests/editor/test_project_exporter.py::test_export_report_rejects_invalid_scene_without_partial_build PASSED [ 41%]
tests/editor/test_project_exporter.py::test_export_report_warns_about_missing_scene_asset PASSED [ 41%]
tests/editor/test_project_exporter.py::test_exported_runtime_contains_all_standalone_dependencies PASSED [ 41%]
tests/editor/test_project_exporter.py::test_runtime_scene_loader_preserves_play_mode_components PASSED [ 41%]
tests/editor/test_project_exporter.py::test_export_ignores_legacy_python_scripts PASSED [ 41%]
tests/editor/test_project_exporter.py::test_export_preserves_distinct_uppercase_and_lowercase_asset_roots PASSED [ 41%]
tests/editor/test_project_exporter.py::test_export_bundles_visual_logic_prefabs_animation_audio_and_images PASSED [ 41%]
tests/editor/test_project_validator.py::test_valid_project_passes_with_player_camera_and_canvas PASSED [ 41%]
tests/editor/test_project_validator.py::test_validator_reports_duplicate_missing_assets_and_incomplete_runtime PASSED [ 41%]
tests/editor/test_project_validator.py::test_legacy_script_is_ignored_by_visual_logic_validator PASSED [ 41%]
tests/editor/test_project_validator.py::test_validator_reports_broken_logic_graph_connections PASSED [ 41%]
tests/editor/test_project_validator.py::test_validation_ui_and_export_gate_are_integrated PASSED [ 41%]
tests/editor/test_project_validator.py::test_external_asset_is_rejected_because_build_would_not_be_portable PASSED [ 41%]
tests/editor/test_project_validator.py::test_validator_checks_prefab_json_internal_assets_and_graph_overrides PASSED [ 41%]
tests/editor/test_project_workflow_controller.py::test_project_workflow_delegates_logic_variable_collection PASSED [ 41%]
tests/editor/test_project_workflow_controller.py::test_project_workflow_loads_typed_scene_and_publishes_snapshot PASSED [ 41%]
tests/editor/test_reference_scripts.py::test_reference_scripts_define_runtime_behaviour PASSED [ 41%]
tests/editor/test_reference_scripts.py::test_reference_scripts_use_explicit_script_class PASSED [ 41%]
tests/editor/test_render_adapters.py::test_background_adapter_prefers_explicit_background_draw PASSED [ 41%]
tests/editor/test_render_adapters.py::test_legacy_adapter_uses_content_when_background_is_managed PASSED [ 41%]
tests/editor/test_render_adapters.py::test_legacy_adapter_keeps_integral_draw_fallback PASSED [ 41%]
tests/editor/test_render_adapters.py::test_framebuffer_adapter_restores_grid_before_presenting PASSED [ 41%]
tests/editor/test_render_adapters.py::test_sprite_adapter_uses_prepared_commands PASSED [ 42%]
tests/editor/test_render_adapters.py::test_frame_preparation_creates_and_cleans_context PASSED [ 42%]
tests/editor/test_render_pipeline.py::test_pipeline_executes_enabled_passes_in_registration_order PASSED [ 42%]
tests/editor/test_render_pipeline.py::test_pipeline_exposes_immutable_pass_snapshot_and_supports_append PASSED [ 42%]
tests/editor/test_render_pipeline.py::test_optional_metrics_record_only_enabled_passes PASSED [ 42%]
tests/editor/test_runtime.py::test_selection_manager_notifies_only_on_change PASSED [ 42%]
tests/editor/test_runtime.py::test_selection_manager_resynchronizes_projection_on_same_selection PASSED [ 42%]
tests/editor/test_runtime.py::test_tool_manager_tracks_active_tool PASSED [ 42%]
tests/editor/test_runtime.py::test_command_manager_executes_undo_and_redo PASSED [ 42%]
tests/editor/test_runtime.py::test_editor_context_resets_scene_state PASSED [ 42%]
tests/editor/test_scene_history.py::test_history_retains_only_changed_objects PASSED [ 42%]
tests/editor/test_scene_history.py::test_history_preserves_create_delete_and_order PASSED [ 42%]
tests/editor/test_scene_history.py::test_history_evicts_oldest_deltas_to_respect_memory_budget PASSED [ 42%]
tests/editor/test_scene_history_controller.py::test_history_controller_undo_redo_restores_and_publishes_scene PASSED [ 42%]
tests/editor/test_scene_history_controller.py::test_history_controller_clears_invalid_selection_on_restore PASSED [ 42%]
tests/editor/test_scene_history_controller.py::test_history_controller_reports_empty_undo_redo PASSED [ 42%]
tests/editor/test_scene_object_controller.py::test_scene_object_controller_generates_stable_unique_names PASSED [ 42%]
tests/editor/test_scene_object_controller.py::test_scene_object_controller_duplicates_with_new_identity PASSED [ 42%]
tests/editor/test_scene_object_controller.py::test_scene_object_controller_blocks_mutation_during_play PASSED [ 42%]
tests/editor/test_scene_object_controller.py::test_scene_object_controller_deletes_unselected_object PASSED [ 42%]
tests/editor/test_scene_persistence.py::test_scene_persistence_round_trip_preserves_future_fields PASSED [ 42%]
tests/editor/test_scene_persistence.py::test_scene_persistence_rejects_duplicate_names_before_editor_state_changes PASSED [ 42%]
tests/editor/test_scene_persistence.py::test_official_editor_delegates_scene_io PASSED [ 43%]
tests/editor/test_scene_selection_controller.py::test_snapshot_is_detached_before_async_publish PASSED [ 43%]
tests/editor/test_scene_selection_controller.py::test_selection_uses_single_protocol_boundary PASSED [ 43%]
tests/editor/test_scene_selection_controller.py::test_isolated_editor_routes_scene_and_selection_through_controller PASSED [ 43%]
tests/editor/test_scene_view_polish.py::test_scene_view_polish_toolbar_state_defaults PASSED [ 43%]
tests/editor/test_scene_view_polish.py::test_scene_view_polish_toggles_are_explicit PASSED [ 43%]
tests/editor/test_scene_view_polish.py::test_scene_view_polish_gizmos_hidden_in_play_and_game_view PASSED [ 43%]
tests/editor/test_scene_view_polish.py::test_scene_view_polish_can_hide_gizmo_by_type PASSED [ 43%]
tests/editor/test_scene_view_polish.py::test_focus_selected_camera_position_is_safe PASSED [ 43%]
tests/editor/test_script_workspace_controller.py::test_script_workspace_discovers_and_binds_scripts PASSED [ 43%]
tests/editor/test_script_workspace_controller.py::test_script_workspace_updates_and_removes_binding PASSED [ 43%]
tests/editor/test_script_workspace_controller.py::test_script_workspace_does_not_attach_during_play PASSED [ 43%]
tests/editor/test_selection_integration.py::test_viewmodel_selection_setter_delegates_to_selection_manager PASSED [ 43%]
tests/editor/test_selection_integration.py::test_selection_manager_updates_viewmodel_signal PASSED [ 43%]
tests/editor/test_selection_integration.py::test_viewmodel_keeps_event_bus_compatibility PASSED [ 43%]
tests/editor/test_signal_connection_lifecycle.py::test_asset_browser_connect_disconnect_is_idempotent PASSED [ 43%]
tests/editor/test_signal_connection_lifecycle.py::test_console_connect_disconnect_is_idempotent PASSED [ 43%]
tests/editor/test_signal_registry_lifecycle.py::test_registered_signal_callbacks_are_disconnected_exactly_once[HierarchyController] PASSED [ 43%]
tests/editor/test_signal_registry_lifecycle.py::test_registered_signal_callbacks_are_disconnected_exactly_once[IsolatedInspectorController] PASSED [ 43%]
tests/editor/test_signal_registry_lifecycle.py::test_session_shutdown_disconnects_editor_signal_owners PASSED [ 43%]
tests/editor/test_ui_dialogs_and_empty_states.py::test_empty_state_is_reusable_and_used_by_bottom_panels PASSED [ 43%]
tests/editor/test_ui_dialogs_and_empty_states.py::test_asset_preview_is_responsive_and_has_explicit_visual_state PASSED [ 43%]
tests/editor/test_ui_dialogs_and_empty_states.py::test_component_picker_has_search_empty_state_and_no_local_palette PASSED [ 44%]
tests/editor/test_ui_dialogs_and_empty_states.py::test_validation_and_preferences_dialogs_use_global_theme_contract PASSED [ 44%]
tests/editor/test_ui_foundation.py::test_stylesheet_is_generated_from_tokens_without_placeholders PASSED [ 44%]
tests/editor/test_ui_foundation.py::test_theme_can_be_recolored_without_editing_widget_code PASSED [ 44%]
tests/editor/test_ui_foundation.py::test_toolbar_and_component_glyphs_are_centralized_and_monochrome PASSED [ 44%]
tests/editor/test_ui_foundation.py::test_editor_applies_foundation_and_exposes_semantic_widget_names PASSED [ 44%]
tests/editor/test_ui_foundation.py::test_ui_foundation_documents_no_inline_style_rule PASSED [ 44%]
tests/editor/test_ui_iconography_and_resize_stability.py::test_toolbar_has_a_valid_svg_for_every_action PASSED [ 44%]
tests/editor/test_ui_iconography_and_resize_stability.py::test_animation_actions_use_the_same_svg_package PASSED [ 44%]
tests/editor/test_ui_iconography_and_resize_stability.py::test_viewport_resize_events_are_coalesced_and_deduplicated PASSED [ 44%]
tests/editor/test_ui_workspace_migration.py::test_animation_workspace_uses_semantic_theme_contract PASSED [ 44%]
tests/editor/test_ui_workspace_migration.py::test_console_and_profiler_share_global_tokens PASSED [ 44%]
tests/editor/test_ui_workspace_migration.py::test_build_report_uses_semantic_status_instead_of_inline_palette PASSED [ 44%]
tests/editor/test_ui_workspace_migration.py::test_migrated_workspaces_do_not_introduce_fixed_panel_widths PASSED [ 44%]
tests/editor/test_viewport_animation_updater.py::test_isolated_viewport_delegates_animation_frames_and_events PASSED [ 44%]
tests/editor/test_viewport_command_bus.py::test_command_bus_coalesces_identical_state_but_never_scene_mutations PASSED [ 44%]
tests/editor/test_viewport_command_queue.py::test_command_queue_drains_available_dictionary_commands PASSED [ 44%]
tests/editor/test_viewport_command_queue.py::test_command_queue_bounds_work_per_frame_without_dropping_commands PASSED [ 44%]
tests/editor/test_viewport_command_queue.py::test_command_queue_accepts_missing_source PASSED [ 44%]
tests/editor/test_viewport_contact_processor.py::test_contact_processor_preserves_enter_and_exit_events PASSED [ 44%]
tests/editor/test_viewport_contact_processor.py::test_contact_processor_preserves_trigger_events PASSED [ 44%]
tests/editor/test_viewport_contact_processor.py::test_contact_processor_culls_separated_pairs PASSED [ 44%]
tests/editor/test_viewport_control_commands.py::test_control_commands_validate_tools_modes_and_snap_values PASSED [ 45%]
tests/editor/test_viewport_control_commands.py::test_control_commands_update_forwarded_input_in_place PASSED [ 45%]
tests/editor/test_viewport_control_commands.py::test_audio_commands_route_preview_without_owning_play_state PASSED [ 45%]
tests/editor/test_viewport_edit_commands.py::test_edit_handler_updates_transform_and_selection PASSED [ 45%]
tests/editor/test_viewport_edit_commands.py::test_edit_handler_blocks_editor_mutation_during_play PASSED [ 45%]
tests/editor/test_viewport_edit_commands.py::test_edit_handler_creates_unique_sprite_and_emits_snapshot PASSED [ 45%]
tests/editor/test_viewport_edit_commands.py::test_edit_handler_ignores_commands_owned_by_other_subsystems PASSED [ 45%]
tests/editor/test_viewport_event_controller.py::test_transform_events_commit_one_history_entry_per_drag PASSED [ 45%]
tests/editor/test_viewport_event_controller.py::test_runtime_objects_refresh_only_when_membership_changes PASSED [ 45%]
tests/editor/test_viewport_event_controller.py::test_selected_event_updates_inspector_and_status PASSED [ 45%]
tests/editor/test_viewport_event_dispatcher.py::test_dispatcher_routes_known_event_once PASSED [ 45%]
tests/editor/test_viewport_event_dispatcher.py::test_dispatcher_ignores_unknown_event PASSED [ 45%]
tests/editor/test_viewport_event_dispatcher.py::test_event_polling_only_drains_queue_and_dispatches PASSED [ 45%]
tests/editor/test_viewport_navigation_events.py::test_navigation_handler_zooms_around_mouse_position PASSED [ 45%]
tests/editor/test_viewport_navigation_events.py::test_navigation_handler_routes_game_ui_clicks PASSED [ 45%]
tests/editor/test_viewport_overlay_renderer.py::test_overlay_renderer_recognizes_all_runtime_camera_shapes PASSED [ 45%]
tests/editor/test_viewport_overlay_renderer.py::test_isolated_viewport_delegates_overlays_and_gizmos PASSED [ 45%]
tests/editor/test_viewport_physics_stepper.py::test_physics_stepper_applies_gravity_and_lands_on_static_floor PASSED [ 45%]
tests/editor/test_viewport_physics_stepper.py::test_physics_stepper_respects_logic_owned_vertical_axis PASSED [ 45%]
tests/editor/test_viewport_play_commands.py::test_play_commands_own_session_transition_and_restore_edit_snapshot PASSED [ 45%]
tests/editor/test_viewport_play_commands.py::test_play_commands_resize_and_bound_camera_to_world_origin PASSED [ 45%]
tests/editor/test_viewport_play_commands.py::test_play_commands_ignore_unowned_commands PASSED [ 45%]
tests/editor/test_viewport_process_controller.py::test_controller_creates_queues_and_starts_process PASSED [ 46%]
tests/editor/test_viewport_process_controller.py::test_shutdown_requests_graceful_exit_then_forces_stuck_process PASSED [ 46%]
tests/editor/test_viewport_process_controller.py::test_shutdown_is_idempotent PASSED [ 46%]
tests/editor/test_viewport_runtime_initializer.py::test_viewport_delegates_runtime_initialization_and_spawn_discovery PASSED [ 46%]
tests/editor/test_viewport_runtime_initializer.py::test_run_viewport_is_below_original_large_method_threshold PASSED [ 46%]
tests/editor/test_viewport_script_updater.py::test_script_updater_applies_instructions_and_preserves_hook_order PASSED [ 46%]
tests/editor/test_viewport_script_updater.py::test_script_updater_isolates_failed_modules_and_applies_jump PASSED [ 46%]
tests/editor/test_viewport_session_boundaries.py::test_viewport_runtime_has_cohesive_file_boundaries PASSED [ 46%]
tests/editor/test_viewport_session_boundaries.py::test_exporter_packages_extracted_viewport_boundaries PASSED [ 46%]
tests/editor/test_viewport_session_orchestrator.py::test_viewport_delegates_logic_behavior_lifecycle_and_restart PASSED [ 46%]
tests/editor/test_viewport_sprite_renderer.py::test_sprite_renderer_has_stable_layer_order_and_camera_filter PASSED [ 46%]
tests/editor/test_viewport_sprite_renderer.py::test_isolated_viewport_delegates_sprite_and_physics_work PASSED [ 46%]
tests/editor/test_viewport_systems.py::test_fixed_step_scheduler_caps_late_frames_and_resets PASSED [ 46%]
tests/editor/test_viewport_systems.py::test_animation_playback_reports_crossed_frames_deterministically PASSED [ 46%]
tests/editor/test_viewport_systems.py::test_hud_runtime_groups_entries_and_removes_them PASSED [ 46%]
tests/editor/test_viewport_systems.py::test_audio_shutdown_releases_channels_sounds_and_mixer PASSED [ 46%]
tests/editor/test_viewport_transform_events.py::test_transform_handler_selects_and_moves_without_render_loop_state PASSED [ 46%]
tests/editor/test_viewport_transform_events.py::test_transform_handler_snaps_rotation PASSED [ 46%]
tests/editor/test_workspace.py::test_workspace_layout_roundtrip PASSED   [ 46%]
tests/editor/test_workspace.py::test_default_workspace_contains_core_panels PASSED [ 46%]
tests/editor/test_workspace.py::test_compact_workspace_hides_secondary_panels PASSED [ 46%]
tests/editor/test_workspace.py::test_animation_workspace_keeps_preview_visible PASSED [ 46%]
tests/editor/test_workspace.py::test_workspace_manager_applies_and_resets PASSED [ 47%]
tests/editor/test_workspace.py::test_workspace_manager_falls_back_to_default PASSED [ 47%]
tests/editor/test_workspace_builder_boundaries.py::test_center_workspace_builders_are_bounded PASSED [ 47%]
tests/game_base_2d/test_base_game_2d.py::test_scene_is_complete_and_references_existing_scripts PASSED [ 47%]
tests/game_base_2d/test_base_game_2d.py::test_player_coin_damage_and_victory_flow PASSED [ 47%]
tests/game_base_2d/test_base_game_2d.py::test_coin_deactivates_and_notifies_player PASSED [ 47%]
tests/game_base_2d/test_base_game_2d.py::test_play_api_supports_hud_destroy_and_restart PASSED [ 47%]
tests/game_base_2d/test_base_game_2d.py::test_base_scene_demonstrates_all_native_ui_components PASSED [ 47%]
tests/game_base_2d/test_nebula_defense.py::test_nebula_defense_is_a_complete_visual_logic_game PASSED [ 47%]
tests/game_base_2d/test_nebula_defense.py::test_every_nebula_graph_is_valid_and_targets_a_scene_role PASSED [ 47%]
tests/game_base_2d/test_nebula_defense.py::test_nebula_prefabs_are_safe_independent_runtime_objects PASSED [ 47%]
tests/game_base_2d/test_nebula_defense.py::test_enemy_collision_graph_awards_score_only_for_projectile_tag PASSED [ 47%]
tests/game_base_2d/test_nebula_defense.py::test_nebula_defense_exports_with_logic_prefabs_audio_and_images PASSED [ 47%]
tests/graphics/test_camera2d.py::TestInit::test_default_zoom PASSED      [ 47%]
tests/graphics/test_camera2d.py::TestInit::test_default_smoothness PASSED [ 47%]
tests/graphics/test_camera2d.py::TestInit::test_default_target_none PASSED [ 47%]
tests/graphics/test_camera2d.py::TestInit::test_default_bounds_none PASSED [ 47%]
tests/graphics/test_camera2d.py::TestInit::test_default_offset PASSED    [ 47%]
tests/graphics/test_camera2d.py::TestInit::test_first_camera_becomes_main PASSED [ 47%]
tests/graphics/test_camera2d.py::TestInit::test_second_camera_does_not_replace_main PASSED [ 47%]
tests/graphics/test_camera2d.py::TestInit::test_custom_zoom PASSED       [ 47%]
tests/graphics/test_camera2d.py::TestInit::test_custom_bounds PASSED     [ 47%]
tests/graphics/test_camera2d.py::TestMakeMain::test_make_main_replaces_main PASSED [ 48%]
tests/graphics/test_camera2d.py::TestMakeMain::test_start_sets_main_when_none PASSED [ 48%]
tests/graphics/test_camera2d.py::TestMakeMain::test_start_does_not_replace_existing_main PASSED [ 48%]
tests/graphics/test_camera2d.py::TestUpdateFollow::test_no_target_position_unchanged PASSED [ 48%]
tests/graphics/test_camera2d.py::TestUpdateFollow::test_no_game_object_no_crash PASSED [ 48%]
tests/graphics/test_camera2d.py::TestUpdateFollow::test_instant_follow_smoothness_zero PASSED [ 48%]
tests/graphics/test_camera2d.py::TestUpdateFollow::test_smooth_follow_moves_toward_target PASSED [ 48%]
tests/graphics/test_camera2d.py::TestUpdateFollow::test_smooth_follow_does_not_overshoot PASSED [ 48%]
tests/graphics/test_camera2d.py::TestUpdateFollow::test_offset_applied_to_target PASSED [ 48%]
tests/graphics/test_camera2d.py::TestUpdateFollow::test_large_dt_clamps_lerp_to_1 PASSED [ 48%]
tests/graphics/test_camera2d.py::TestBounds::test_clamp_x_min PASSED     [ 48%]
tests/graphics/test_camera2d.py::TestBounds::test_clamp_x_max PASSED     [ 48%]
tests/graphics/test_camera2d.py::TestBounds::test_clamp_y_min PASSED     [ 48%]
tests/graphics/test_camera2d.py::TestBounds::test_clamp_y_max PASSED     [ 48%]
tests/graphics/test_camera2d.py::TestBounds::test_inside_bounds_unchanged PASSED [ 48%]
tests/graphics/test_camera2d.py::TestBounds::test_no_bounds_no_clamp PASSED [ 48%]
tests/graphics/test_camera2d.py::TestWorldToScreen::test_origin_maps_to_screen_center PASSED [ 48%]
tests/graphics/test_camera2d.py::TestWorldToScreen::test_positive_world_x_right_of_center PASSED [ 48%]
tests/graphics/test_camera2d.py::TestWorldToScreen::test_negative_world_x_left_of_center PASSED [ 48%]
tests/graphics/test_camera2d.py::TestWorldToScreen::test_zoom_scales_offset PASSED [ 48%]
tests/graphics/test_camera2d.py::TestWorldToScreen::test_camera_offset_shifts_result PASSED [ 48%]
tests/graphics/test_camera2d.py::TestWorldToScreen::test_different_screen_sizes PASSED [ 48%]
tests/graphics/test_camera2d.py::TestScreenToWorld::test_screen_center_maps_to_origin PASSED [ 49%]
tests/graphics/test_camera2d.py::TestScreenToWorld::test_right_of_center_is_positive_world_x PASSED [ 49%]
tests/graphics/test_camera2d.py::TestScreenToWorld::test_zoom_2_halves_world_coords PASSED [ 49%]
tests/graphics/test_camera2d.py::TestScreenToWorld::test_roundtrip_world_screen_world PASSED [ 49%]
tests/graphics/test_camera2d.py::TestScreenToWorld::test_roundtrip_screen_world_screen PASSED [ 49%]
tests/graphics/test_camera2d.py::TestScreenToWorld::test_camera_offset_shifts_world PASSED [ 49%]
tests/graphics/test_renderer.py::TestInit::test_defaults_visible PASSED  [ 49%]
tests/graphics/test_renderer.py::TestInit::test_defaults_layer_zero PASSED [ 49%]
tests/graphics/test_renderer.py::TestInit::test_defaults_flip_x_false PASSED [ 49%]
tests/graphics/test_renderer.py::TestInit::test_defaults_flip_y_false PASSED [ 49%]
tests/graphics/test_renderer.py::TestInit::test_surface_provided_is_stored PASSED [ 49%]
tests/graphics/test_renderer.py::TestInit::test_no_surface_creates_placeholder PASSED [ 49%]
tests/graphics/test_renderer.py::TestInit::test_width_and_height_from_surface PASSED [ 49%]
tests/graphics/test_renderer.py::TestInit::test_custom_layer PASSED      [ 49%]
tests/graphics/test_renderer.py::TestSurfaceProperty::test_surface_getter PASSED [ 49%]
tests/graphics/test_renderer.py::TestSurfaceProperty::test_surface_setter_updates_surface PASSED [ 49%]
tests/graphics/test_renderer.py::TestSurfaceProperty::test_surface_setter_updates_width PASSED [ 49%]
tests/graphics/test_renderer.py::TestSurfaceProperty::test_surface_setter_updates_height PASSED [ 49%]
tests/graphics/test_renderer.py::TestSurfaceProperty::test_set_color_calls_fill PASSED [ 49%]
tests/graphics/test_renderer.py::TestDrawNoCam::test_draw_calls_screen_blit PASSED [ 49%]
tests/graphics/test_renderer.py::TestDrawNoCam::test_draw_invisible_no_blit PASSED [ 49%]
tests/graphics/test_renderer.py::TestDrawNoCam::test_draw_no_game_object_no_blit PASSED [ 49%]
tests/graphics/test_renderer.py::TestDrawNoCam::test_draw_position_centered_on_world PASSED [ 50%]
tests/graphics/test_renderer.py::TestDrawNoCam::test_draw_no_flip_not_called_when_both_false PASSED [ 50%]
tests/graphics/test_renderer.py::TestDrawNoCam::test_draw_flip_x_calls_transform PASSED [ 50%]
tests/graphics/test_renderer.py::TestDrawNoCam::test_draw_flip_y_calls_transform PASSED [ 50%]
tests/graphics/test_renderer.py::TestDrawWithCam::test_draw_uses_camera_world_to_screen PASSED [ 50%]
tests/graphics/test_renderer.py::TestDrawWithCam::test_draw_position_centered_on_screen PASSED [ 50%]
tests/graphics/test_renderer.py::TestDrawWithCam::test_draw_zoom_calls_scale PASSED [ 50%]
tests/graphics/test_renderer.py::TestDrawWithCam::test_draw_zoom_one_no_scale PASSED [ 50%]
tests/graphics/test_renderer.py::TestDrawWithCam::test_draw_zoom_scales_dimensions PASSED [ 50%]
tests/graphics/test_renderer.py::TestDrawWithCam::test_draw_invisible_with_cam_no_blit PASSED [ 50%]
tests/graphics/test_renderer.py::TestDrawWithCam::test_draw_flip_with_cam_calls_transform PASSED [ 50%]
tests/graphics/test_renderer.py::TestDrawWithCam::test_draw_zoom_minimum_one_pixel PASSED [ 50%]
tests/integration/test_gameplay_foundation.py::test_full_gameplay_foundation_integration PASSED [ 50%]
tests/integration/test_tilemap_integration.py::test_tilemap_integration PASSED [ 50%]
tests/integration/test_v030_stabilization.py::test_v030_stabilization_end_to_end PASSED [ 50%]
tests/logic/test_graph_english_contracts.py::test_all_node_definitions_have_english_categories PASSED [ 50%]
tests/logic/test_graph_english_contracts.py::test_all_node_port_definitions_match_node_definitions PASSED [ 50%]
tests/logic/test_graph_english_contracts.py::test_category_migration_normalizes_portuguese PASSED [ 50%]
tests/logic/test_graph_english_contracts.py::test_normalize_logic_graph_applies_migration PASSED [ 50%]
tests/logic/test_graph_english_contracts.py::test_recipes_have_english_titles_and_categories PASSED [ 50%]
tests/logic/test_graph_english_contracts.py::test_runtime_error_messages_in_english PASSED [ 50%]
tests/logic/test_logic_graph_asset.py::test_logic_graph_round_trip_uses_zlogic_extension PASSED [ 50%]
tests/logic/test_logic_graph_asset.py::test_logic_graph_enabled_state_can_preserve_detached_assets PASSED [ 50%]
tests/logic/test_logic_graph_asset.py::test_node_editor_layout_is_persistent_and_safely_clamped PASSED [ 51%]
tests/logic/test_logic_graph_asset.py::test_old_nodes_receive_default_editor_layout PASSED [ 51%]
tests/logic/test_logic_graph_asset.py::test_graph_annotations_are_persistent_and_clamped PASSED [ 51%]
tests/logic/test_logic_graph_asset.py::test_validation_reports_unreachable_flow_and_execution_cycle PASSED [ 51%]
tests/logic/test_logic_graph_asset.py::test_normalization_removes_edges_with_missing_nodes PASSED [ 51%]
tests/logic/test_logic_graph_asset.py::test_normalization_preserves_only_breakpoints_for_existing_nodes PASSED [ 51%]
tests/logic/test_logic_graph_asset.py::test_consolidate_duplicate_frame_events_preserves_every_branch PASSED [ 51%]
tests/logic/test_logic_graph_asset.py::test_recipe_merge_reuses_frame_event_and_executes_parallel_actions PASSED [ 51%]
tests/logic/test_logic_graph_asset.py::test_validation_explains_duplicate_frame_event PASSED [ 51%]
tests/logic/test_logic_graph_asset.py::test_validation_reports_missing_event_and_disconnected_node PASSED [ 51%]
tests/logic/test_logic_graph_asset.py::test_player_movement_demo_contains_expected_visual_flow PASSED [ 51%]
tests/logic/test_logic_graph_asset.py::test_player_movement_demo_executes_move_and_jump_nodes PASSED [ 51%]
tests/logic/test_logic_graph_asset.py::test_condition_nodes_expose_named_typed_ports PASSED [ 51%]
tests/logic/test_logic_graph_asset.py::test_validation_rejects_incompatible_or_unknown_ports PASSED [ 51%]
tests/logic/test_logic_graph_asset.py::test_runtime_resolves_number_wire_lazily_for_move PASSED [ 51%]
tests/logic/test_logic_graph_asset.py::test_runtime_resolves_boolean_nodes_and_branch PASSED [ 51%]
tests/logic/test_logic_graph_asset.py::test_runtime_connected_value_overrides_property_and_variable_persists PASSED [ 51%]
tests/logic/test_logic_graph_asset.py::test_runtime_reports_data_cycles_with_node_name PASSED [ 51%]
tests/logic/test_logic_graph_asset.py::test_runtime_compare_and_text_wires_drive_hud_action PASSED [ 51%]
tests/logic/test_logic_graph_asset.py::test_runtime_debug_snapshot_is_small_and_serializable PASSED [ 51%]
tests/logic/test_logic_graph_asset.py::test_runtime_breakpoint_and_step_keep_exact_flow_continuation PASSED [ 51%]
tests/logic/test_logic_graph_asset.py::test_conditional_breakpoint_watches_and_restart_are_beginner_safe PASSED [ 51%]
tests/logic/test_logic_graph_asset.py::test_invalid_breakpoint_condition_pauses_with_clear_error PASSED [ 52%]
tests/logic/test_logic_graph_asset.py::test_blackboard_asset_round_trip_preserves_typed_scopes PASSED [ 52%]
tests/logic/test_logic_graph_asset.py::test_blackboard_shares_scene_and_project_but_isolates_objects PASSED [ 52%]
tests/logic/test_logic_graph_asset.py::test_get_and_set_variable_nodes_respect_selected_scope PASSED [ 52%]
tests/logic/test_logic_graph_asset.py::test_visual_events_communicate_between_graphs_with_payload PASSED [ 52%]
tests/logic/test_logic_graph_asset.py::test_visual_event_breakpoint_pauses_before_receiver_node PASSED [ 52%]
tests/logic/test_logic_graph_asset.py::test_visual_event_bus_stops_recursive_event_storm PASSED [ 52%]
tests/logic/test_logic_graph_asset.py::test_subgraph_interface_creates_typed_dynamic_ports PASSED [ 52%]
tests/logic/test_logic_graph_asset.py::test_runtime_executes_reusable_subgraph_with_input_and_output PASSED [ 52%]
tests/logic/test_logic_graph_asset.py::test_runtime_rejects_recursive_subgraph_references PASSED [ 52%]
tests/logic/test_logic_graph_asset.py::test_collision_and_trigger_events_receive_other_object PASSED [ 52%]
tests/logic/test_logic_graph_asset.py::test_repeating_timer_updates_blackboard_after_interval PASSED [ 52%]
tests/logic/test_logic_graph_asset.py::test_math_and_text_library_drives_hud_without_python PASSED [ 52%]
tests/logic/test_logic_graph_asset.py::test_gameplay_block_library_exposes_expected_typed_ports PASSED [ 52%]
tests/logic/test_logic_graph_asset.py::test_score_library_demo_is_reusable_and_executable PASSED [ 52%]
tests/logic/test_logic_graph_asset.py::test_beginner_recipe_search_builds_move_x_flow PASSED [ 52%]
tests/logic/test_logic_graph_asset.py::test_position_nodes_move_per_second_and_read_current_coordinates PASSED [ 52%]
tests/logic/test_logic_graph_asset.py::test_unconnected_action_target_means_current_object_without_copying_it PASSED [ 52%]
tests/logic/test_logic_graph_asset.py::test_recipe_catalog_filters_by_topic_and_keeps_every_recipe_valid PASSED [ 52%]
tests/logic/test_logic_graph_asset.py::test_visual_asset_actions_call_image_animation_and_sound_apis PASSED [ 52%]
tests/logic/test_logic_graph_asset.py::test_scrolling_background_action_configures_and_stops_target PASSED [ 52%]
tests/logic/test_logic_graph_asset.py::test_created_event_uses_new_object_as_implicit_target PASSED [ 52%]
tests/logic/test_logic_graph_asset.py::test_spawn_limit_uses_dedicated_flow_without_creating_object PASSED [ 53%]
tests/logic/test_logic_graph_asset.py::test_same_motion_block_keeps_multiple_spawned_targets_moving PASSED [ 53%]
tests/logic/test_logic_graph_asset.py::test_named_permanent_movements_can_run_together_in_global_and_local_space PASSED [ 53%]
tests/logic/test_logic_graph_asset.py::test_permanent_motion_can_accelerate_change_pause_resume_query_and_stop PASSED [ 53%]
tests/logic/test_logic_graph_asset.py::test_permanent_motion_nodes_expose_handles_and_query_outputs PASSED [ 53%]
tests/logic/test_logic_graph_asset.py::test_held_and_just_pressed_keys_are_distinct_conditions PASSED [ 53%]
tests/logic/test_logic_graph_asset.py::test_prefab_node_rejects_invalid_extension_and_override_size PASSED [ 53%]
tests/logic/test_runtime_boundaries.py::test_logic_runtime_core_has_no_large_methods PASSED [ 53%]
tests/logic/test_runtime_boundaries.py::test_output_evaluation_is_isolated_from_runtime_orchestration PASSED [ 53%]
tests/logic/test_runtime_deterministic_parity.py::test_registry_runtime_repeats_identical_order_and_effects PASSED [ 53%]
tests/logic/test_runtime_deterministic_parity.py::test_once_state_is_deterministic_across_independent_runtimes PASSED [ 53%]
tests/logic/test_runtime_deterministic_parity.py::test_input_graph_is_not_mutated_by_runtime_execution PASSED [ 53%]
tests/performance/test_memory_growth.py::test_play_stop_cycles_stay_within_memory_budget PASSED [ 53%]
tests/performance/test_memory_growth.py::test_probe_reports_intentionally_retained_allocations PASSED [ 53%]
tests/performance/test_performance_budgets.py::test_runtime_budget_accepts_warmed_up_60fps_window PASSED [ 53%]
tests/performance/test_performance_budgets.py::test_budget_reports_every_regressed_metric PASSED [ 53%]
tests/performance/test_performance_budgets.py::test_empty_cache_window_is_not_a_false_failure PASSED [ 53%]
tests/physics/test_collider.py::TestCollisionInfo::test_fields_stored PASSED [ 53%]
tests/physics/test_collider.py::TestCollisionInfo::test_defaults_zero PASSED [ 53%]
tests/physics/test_collider.py::TestCollisionInfo::test_is_dataclass PASSED [ 53%]
tests/physics/test_collider.py::TestCollisionInfo::test_other_can_be_any_object PASSED [ 53%]
tests/physics/test_collider.py::TestBoxColliderInit::test_default_size PASSED [ 53%]
tests/physics/test_collider.py::TestBoxColliderInit::test_custom_size PASSED [ 54%]
tests/physics/test_collider.py::TestBoxColliderInit::test_default_offset_zero PASSED [ 54%]
tests/physics/test_collider.py::TestBoxColliderInit::test_custom_offset PASSED [ 54%]
tests/physics/test_collider.py::TestBoxColliderInit::test_is_trigger_default_false PASSED [ 54%]
tests/physics/test_collider.py::TestBoxColliderInit::test_is_trigger_true PASSED [ 54%]
tests/physics/test_collider.py::TestBoxColliderInit::test_callbacks_default_none PASSED [ 54%]
tests/physics/test_collider.py::TestBoxColliderLifecycle::test_start_registers_collider PASSED [ 54%]
tests/physics/test_collider.py::TestBoxColliderLifecycle::test_start_does_not_duplicate PASSED [ 54%]
tests/physics/test_collider.py::TestBoxColliderLifecycle::test_destroy_removes_from_registry PASSED [ 54%]
tests/physics/test_collider.py::TestBoxColliderLifecycle::test_destroy_when_not_registered_is_safe PASSED [ 54%]
tests/physics/test_collider.py::TestBoxColliderLifecycle::test_multiple_colliders_all_registered PASSED [ 54%]
tests/physics/test_collider.py::TestBoxColliderRect::test_rect_without_game_object PASSED [ 54%]
tests/physics/test_collider.py::TestBoxColliderRect::test_rect_with_game_object_centered PASSED [ 54%]
tests/physics/test_collider.py::TestBoxColliderRect::test_rect_with_offset PASSED [ 54%]
tests/physics/test_collider.py::TestBoxColliderRect::test_rect_int_conversion PASSED [ 54%]
tests/physics/test_collider.py::TestBoxColliderRect::test_rect_updates_when_transform_moves PASSED [ 54%]
tests/physics/test_collider.py::TestBoxColliderRect::test_rect_negative_coords PASSED [ 54%]
tests/physics/test_collider.py::TestBoxCheckAllBasic::test_no_collision_no_callbacks PASSED [ 54%]
tests/physics/test_collider.py::TestBoxCheckAllBasic::test_collision_enter_callbacks PASSED [ 54%]
tests/physics/test_collider.py::TestBoxCheckAllBasic::test_enter_only_once_while_still_colliding PASSED [ 54%]
tests/physics/test_collider.py::TestBoxCheckAllBasic::test_exit_callback_when_separated PASSED [ 54%]
tests/physics/test_collider.py::TestBoxCheckAllBasic::test_inactive_object_ignored PASSED [ 54%]
tests/physics/test_collider.py::TestBoxCheckAllBasic::test_different_scenes_ignored PASSED [ 55%]
tests/physics/test_collider.py::TestBoxCheckAllBasic::test_none_scene_ignored PASSED [ 55%]
tests/physics/test_collider.py::TestBoxCheckAllBasic::test_orphan_purged_every_60_checks PASSED [ 55%]
tests/physics/test_collider.py::TestBoxCheckAllTrigger::test_trigger_detects_but_does_not_resolve PASSED [ 55%]
tests/physics/test_collider.py::TestBoxCheckAllTrigger::test_non_trigger_resolves_with_rigidbody PASSED [ 55%]
tests/physics/test_collider.py::TestBoxResolve::test_resolve_returns_if_no_rigidbody PASSED [ 55%]
tests/physics/test_collider.py::TestBoxResolve::test_resolve_dynamic_a_only_x PASSED [ 55%]
tests/physics/test_collider.py::TestBoxResolve::test_resolve_dynamic_b_only_x PASSED [ 55%]
tests/physics/test_collider.py::TestBoxResolve::test_resolve_both_dynamic_share PASSED [ 55%]
tests/physics/test_collider.py::TestBoxResolve::test_resolve_y_axis PASSED [ 55%]
tests/physics/test_collider.py::TestBoxResolve::test_kinematic_ignored PASSED [ 55%]
tests/physics/test_collider.py::TestCircleCollider::test_init_defaults PASSED [ 55%]
tests/physics/test_collider.py::TestCircleCollider::test_center_without_go PASSED [ 55%]
tests/physics/test_collider.py::TestCircleCollider::test_center_with_go PASSED [ 55%]
tests/physics/test_collider.py::TestCircleCollider::test_collision_enter_and_exit PASSED [ 55%]
tests/physics/test_collider.py::TestCircleCollider::test_trigger_does_not_resolve PASSED [ 55%]
tests/physics/test_collider.py::TestCircleCollider::test_resolve_dist_zero_fallback PASSED [ 55%]
tests/physics/test_rigidbody.py::TestRigidBodyInit::test_default_mass PASSED [ 55%]
tests/physics/test_rigidbody.py::TestRigidBodyInit::test_mass_floor PASSED [ 55%]
tests/physics/test_rigidbody.py::TestRigidBodyInit::test_negative_mass_clamped PASSED [ 55%]
tests/physics/test_rigidbody.py::TestRigidBodyInit::test_default_gravity_scale PASSED [ 55%]
tests/physics/test_rigidbody.py::TestRigidBodyInit::test_default_drag_zero PASSED [ 55%]
tests/physics/test_rigidbody.py::TestRigidBodyInit::test_default_use_gravity_true PASSED [ 56%]
tests/physics/test_rigidbody.py::TestRigidBodyInit::test_default_is_kinematic_false PASSED [ 56%]
tests/physics/test_rigidbody.py::TestRigidBodyInit::test_velocity_starts_zero PASSED [ 56%]
tests/physics/test_rigidbody.py::TestRigidBodyInit::test_acceleration_starts_zero PASSED [ 56%]
tests/physics/test_rigidbody.py::TestAddForce::test_force_accumulates_in_acceleration PASSED [ 56%]
tests/physics/test_rigidbody.py::TestAddForce::test_force_scaled_by_mass PASSED [ 56%]
tests/physics/test_rigidbody.py::TestAddForce::test_force_y_component PASSED [ 56%]
tests/physics/test_rigidbody.py::TestAddForce::test_multiple_forces_accumulate PASSED [ 56%]
tests/physics/test_rigidbody.py::TestAddForce::test_force_ignored_when_kinematic PASSED [ 56%]
tests/physics/test_rigidbody.py::TestAddForce::test_force_does_not_immediately_change_velocity PASSED [ 56%]
tests/physics/test_rigidbody.py::TestAddForce::test_both_axes PASSED     [ 56%]
tests/physics/test_rigidbody.py::TestAddForce::test_force_reset_after_update PASSED [ 56%]
tests/physics/test_rigidbody.py::TestAddImpulse::test_impulse_changes_velocity_immediately PASSED [ 56%]
tests/physics/test_rigidbody.py::TestAddImpulse::test_impulse_scaled_by_mass PASSED [ 56%]
tests/physics/test_rigidbody.py::TestAddImpulse::test_impulse_y_component PASSED [ 56%]
tests/physics/test_rigidbody.py::TestAddImpulse::test_impulse_accumulates PASSED [ 56%]
tests/physics/test_rigidbody.py::TestAddImpulse::test_impulse_ignored_when_kinematic PASSED [ 56%]
tests/physics/test_rigidbody.py::TestAddImpulse::test_impulse_does_not_change_acceleration PASSED [ 56%]
tests/physics/test_rigidbody.py::TestSetVelocityStop::test_set_velocity_overrides PASSED [ 56%]
tests/physics/test_rigidbody.py::TestSetVelocityStop::test_set_velocity_zero PASSED [ 56%]
tests/physics/test_rigidbody.py::TestSetVelocityStop::test_stop_zeroes_velocity PASSED [ 56%]
tests/physics/test_rigidbody.py::TestSetVelocityStop::test_stop_zeroes_acceleration PASSED [ 56%]
tests/physics/test_rigidbody.py::TestSetVelocityStop::test_set_velocity_creates_new_array PASSED [ 57%]
tests/physics/test_rigidbody.py::TestUpdateGravity::test_gravity_increases_vy_each_frame PASSED [ 57%]
tests/physics/test_rigidbody.py::TestUpdateGravity::test_gravity_accumulates_over_frames PASSED [ 57%]
tests/physics/test_rigidbody.py::TestUpdateGravity::test_gravity_scale_applied PASSED [ 57%]
tests/physics/test_rigidbody.py::TestUpdateGravity::test_gravity_zero_scale PASSED [ 57%]
tests/physics/test_rigidbody.py::TestUpdateGravity::test_gravity_disabled PASSED [ 57%]
tests/physics/test_rigidbody.py::TestUpdateGravity::test_gravity_does_not_affect_vx PASSED [ 57%]
tests/physics/test_rigidbody.py::TestUpdateGravity::test_gravity_moves_position_y_down PASSED [ 57%]
tests/physics/test_rigidbody.py::TestUpdateGravity::test_gravity_not_applied_without_game_object PASSED [ 57%]
tests/physics/test_rigidbody.py::TestUpdateGravity::test_negative_gravity_scale_moves_up PASSED [ 57%]
tests/physics/test_rigidbody.py::TestUpdateGravity::test_large_dt_does_not_explode PASSED [ 57%]
tests/physics/test_rigidbody.py::TestUpdateExternalForces::test_force_moves_position_x PASSED [ 57%]
tests/physics/test_rigidbody.py::TestUpdateExternalForces::test_force_moves_position_y_when_no_gravity PASSED [ 57%]
tests/physics/test_rigidbody.py::TestUpdateExternalForces::test_acceleration_reset_after_update PASSED [ 57%]
tests/physics/test_rigidbody.py::TestUpdateExternalForces::test_velocity_persists_after_force_reset PASSED [ 57%]
tests/physics/test_rigidbody.py::TestUpdateExternalForces::test_both_force_and_gravity PASSED [ 57%]
tests/physics/test_rigidbody.py::TestUpdateExternalForces::test_zero_dt_no_movement PASSED [ 57%]
tests/physics/test_rigidbody.py::TestUpdateExternalForces::test_position_integration_correctness PASSED [ 57%]
tests/physics/test_rigidbody.py::TestUpdateExternalForces::test_x_and_y_integrated_independently PASSED [ 57%]
tests/physics/test_rigidbody.py::TestUpdateDrag::test_drag_reduces_velocity PASSED [ 57%]
tests/physics/test_rigidbody.py::TestUpdateDrag::test_zero_drag_no_reduction PASSED [ 57%]
tests/physics/test_rigidbody.py::TestUpdateDrag::test_drag_applied_to_both_axes PASSED [ 57%]
tests/physics/test_rigidbody.py::TestUpdateDrag::test_drag_clamped_at_zero_velocity PASSED [ 58%]
tests/physics/test_rigidbody.py::TestUpdateDrag::test_drag_interacts_with_gravity PASSED [ 58%]
tests/physics/test_rigidbody.py::TestUpdateDrag::test_drag_with_external_force PASSED [ 58%]
tests/physics/test_rigidbody.py::TestUpdateDrag::test_kinematic_drag_has_no_effect PASSED [ 58%]
tests/physics/test_rigidbody.py::TestUpdateKinematic::test_kinematic_position_unchanged PASSED [ 58%]
tests/physics/test_rigidbody.py::TestUpdateKinematic::test_kinematic_velocity_unchanged PASSED [ 58%]
tests/physics/test_rigidbody.py::TestUpdateKinematic::test_kinematic_gravity_ignored PASSED [ 58%]
tests/physics/test_rigidbody.py::TestUpdateKinematic::test_kinematic_force_ignored_by_add_force PASSED [ 58%]
tests/physics/test_rigidbody.py::TestUpdateKinematic::test_set_velocity_ignored_for_kinematic_position PASSED [ 58%]
tests/physics/test_rigidbody.py::TestGrounded::test_grounded_starts_false PASSED [ 58%]
tests/physics/test_rigidbody.py::TestGrounded::test_grounded_reset_to_false_each_update PASSED [ 58%]
tests/physics/test_rigidbody.py::TestGrounded::test_grounded_can_be_set_externally PASSED [ 58%]
tests/physics/test_rigidbody.py::TestGrounded::test_grounded_not_reset_when_kinematic PASSED [ 58%]
tests/physics/test_rigidbody.py::TestGrounded::test_grounded_not_reset_without_game_object PASSED [ 58%]
tests/physics/test_spatial_hash.py::test_broad_phase_culls_separated_colliders_before_narrow_phase PASSED [ 58%]
tests/physics/test_spatial_hash.py::test_broad_phase_preserves_overlapping_contact_detection PASSED [ 58%]
tests/physics/test_spatial_hash.py::test_oversized_collider_uses_bounded_overflow_path PASSED [ 58%]
tests/prefabs/test_parametric_prefab_asset.py::test_variant_inherits_base_and_only_overrides_selected_defaults PASSED [ 58%]
tests/prefabs/test_parametric_prefab_asset.py::test_runtime_applies_typed_parameters_and_preserves_debug_values PASSED [ 58%]
tests/prefabs/test_parametric_prefab_asset.py::test_logic_node_ports_follow_only_the_exposed_prefab_properties PASSED [ 58%]
tests/prefabs/test_parametric_prefab_asset.py::test_prefab_inheritance_cycle_is_rejected PASSED [ 58%]
tests/prefabs/test_prefab_loader.py::test_prefab_lifecycle_and_db_integration PASSED [ 58%]
tests/prefabs/test_prefab_loader.py::test_create_prefab_outside_project_raises_error PASSED [ 59%]
tests/prefabs/test_prefab_loader.py::test_instantiate_prefab_no_duplication PASSED [ 59%]
tests/prefabs/test_prefab_serializer.py::test_serialize_and_deserialize_simple_object PASSED [ 59%]
tests/runtime/test_input_system.py::test_key_pressed_down_and_released_states_last_one_frame PASSED [ 59%]
tests/runtime/test_input_system.py::test_mouse_pressed_down_released_position_and_delta PASSED [ 59%]
tests/runtime/test_input_system.py::test_multiple_keys_can_be_held_simultaneously PASSED [ 59%]
tests/runtime/test_input_system.py::test_input_api_is_inactive_outside_play PASSED [ 59%]
tests/runtime/test_input_system.py::test_runtime_manager_updates_input_before_scripts PASSED [ 59%]
tests/runtime/test_input_system.py::test_runtime_manager_clears_input_after_stop PASSED [ 59%]
tests/runtime/test_input_system.py::test_runtime_manager_ignores_input_events_when_not_playing PASSED [ 59%]
tests/runtime/test_lifecycle_scheduler.py::test_scheduler_runs_each_phase_in_canonical_order PASSED [ 59%]
tests/runtime/test_lifecycle_scheduler.py::test_start_and_stop_are_idempotent PASSED [ 59%]
tests/runtime/test_lifecycle_scheduler.py::test_disabled_entry_starts_once_when_it_becomes_enabled PASSED [ 59%]
tests/runtime/test_lifecycle_scheduler.py::test_fixed_update_caps_catch_up_and_discards_excess_backlog PASSED [ 59%]
tests/runtime/test_lifecycle_scheduler.py::test_unregister_stops_started_entry_once PASSED [ 59%]
tests/runtime/test_lifecycle_scheduler.py::test_invalid_fixed_step_configuration_is_rejected PASSED [ 59%]
tests/runtime/test_lifecycle_soak.py::test_play_stop_soak_releases_edit_snapshot_every_cycle PASSED [ 59%]
tests/runtime/test_lifecycle_soak.py::test_hot_reload_loader_does_not_retain_previous_modules PASSED [ 59%]
tests/runtime/test_lifecycle_soak.py::test_viewport_close_soak_sends_one_shutdown_and_releases_each_process PASSED [ 59%]
tests/runtime/test_play_mode_foundation.py::test_clone_game_object_is_deep_and_independent PASSED [ 59%]
tests/runtime/test_play_mode_foundation.py::test_runtime_scene_clones_editor_scene_and_maps_selection PASSED [ 59%]
tests/runtime/test_play_mode_foundation.py::test_runtime_manager_start_stop_lifecycle PASSED [ 59%]
tests/runtime/test_runtime_lifecycle.py::test_tick_without_play_does_nothing PASSED [ 60%]
tests/runtime/test_runtime_lifecycle.py::test_start_calls_runtime_start_once_and_play_twice_does_not_duplicate PASSED [ 60%]
tests/runtime/test_runtime_lifecycle.py::test_tick_calls_runtime_update_only_while_playing PASSED [ 60%]
tests/runtime/test_runtime_lifecycle.py::test_stop_calls_runtime_stop_and_destroys_scene PASSED [ 60%]
tests/runtime/test_runtime_lifecycle.py::test_stop_twice_is_safe PASSED  [ 60%]
tests/runtime/test_runtime_lifecycle.py::test_disabled_components_do_not_receive_lifecycle PASSED [ 60%]
tests/runtime/test_runtime_lifecycle.py::test_inactive_game_objects_do_not_receive_lifecycle PASSED [ 60%]
tests/runtime/test_runtime_lifecycle.py::test_inactive_parent_blocks_child_lifecycle PASSED [ 60%]
tests/runtime/test_runtime_lifecycle.py::test_multiple_components_receive_update PASSED [ 60%]
tests/runtime/test_runtime_lifecycle.py::test_editor_scene_is_not_modified_by_runtime_lifecycle PASSED [ 60%]
tests/runtime/test_runtime_lifecycle.py::test_play_tick_stop_sequence_is_safe PASSED [ 60%]
tests/runtime/test_runtime_lifecycle.py::test_runtime_manager_notifies_state_transitions_once PASSED [ 60%]
tests/runtime/test_runtime_lifecycle.py::test_runtime_state_listener_can_be_removed PASSED [ 60%]
tests/runtime/test_runtime_world.py::test_runtime_world_creates_unique_objects_and_tracks_lifecycle PASSED [ 60%]
tests/runtime/test_runtime_world.py::test_runtime_world_clones_components_without_sharing_state PASSED [ 60%]
tests/runtime/test_runtime_world.py::test_runtime_world_clone_preserves_every_public_property_independently PASSED [ 60%]
tests/runtime/test_runtime_world.py::test_runtime_world_instantiates_prefab_with_runtime_components PASSED [ 60%]
tests/runtime/test_runtime_world.py::test_runtime_world_accepts_editor_prefab_wrapper PASSED [ 60%]
tests/runtime/test_runtime_world.py::test_prefab_overrides_transform_and_filters_global_components PASSED [ 60%]
tests/runtime/test_runtime_world.py::test_prefab_instances_are_reused_after_destruction PASSED [ 60%]
tests/runtime/test_runtime_world.py::test_prefab_pool_has_a_memory_limit PASSED [ 60%]
tests/runtime/test_runtime_world.py::test_spawn_lifecycle_enforces_time_distance_and_instance_limit PASSED [ 60%]
tests/runtime/test_runtime_world.py::test_generic_spawn_pool_reuses_destroyed_clone_independently PASSED [ 61%]
tests/runtime/test_runtime_world_memory_bounds.py::test_runtime_world_pool_has_a_hard_memory_bound PASSED [ 61%]
tests/runtime/test_script_runtime.py::test_script_runtime_loads_script_and_binds_runtime_context PASSED [ 61%]
tests/runtime/test_script_runtime.py::test_script_lifecycle_awake_start_update_destroy PASSED [ 61%]
tests/runtime/test_script_runtime.py::test_multiple_game_objects_get_separate_script_instances PASSED [ 61%]
tests/runtime/test_script_runtime.py::test_script_update_error_disables_only_failed_component PASSED [ 61%]
tests/runtime/test_script_runtime.py::test_script_instances_are_cleared_on_stop PASSED [ 61%]
tests/runtime/test_script_runtime.py::test_scripts_do_not_execute_outside_play PASSED [ 61%]
tests/runtime/test_script_runtime.py::test_scripts_modify_only_runtime_world PASSED [ 61%]
tests/runtime/test_time_system.py::test_time_defaults_and_fixed_delta_time PASSED [ 61%]
tests/runtime/test_time_system.py::test_tick_without_play_does_not_advance_time PASSED [ 61%]
tests/runtime/test_time_system.py::test_runtime_tick_updates_scaled_and_unscaled_time PASSED [ 61%]
tests/runtime/test_time_system.py::test_multiple_ticks_accumulate_time_and_frames PASSED [ 61%]
tests/runtime/test_time_system.py::test_time_scale_zero_pauses_scaled_delta_but_runtime_still_ticks PASSED [ 61%]
tests/runtime/test_time_system.py::test_time_scale_above_one_speeds_scaled_time PASSED [ 61%]
tests/runtime/test_time_system.py::test_time_scale_below_one_slows_scaled_time PASSED [ 61%]
tests/runtime/test_time_system.py::test_stop_resets_runtime_time_state PASSED [ 61%]
tests/runtime/test_time_system.py::test_new_play_session_starts_with_clean_time_state PASSED [ 61%]
tests/runtime/test_time_system.py::test_script_behaviour_can_read_time_api PASSED [ 61%]
tests/runtime/test_world_ecs_adapter.py::test_runtime_world_ecs_adapter_round_trip_transform PASSED [ 61%]
tests/scene/test_scene_document.py::test_repository_scenes_have_lossless_document_round_trip[AnimatorControllerDemo] PASSED [ 61%]
tests/scene/test_scene_document.py::test_repository_scenes_have_lossless_document_round_trip[BehaviorControllerDemo] PASSED [ 61%]
tests/scene/test_scene_document.py::test_repository_scenes_have_lossless_document_round_trip[JogoBase2D] PASSED [ 62%]
tests/scene/test_scene_document.py::test_repository_scenes_have_lossless_document_round_trip[NebulaDefense] PASSED [ 62%]
tests/scene/test_scene_document.py::test_repository_scenes_have_lossless_document_round_trip[GettingStarted] PASSED [ 62%]
tests/scene/test_scene_document.py::test_unknown_fields_survive_round_trip PASSED [ 62%]
tests/scene/test_scene_document.py::test_document_does_not_share_mutable_state_with_callers PASSED [ 62%]
tests/scene/test_scene_document.py::test_atomic_save_retains_previous_document_as_backup PASSED [ 62%]
tests/scene/test_scene_document.py::test_serializer_accepts_document_without_losing_extensions PASSED [ 62%]
tests/scene/test_scene_document.py::test_official_editor_uses_scene_document_boundary PASSED [ 62%]
tests/scene/test_scene_document.py::test_invalid_document_shape_is_rejected[payload0-TypeError-mapping] PASSED [ 62%]
tests/scene/test_scene_document.py::test_invalid_document_shape_is_rejected[payload1-ValueError-must be a list] PASSED [ 62%]
tests/scene/test_scene_document.py::test_invalid_document_shape_is_rejected[payload2-ValueError-must be a mapping] PASSED [ 62%]
tests/scene/test_scene_serialization.py::test_serialize_and_load_empty_scene PASSED [ 62%]
tests/scene/test_scene_serialization.py::test_save_scene_keeps_previous_version_as_backup PASSED [ 62%]
tests/scene/test_scene_serialization.py::test_serialize_scene_with_object_transform PASSED [ 62%]
tests/scene/test_scene_serialization.py::test_serialize_scene_canonicalizes_nested_asset_references PASSED [ 62%]
tests/scene/test_scene_serialization.py::test_deserialize_game_object_restores_transform_and_identity PASSED [ 62%]
tests/scene/test_scene_serialization.py::test_serialize_and_deserialize_collider_and_rigidbody PASSED [ 62%]
tests/scene/test_scene_serialization.py::test_circle_collider_round_trip PASSED [ 62%]
tests/test_assets.py::TestMeshInit::test_vertices_stored_as_float32 PASSED [ 62%]
tests/test_assets.py::TestMeshInit::test_faces_stored_as_list PASSED     [ 62%]
tests/test_assets.py::TestMeshInit::test_normals_none_when_not_provided PASSED [ 62%]
tests/test_assets.py::TestMeshInit::test_normals_stored_when_provided PASSED [ 62%]
tests/test_assets.py::TestMeshInit::test_face_normals_calculated PASSED  [ 63%]
tests/test_assets.py::TestMeshInit::test_face_normal_unit_length PASSED  [ 63%]
tests/test_assets.py::TestMeshInit::test_degenerate_face_fallback_normal PASSED [ 63%]
tests/test_assets.py::TestMeshInit::test_zero_cross_product_fallback PASSED [ 63%]
tests/test_assets.py::TestGetImage::test_image_loaded_when_file_exists PASSED [ 63%]
tests/test_assets.py::TestGetImage::test_image_cached_second_call_no_reload PASSED [ 63%]
tests/test_assets.py::TestGetImage::test_fallback_surface_when_missing PASSED [ 63%]
tests/test_assets.py::TestGetImage::test_fallback_cached PASSED          [ 63%]
tests/test_assets.py::TestGetImage::test_alpha_true_calls_convert_alpha PASSED [ 63%]
tests/test_assets.py::TestGetImage::test_alpha_false_calls_convert PASSED [ 63%]
tests/test_assets.py::TestLoadSpriteSheet::test_returns_list_of_frames PASSED [ 63%]
tests/test_assets.py::TestLoadSpriteSheet::test_correct_frame_count_2x1 PASSED [ 63%]
tests/test_assets.py::TestLoadSpriteSheet::test_correct_frame_count_2x2 PASSED [ 63%]
tests/test_assets.py::TestLoadSpriteSheet::test_out_of_bounds_frames_skipped PASSED [ 63%]
tests/test_assets.py::TestLoadSpriteSheet::test_each_frame_is_surface PASSED [ 63%]
tests/test_assets.py::TestGetSound::test_sound_loaded_when_file_exists PASSED [ 63%]
tests/test_assets.py::TestGetSound::test_sound_cached PASSED             [ 63%]
tests/test_assets.py::TestGetSound::test_null_sound_when_missing PASSED  [ 63%]
tests/test_assets.py::TestGetSound::test_null_sound_cached PASSED        [ 63%]
tests/test_assets.py::TestPlayMusic::test_play_music_calls_mixer PASSED  [ 63%]
tests/test_assets.py::TestPlayMusic::test_play_music_sets_volume PASSED  [ 63%]
tests/test_assets.py::TestPlayMusic::test_play_music_loops PASSED        [ 63%]
tests/test_assets.py::TestPlayMusic::test_play_music_no_file_no_call PASSED [ 64%]
tests/test_assets.py::TestGetFont::test_sysfont_when_name_none PASSED    [ 64%]
tests/test_assets.py::TestGetFont::test_sysfont_when_file_missing PASSED [ 64%]
tests/test_assets.py::TestGetFont::test_font_loaded_when_file_exists PASSED [ 64%]
tests/test_assets.py::TestGetFont::test_font_cached_by_name_and_size PASSED [ 64%]
tests/test_assets.py::TestGetFont::test_different_sizes_create_different_entries PASSED [ 64%]
tests/test_assets.py::TestGetFont::test_none_name_cached_separately_per_size PASSED [ 64%]
tests/test_assets.py::TestGetMesh::test_fallback_cube_when_missing PASSED [ 64%]
tests/test_assets.py::TestGetMesh::test_mesh_cached PASSED               [ 64%]
tests/test_assets.py::TestGetMesh::test_load_obj_parses_vertices PASSED  [ 64%]
tests/test_assets.py::TestGetMesh::test_load_obj_parses_faces PASSED     [ 64%]
tests/test_assets.py::TestGetMesh::test_load_obj_skips_comments PASSED   [ 64%]
tests/test_assets.py::TestGetMesh::test_load_obj_parses_normals PASSED   [ 64%]
tests/test_assets.py::TestGetMesh::test_load_obj_face_slash_slash_format PASSED [ 64%]
tests/test_assets.py::TestGetMesh::test_load_obj_face_slash_uv_format PASSED [ 64%]
tests/test_assets.py::TestGetMesh::test_load_obj_negative_indices PASSED [ 64%]
tests/test_assets.py::TestCreateCubeMesh::test_cube_has_8_vertices PASSED [ 64%]
tests/test_assets.py::TestCreateCubeMesh::test_cube_has_6_faces PASSED   [ 64%]
tests/test_assets.py::TestCreateCubeMesh::test_cube_custom_size PASSED   [ 64%]
tests/test_assets.py::TestCreateCubeMesh::test_cube_face_normals_shape PASSED [ 64%]
tests/test_assets.py::TestCreateCubeMesh::test_cube_default_size_bounds PASSED [ 64%]
tests/test_audio.py::TestInit::test_init_skipped_when_already_initialized PASSED [ 64%]
tests/test_audio.py::TestInit::test_init_calls_mixer_init_when_not_initialized PASSED [ 65%]
tests/test_audio.py::TestInit::test_init_skips_mixer_init_if_already_init PASSED [ 65%]
tests/test_audio.py::TestInit::test_init_returns_false_on_exception PASSED [ 65%]
tests/test_audio.py::TestPlayMusic::test_play_music_loads_path PASSED    [ 65%]
tests/test_audio.py::TestPlayMusic::test_play_music_calls_play_loop PASSED [ 65%]
tests/test_audio.py::TestPlayMusic::test_play_music_calls_play_no_loop PASSED [ 65%]
tests/test_audio.py::TestPlayMusic::test_play_music_with_fade PASSED     [ 65%]
tests/test_audio.py::TestPlayMusic::test_play_music_stores_path PASSED   [ 65%]
tests/test_audio.py::TestPlayMusic::test_play_music_clears_paused_flag PASSED [ 65%]
tests/test_audio.py::TestPlayMusic::test_play_music_skips_if_file_missing PASSED [ 65%]
tests/test_audio.py::TestPlayMusic::test_play_music_sets_volume PASSED   [ 65%]
tests/test_audio.py::TestStopMusic::test_stop_music_calls_stop PASSED    [ 65%]
tests/test_audio.py::TestStopMusic::test_stop_music_with_fade_calls_fadeout PASSED [ 65%]
tests/test_audio.py::TestStopMusic::test_stop_music_with_fade_does_not_call_stop PASSED [ 65%]
tests/test_audio.py::TestStopMusic::test_stop_music_clears_path PASSED   [ 65%]
tests/test_audio.py::TestStopMusic::test_stop_music_clears_paused_flag PASSED [ 65%]
tests/test_audio.py::TestPauseResumeMusic::test_pause_calls_mixer_pause PASSED [ 65%]
tests/test_audio.py::TestPauseResumeMusic::test_pause_sets_paused_flag PASSED [ 65%]
tests/test_audio.py::TestPauseResumeMusic::test_pause_idempotent_if_already_paused PASSED [ 65%]
tests/test_audio.py::TestPauseResumeMusic::test_resume_calls_unpause PASSED [ 65%]
tests/test_audio.py::TestPauseResumeMusic::test_resume_clears_paused_flag PASSED [ 65%]
tests/test_audio.py::TestPauseResumeMusic::test_resume_idempotent_if_not_paused PASSED [ 65%]
tests/test_audio.py::TestPauseResumeMusic::test_is_music_playing_true PASSED [ 66%]
tests/test_audio.py::TestPauseResumeMusic::test_is_music_playing_false_when_paused PASSED [ 66%]
tests/test_audio.py::TestPauseResumeMusic::test_is_music_playing_false_when_not_busy PASSED [ 66%]
tests/test_audio.py::TestMusicVolume::test_set_music_volume_clamps_max PASSED [ 66%]
tests/test_audio.py::TestMusicVolume::test_set_music_volume_clamps_min PASSED [ 66%]
tests/test_audio.py::TestMusicVolume::test_set_music_volume_updates_mixer PASSED [ 66%]
tests/test_audio.py::TestMusicVolume::test_set_music_volume_multiplied_by_master PASSED [ 66%]
tests/test_audio.py::TestSfx::test_play_sfx_loads_sound PASSED           [ 66%]
tests/test_audio.py::TestSfx::test_play_sfx_caches_sound PASSED          [ 66%]
tests/test_audio.py::TestSfx::test_play_sfx_calls_play PASSED            [ 66%]
tests/test_audio.py::TestSfx::test_play_sfx_sets_volume PASSED           [ 66%]
tests/test_audio.py::TestSfx::test_play_sfx_volume_clamped_max PASSED    [ 66%]
tests/test_audio.py::TestSfx::test_play_sfx_returns_channel PASSED       [ 66%]
tests/test_audio.py::TestSfx::test_play_sfx_returns_none_if_missing PASSED [ 66%]
tests/test_audio.py::TestSfx::test_play_sfx_loops_param PASSED           [ 66%]
tests/test_audio.py::TestSfx::test_stop_sfx_calls_sound_stop PASSED      [ 66%]
tests/test_audio.py::TestSfx::test_stop_sfx_noop_if_not_cached PASSED    [ 66%]
tests/test_audio.py::TestSfx::test_set_sfx_volume_updates_cache PASSED   [ 66%]
tests/test_audio.py::TestSfx::test_set_sfx_volume_clamps_max PASSED      [ 66%]
tests/test_audio.py::TestSfx::test_set_sfx_volume_clamps_min PASSED      [ 66%]
tests/test_audio.py::TestMasterVolume::test_set_master_volume_stored PASSED [ 66%]
tests/test_audio.py::TestMasterVolume::test_set_master_volume_clamps_max PASSED [ 66%]
tests/test_audio.py::TestMasterVolume::test_set_master_volume_clamps_min PASSED [ 67%]
tests/test_audio.py::TestMasterVolume::test_set_master_volume_updates_music PASSED [ 67%]
tests/test_audio.py::TestMasterVolume::test_set_master_volume_updates_sfx_cache PASSED [ 67%]
tests/test_audio.py::TestMasterVolume::test_set_master_zero_silences_all PASSED [ 67%]
tests/test_audio.py::TestGlobalControl::test_pause_all_pauses_music PASSED [ 67%]
tests/test_audio.py::TestGlobalControl::test_pause_all_pauses_mixer PASSED [ 67%]
tests/test_audio.py::TestGlobalControl::test_resume_all_resumes_music PASSED [ 67%]
tests/test_audio.py::TestGlobalControl::test_resume_all_resumes_mixer PASSED [ 67%]
tests/test_audio.py::TestGlobalControl::test_stop_all_stops_music PASSED [ 67%]
tests/test_audio.py::TestGlobalControl::test_stop_all_stops_mixer PASSED [ 67%]
tests/test_audio.py::TestGlobalControl::test_stop_all_clears_music_path PASSED [ 67%]
tests/test_audio.py::TestUnloadCache::test_unload_cache_stops_all_sounds PASSED [ 67%]
tests/test_audio.py::TestUnloadCache::test_unload_cache_clears_dict PASSED [ 67%]
tests/test_audio.py::TestUnloadCache::test_unload_cache_noop_when_empty PASSED [ 67%]
tests/test_ci_baseline_contract.py::test_linux_and_windows_run_the_complete_test_suite PASSED [ 67%]
tests/test_ci_baseline_contract.py::test_ci_can_be_started_manually_and_cancels_stale_runs PASSED [ 67%]
tests/test_ci_baseline_contract.py::test_pytest_has_one_canonical_configuration PASSED [ 67%]
tests/test_component_registry.py::TestRegistryRegister::test_register_by_class_name PASSED [ 67%]
tests/test_component_registry.py::TestRegistryRegister::test_register_with_alias PASSED [ 67%]
tests/test_component_registry.py::TestRegistryRegister::test_register_returns_class PASSED [ 67%]
tests/test_component_registry.py::TestRegistryRegister::test_register_overwrites PASSED [ 67%]
tests/test_component_registry.py::TestRegistryRegister::test_register_multiple_classes PASSED [ 67%]
tests/test_component_registry.py::TestRegistryRegister::test_clear_empties_registry PASSED [ 68%]
tests/test_component_registry.py::TestRegistryRegister::test_decorator_no_args PASSED [ 68%]
tests/test_component_registry.py::TestRegistryRegister::test_decorator_with_alias PASSED [ 68%]
tests/test_component_registry.py::TestRegistryRegister::test_decorator_returns_class PASSED [ 68%]
tests/test_component_registry.py::TestRegistryResolve::test_resolve_registered PASSED [ 68%]
tests/test_component_registry.py::TestRegistryResolve::test_resolve_raises_key_error PASSED [ 68%]
tests/test_component_registry.py::TestRegistryResolve::test_get_returns_none_for_unknown PASSED [ 68%]
tests/test_component_registry.py::TestRegistryResolve::test_get_returns_default PASSED [ 68%]
tests/test_component_registry.py::TestRegistryResolve::test_all_names_no_duplicates PASSED [ 68%]
tests/test_component_registry.py::TestRegistryResolve::test_all_classes PASSED [ 68%]
tests/test_component_registry.py::TestRegistryResolve::test_all_classes_unique PASSED [ 68%]
tests/test_component_registry.py::TestRegistryCreate::test_create_no_kwargs PASSED [ 68%]
tests/test_component_registry.py::TestRegistryCreate::test_create_with_kwargs PASSED [ 68%]
tests/test_component_registry.py::TestRegistryCreate::test_create_unknown_raises PASSED [ 68%]
tests/test_component_registry.py::TestRegistryCreate::test_create_multiple_independent PASSED [ 68%]
tests/test_component_registry.py::TestComponentEnabled::test_enabled_default_true PASSED [ 68%]
tests/test_component_registry.py::TestComponentEnabled::test_disable PASSED [ 68%]
tests/test_component_registry.py::TestComponentEnabled::test_enable PASSED [ 68%]
tests/test_component_registry.py::TestComponentEnabled::test_on_disable_called PASSED [ 68%]
tests/test_component_registry.py::TestComponentEnabled::test_on_enable_called PASSED [ 68%]
tests/test_component_registry.py::TestComponentEnabled::test_on_disable_not_called_when_already_disabled PASSED [ 68%]
tests/test_component_registry.py::TestComponentEnabled::test_update_skipped_when_disabled PASSED [ 68%]
tests/test_component_registry.py::TestComponentEnabled::test_draw_skipped_when_disabled PASSED [ 69%]
tests/test_component_registry.py::TestComponentEnabled::test_update_called_when_enabled PASSED [ 69%]
tests/test_component_registry.py::TestComponentUnique::test_unique_second_raises PASSED [ 69%]
tests/test_component_registry.py::TestComponentUnique::test_unique_same_instance_no_raise PASSED [ 69%]
tests/test_component_registry.py::TestComponentUnique::test_non_unique_allows_multiple PASSED [ 69%]
tests/test_component_registry.py::TestComponentUnique::test_transform_is_unique PASSED [ 69%]
tests/test_component_registry.py::TestComponentUnique::test_transform_unique_raises PASSED [ 69%]
tests/test_component_registry.py::TestComponentSerialize::test_serialize_type_key PASSED [ 69%]
tests/test_component_registry.py::TestComponentSerialize::test_serialize_enabled_key PASSED [ 69%]
tests/test_component_registry.py::TestComponentSerialize::test_serialize_custom_fields PASSED [ 69%]
tests/test_component_registry.py::TestComponentSerialize::test_deserialize_restores_hp PASSED [ 69%]
tests/test_component_registry.py::TestComponentSerialize::test_deserialize_restores_enabled_false PASSED [ 69%]
tests/test_component_registry.py::TestComponentSerialize::test_roundtrip PASSED [ 69%]
tests/test_component_registry.py::TestComponentSerialize::test_base_component_serialize PASSED [ 69%]
tests/test_component_registry.py::TestComponentSerialize::test_base_component_deserialize PASSED [ 69%]
tests/test_component_registry.py::TestTransformSerialize::test_serialize_has_position PASSED [ 69%]
tests/test_component_registry.py::TestTransformSerialize::test_serialize_has_rotation PASSED [ 69%]
tests/test_component_registry.py::TestTransformSerialize::test_serialize_has_scale PASSED [ 69%]
tests/test_component_registry.py::TestTransformSerialize::test_serialize_type PASSED [ 69%]
tests/test_component_registry.py::TestTransformSerialize::test_deserialize_position PASSED [ 69%]
tests/test_component_registry.py::TestTransformSerialize::test_deserialize_rotation PASSED [ 69%]
tests/test_component_registry.py::TestTransformSerialize::test_deserialize_scale PASSED [ 69%]
tests/test_component_registry.py::TestTransformSerialize::test_roundtrip PASSED [ 70%]
tests/test_component_registry.py::TestGameObjectSerialize::test_serialize_name PASSED [ 70%]
tests/test_component_registry.py::TestGameObjectSerialize::test_serialize_tag PASSED [ 70%]
tests/test_component_registry.py::TestGameObjectSerialize::test_serialize_active PASSED [ 70%]
tests/test_component_registry.py::TestGameObjectSerialize::test_serialize_has_id PASSED [ 70%]
tests/test_component_registry.py::TestGameObjectSerialize::test_serialize_components_list PASSED [ 70%]
tests/test_component_registry.py::TestGameObjectSerialize::test_serialize_custom_component PASSED [ 70%]
tests/test_component_registry.py::TestGameObjectSerialize::test_serialize_children PASSED [ 70%]
tests/test_component_registry.py::TestGameObjectSerialize::test_deserialize_name_tag PASSED [ 70%]
tests/test_component_registry.py::TestGameObjectSerialize::test_deserialize_active_false PASSED [ 70%]
tests/test_component_registry.py::TestGameObjectSerialize::test_deserialize_preserves_id PASSED [ 70%]
tests/test_component_registry.py::TestGameObjectSerialize::test_deserialize_transform_position PASSED [ 70%]
tests/test_component_registry.py::TestGameObjectSerialize::test_deserialize_registered_component PASSED [ 70%]
tests/test_component_registry.py::TestGameObjectSerialize::test_deserialize_unknown_component_ignored PASSED [ 70%]
tests/test_component_registry.py::TestGameObjectSerialize::test_deserialize_children PASSED [ 70%]
tests/test_event_bus.py::TestSubscribe::test_subscribe_adds_listener PASSED [ 70%]
tests/test_event_bus.py::TestSubscribe::test_subscribe_multiple_callbacks PASSED [ 70%]
tests/test_event_bus.py::TestSubscribe::test_subscribe_ignores_duplicate PASSED [ 70%]
tests/test_event_bus.py::TestSubscribe::test_subscribe_different_events_independent PASSED [ 70%]
tests/test_event_bus.py::TestSubscribe::test_has_listeners_true_after_subscribe PASSED [ 70%]
tests/test_event_bus.py::TestSubscribe::test_has_listeners_false_on_unknown_event PASSED [ 70%]
tests/test_event_bus.py::TestSubscribe::test_listener_count_zero_on_empty PASSED [ 70%]
tests/test_event_bus.py::TestUnsubscribe::test_unsubscribe_removes_listener PASSED [ 71%]
tests/test_event_bus.py::TestUnsubscribe::test_unsubscribe_only_removes_target PASSED [ 71%]
tests/test_event_bus.py::TestUnsubscribe::test_unsubscribe_unknown_event_no_crash PASSED [ 71%]
tests/test_event_bus.py::TestUnsubscribe::test_unsubscribe_callback_not_subscribed_no_crash PASSED [ 71%]
tests/test_event_bus.py::TestUnsubscribe::test_unsubscribe_prevents_callback_being_called PASSED [ 71%]
tests/test_event_bus.py::TestEmit::test_emit_calls_subscriber PASSED     [ 71%]
tests/test_event_bus.py::TestEmit::test_emit_passes_kwargs PASSED        [ 71%]
tests/test_event_bus.py::TestEmit::test_emit_calls_all_subscribers PASSED [ 71%]
tests/test_event_bus.py::TestEmit::test_emit_unknown_event_no_crash PASSED [ 71%]
tests/test_event_bus.py::TestEmit::test_emit_exception_in_listener_does_not_stop_others PASSED [ 71%]
tests/test_event_bus.py::TestEmit::test_emit_multiple_times PASSED       [ 71%]
tests/test_event_bus.py::TestEmit::test_emit_does_not_cross_events PASSED [ 71%]
tests/test_event_bus.py::TestEmit::test_emit_snapshot_safe_during_unsubscribe PASSED [ 71%]
tests/test_event_bus.py::TestOnce::test_once_fires_on_first_emit PASSED  [ 71%]
tests/test_event_bus.py::TestOnce::test_once_does_not_fire_on_second_emit PASSED [ 71%]
tests/test_event_bus.py::TestOnce::test_once_removed_from_listeners_after_fire PASSED [ 71%]
tests/test_event_bus.py::TestOnce::test_once_passes_kwargs PASSED        [ 71%]
tests/test_event_bus.py::TestOnce::test_once_alongside_regular_subscriber PASSED [ 71%]
tests/test_event_bus.py::TestOnce::test_once_multiple_callbacks_each_fires_once PASSED [ 71%]
tests/test_event_bus.py::TestEmitDeferred::test_deferred_not_called_before_flush PASSED [ 71%]
tests/test_event_bus.py::TestEmitDeferred::test_deferred_called_after_flush PASSED [ 71%]
tests/test_event_bus.py::TestEmitDeferred::test_deferred_passes_kwargs_after_flush PASSED [ 71%]
tests/test_event_bus.py::TestEmitDeferred::test_pending_count_increases_with_deferred PASSED [ 72%]
tests/test_event_bus.py::TestEmitDeferred::test_pending_count_zero_after_flush PASSED [ 72%]
tests/test_event_bus.py::TestEmitDeferred::test_multiple_deferred_dispatched_in_order PASSED [ 72%]
tests/test_event_bus.py::TestEmitDeferred::test_flush_empty_queue_no_crash PASSED [ 72%]
tests/test_event_bus.py::TestEmitDeferred::test_flush_processes_only_queued_at_call_time PASSED [ 72%]
tests/test_event_bus.py::TestClear::test_clear_event_removes_listeners PASSED [ 72%]
tests/test_event_bus.py::TestClear::test_clear_event_does_not_affect_others PASSED [ 72%]
tests/test_event_bus.py::TestClear::test_clear_all_removes_everything PASSED [ 72%]
tests/test_event_bus.py::TestClear::test_clear_unknown_event_no_crash PASSED [ 72%]
tests/test_event_bus.py::TestClear::test_clear_prevents_emit_from_calling_listener PASSED [ 72%]
tests/test_event_bus.py::TestRetrocompatInstance::test_publish_calls_listener PASSED [ 72%]
tests/test_event_bus.py::TestRetrocompatInstance::test_has_subscribers_true PASSED [ 72%]
tests/test_event_bus.py::TestRetrocompatInstance::test_has_subscribers_false PASSED [ 72%]
tests/test_event_bus.py::TestRetrocompatInstance::test_subscribers_count_via_instance PASSED [ 72%]
tests/test_event_bus.py::TestRetrocompatInstance::test_unsubscribe_all_via_instance PASSED [ 72%]
tests/test_event_bus.py::TestRetrocompatInstance::test_instance_shares_global_state PASSED [ 72%]
tests/test_event_bus.py::TestEdgeCases::test_subscribe_lambda PASSED     [ 72%]
tests/test_event_bus.py::TestEdgeCases::test_emit_with_no_kwargs PASSED  [ 72%]
tests/test_event_bus.py::TestEdgeCases::test_event_name_with_dots PASSED [ 72%]
tests/test_event_bus.py::TestEdgeCases::test_event_name_case_sensitive PASSED [ 72%]
tests/test_event_bus.py::TestEdgeCases::test_many_events_independent PASSED [ 72%]
tests/test_event_bus.py::TestEdgeCases::test_deferred_then_clear_all_drops_queue PASSED [ 72%]
tests/test_game_object.py::TestInit::test_name_stored PASSED             [ 73%]
tests/test_game_object.py::TestInit::test_default_name PASSED            [ 73%]
tests/test_game_object.py::TestInit::test_tag_stored PASSED              [ 73%]
tests/test_game_object.py::TestInit::test_default_tag PASSED             [ 73%]
tests/test_game_object.py::TestInit::test_active_true_by_default PASSED  [ 73%]
tests/test_game_object.py::TestInit::test_parent_none PASSED             [ 73%]
tests/test_game_object.py::TestInit::test_children_empty PASSED          [ 73%]
tests/test_game_object.py::TestInit::test_scene_none PASSED              [ 73%]
tests/test_game_object.py::TestInit::test_id_is_valid_uuid4 PASSED       [ 73%]
tests/test_game_object.py::TestInit::test_id_unique_per_instance PASSED  [ 73%]
tests/test_game_object.py::TestInit::test_short_id_length PASSED         [ 73%]
tests/test_game_object.py::TestInit::test_transform_added_automatically PASSED [ 73%]
tests/test_game_object.py::TestInit::test_transform_game_object_is_self PASSED [ 73%]
tests/test_game_object.py::TestComponents::test_add_component_returns_component PASSED [ 73%]
tests/test_game_object.py::TestComponents::test_add_component_sets_game_object PASSED [ 73%]
tests/test_game_object.py::TestComponents::test_add_component_appended_to_list PASSED [ 73%]
tests/test_game_object.py::TestComponents::test_get_component_found PASSED [ 73%]
tests/test_game_object.py::TestComponents::test_get_component_not_found_returns_none PASSED [ 73%]
tests/test_game_object.py::TestComponents::test_get_component_returns_first_match PASSED [ 73%]
tests/test_game_object.py::TestComponents::test_get_components_returns_all PASSED [ 73%]
tests/test_game_object.py::TestComponents::test_get_components_empty_list_if_none PASSED [ 73%]
tests/test_game_object.py::TestComponents::test_get_components_filters_by_type PASSED [ 73%]
tests/test_game_object.py::TestComponents::test_remove_component_removes_from_list PASSED [ 74%]
tests/test_game_object.py::TestComponents::test_remove_component_calls_destroy PASSED [ 74%]
tests/test_game_object.py::TestComponents::test_remove_component_clears_game_object PASSED [ 74%]
tests/test_game_object.py::TestComponents::test_remove_component_not_present_no_crash PASSED [ 74%]
tests/test_game_object.py::TestComponents::test_start_called_when_scene_present PASSED [ 74%]
tests/test_game_object.py::TestComponents::test_start_not_called_twice PASSED [ 74%]
tests/test_game_object.py::TestLifecycle::test_update_calls_all_components PASSED [ 74%]
tests/test_game_object.py::TestLifecycle::test_update_inactive_skips_components PASSED [ 74%]
tests/test_game_object.py::TestLifecycle::test_update_propagates_to_children PASSED [ 74%]
tests/test_game_object.py::TestLifecycle::test_update_inactive_child_skipped PASSED [ 74%]
tests/test_game_object.py::TestLifecycle::test_draw_calls_all_components PASSED [ 74%]
tests/test_game_object.py::TestLifecycle::test_draw_inactive_skips PASSED [ 74%]
tests/test_game_object.py::TestLifecycle::test_draw_propagates_to_children PASSED [ 74%]
tests/test_game_object.py::TestLifecycle::test_destroy_deactivates PASSED [ 74%]
tests/test_game_object.py::TestLifecycle::test_destroy_calls_component_destroy PASSED [ 74%]
tests/test_game_object.py::TestLifecycle::test_destroy_clears_components PASSED [ 74%]
tests/test_game_object.py::TestLifecycle::test_destroy_clears_children PASSED [ 74%]
tests/test_game_object.py::TestLifecycle::test_destroy_removes_from_parent PASSED [ 74%]
tests/test_game_object.py::TestLifecycle::test_destroy_child_recursively PASSED [ 74%]
tests/test_game_object.py::TestHierarchy::test_add_child_sets_parent PASSED [ 74%]
tests/test_game_object.py::TestHierarchy::test_add_child_appends_to_children PASSED [ 74%]
tests/test_game_object.py::TestHierarchy::test_add_child_returns_child PASSED [ 74%]
tests/test_game_object.py::TestHierarchy::test_add_child_reparents_if_already_has_parent PASSED [ 75%]
tests/test_game_object.py::TestHierarchy::test_remove_child_clears_parent PASSED [ 75%]
tests/test_game_object.py::TestHierarchy::test_remove_child_removes_from_children PASSED [ 75%]
tests/test_game_object.py::TestHierarchy::test_remove_child_not_present_no_crash PASSED [ 75%]
tests/test_game_object.py::TestHierarchy::test_add_child_propagates_scene PASSED [ 75%]
tests/test_game_object.py::TestHierarchy::test_remove_child_clears_scene PASSED [ 75%]
tests/test_game_object.py::TestHierarchy::test_multiple_children PASSED  [ 75%]
tests/test_game_object.py::TestRepr::test_repr_contains_name PASSED      [ 75%]
tests/test_game_object.py::TestRepr::test_repr_contains_short_id PASSED  [ 75%]
tests/test_game_object.py::TestRepr::test_repr_shows_tag_when_not_untagged PASSED [ 75%]
tests/test_game_object.py::TestRepr::test_repr_omits_tag_when_untagged PASSED [ 75%]
tests/test_input.py::TestGetKey::test_key_held_returns_true PASSED       [ 75%]
tests/test_input.py::TestGetKey::test_key_not_pressed_returns_false PASSED [ 75%]
tests/test_input.py::TestGetKey::test_different_key_not_affected PASSED  [ 75%]
tests/test_input.py::TestGetKey::test_empty_state_returns_false PASSED   [ 75%]
tests/test_input.py::TestGetKey::test_invalid_key_index_returns_false PASSED [ 75%]
tests/test_input.py::TestGetKey::test_multiple_keys_pressed PASSED       [ 75%]
tests/test_input.py::TestGetKeyDown::test_key_down_true_when_pressed_this_frame PASSED [ 75%]
tests/test_input.py::TestGetKeyDown::test_key_down_false_when_held PASSED [ 75%]
tests/test_input.py::TestGetKeyDown::test_key_down_false_when_not_pressed PASSED [ 75%]
tests/test_input.py::TestGetKeyDown::test_key_down_false_when_released_this_frame PASSED [ 75%]
tests/test_input.py::TestGetKeyDown::test_key_down_empty_states_no_crash PASSED [ 75%]
tests/test_input.py::TestGetKeyDown::test_key_down_only_for_correct_key PASSED [ 76%]
tests/test_input.py::TestGetKeyUp::test_key_up_true_when_released_this_frame PASSED [ 76%]
tests/test_input.py::TestGetKeyUp::test_key_up_false_when_still_held PASSED [ 76%]
tests/test_input.py::TestGetKeyUp::test_key_up_false_when_never_pressed PASSED [ 76%]
tests/test_input.py::TestGetKeyUp::test_key_up_false_when_just_pressed PASSED [ 76%]
tests/test_input.py::TestGetKeyUp::test_key_up_empty_states_no_crash PASSED [ 76%]
tests/test_input.py::TestGetKeyUp::test_key_up_only_for_correct_key PASSED [ 76%]
tests/test_input.py::TestMouse::test_mouse_position_default PASSED       [ 76%]
tests/test_input.py::TestMouse::test_mouse_position_stored PASSED        [ 76%]
tests/test_input.py::TestMouse::test_mouse_rel_default PASSED            [ 76%]
tests/test_input.py::TestMouse::test_mouse_rel_stored PASSED             [ 76%]
tests/test_input.py::TestMouse::test_mouse_button_held PASSED            [ 76%]
tests/test_input.py::TestMouse::test_mouse_button_not_held PASSED        [ 76%]
tests/test_input.py::TestMouse::test_mouse_button_right PASSED           [ 76%]
tests/test_input.py::TestMouse::test_mouse_button_invalid_index_returns_false PASSED [ 76%]
tests/test_input.py::TestMouse::test_mouse_button_down_true PASSED       [ 76%]
tests/test_input.py::TestMouse::test_mouse_button_down_false_when_held PASSED [ 76%]
tests/test_input.py::TestMouse::test_mouse_button_down_false_when_not_pressed PASSED [ 76%]
tests/test_input.py::TestMouse::test_mouse_button_up_true PASSED         [ 76%]
tests/test_input.py::TestMouse::test_mouse_button_up_false_when_still_held PASSED [ 76%]
tests/test_input.py::TestMouse::test_mouse_button_up_false_when_never_pressed PASSED [ 76%]
tests/test_input.py::TestMouse::test_mouse_button_invalid_up_returns_false PASSED [ 76%]
tests/test_input.py::TestAxes::test_axis_h_zero_by_default PASSED        [ 77%]
tests/test_input.py::TestAxes::test_axis_h_left_arrow PASSED             [ 77%]
tests/test_input.py::TestAxes::test_axis_h_right_arrow PASSED            [ 77%]
tests/test_input.py::TestAxes::test_axis_h_a_key PASSED                  [ 77%]
tests/test_input.py::TestAxes::test_axis_h_d_key PASSED                  [ 77%]
tests/test_input.py::TestAxes::test_axis_h_both_left_right_cancels PASSED [ 77%]
tests/test_input.py::TestAxes::test_axis_h_both_ad_cancels PASSED        [ 77%]
tests/test_input.py::TestAxes::test_axis_h_arrow_and_wasd_combined PASSED [ 77%]
tests/test_input.py::TestAxes::test_axis_v_zero_by_default PASSED        [ 77%]
tests/test_input.py::TestAxes::test_axis_v_up_arrow PASSED               [ 77%]
tests/test_input.py::TestAxes::test_axis_v_down_arrow PASSED             [ 77%]
tests/test_input.py::TestAxes::test_axis_v_w_key PASSED                  [ 77%]
tests/test_input.py::TestAxes::test_axis_v_s_key PASSED                  [ 77%]
tests/test_input.py::TestAxes::test_axis_v_both_up_down_cancels PASSED   [ 77%]
tests/test_input.py::TestAxes::test_axis_v_both_ws_cancels PASSED        [ 77%]
tests/test_input.py::TestAxes::test_axis_v_arrow_and_wasd_combined PASSED [ 77%]
tests/test_input.py::TestUpdate::test_update_shifts_keys_current_to_previous PASSED [ 77%]
tests/test_input.py::TestUpdate::test_update_fetches_new_keys_current PASSED [ 77%]
tests/test_input.py::TestUpdate::test_update_shifts_mouse_current_to_previous PASSED [ 77%]
tests/test_input.py::TestUpdate::test_update_fetches_mouse_position PASSED [ 77%]
tests/test_input.py::TestUpdate::test_update_fetches_mouse_rel PASSED    [ 77%]
tests/test_logger.py::TestLevelConstants::test_debug_is_lowest PASSED    [ 77%]
tests/test_logger.py::TestLevelConstants::test_info_less_than_warning PASSED [ 78%]
tests/test_logger.py::TestLevelConstants::test_warning_less_than_error PASSED [ 78%]
tests/test_logger.py::TestLevelConstants::test_levels_are_ints PASSED    [ 78%]
tests/test_logger.py::TestSetLevel::test_set_level_changes_level PASSED  [ 78%]
tests/test_logger.py::TestSetLevel::test_set_level_to_error PASSED       [ 78%]
tests/test_logger.py::TestSetLevel::test_debug_suppressed_at_info PASSED [ 78%]
tests/test_logger.py::TestSetLevel::test_debug_shown_at_debug PASSED     [ 78%]
tests/test_logger.py::TestSetLevel::test_info_suppressed_at_warning PASSED [ 78%]
tests/test_logger.py::TestSetLevel::test_warning_shown_at_warning PASSED [ 78%]
tests/test_logger.py::TestSetLevel::test_error_always_shown PASSED       [ 78%]
tests/test_logger.py::TestSetLevel::test_error_suppressed_below_error_does_not_happen PASSED [ 78%]
tests/test_logger.py::TestMessageFormat::test_label_debug_in_output PASSED [ 78%]
tests/test_logger.py::TestMessageFormat::test_label_info_in_output PASSED [ 78%]
tests/test_logger.py::TestMessageFormat::test_label_warn_in_output PASSED [ 78%]
tests/test_logger.py::TestMessageFormat::test_label_error_in_output PASSED [ 78%]
tests/test_logger.py::TestMessageFormat::test_message_present_in_output PASSED [ 78%]
tests/test_logger.py::TestMessageFormat::test_timestamp_format_hh_mm_ss PASSED [ 78%]
tests/test_logger.py::TestMessageFormat::test_kwargs_appended_as_key_eq_value PASSED [ 78%]
tests/test_logger.py::TestMessageFormat::test_no_extras_when_no_kwargs PASSED [ 78%]
tests/test_logger.py::TestMessageFormat::test_info_goes_to_stdout PASSED [ 78%]
tests/test_logger.py::TestMessageFormat::test_warning_goes_to_stderr PASSED [ 78%]
tests/test_logger.py::TestMessageFormat::test_error_goes_to_stderr PASSED [ 78%]
tests/test_logger.py::TestMessageFormat::test_debug_goes_to_stdout PASSED [ 79%]
tests/test_logger.py::TestSilence::test_silence_suppresses_stdout PASSED [ 79%]
tests/test_logger.py::TestSilence::test_silence_suppresses_stderr PASSED [ 79%]
tests/test_logger.py::TestSilence::test_unsilence_restores_output PASSED [ 79%]
tests/test_logger.py::TestSilence::test_silence_does_not_affect_file PASSED [ 79%]
tests/test_logger.py::TestSilence::test_silence_flag_set PASSED          [ 79%]
tests/test_logger.py::TestSilence::test_unsilence_flag_clear PASSED      [ 79%]
tests/test_logger.py::TestFileOutput::test_log_written_to_file PASSED    [ 79%]
tests/test_logger.py::TestFileOutput::test_file_receives_plain_text PASSED [ 79%]
tests/test_logger.py::TestFileOutput::test_file_receives_label PASSED    [ 79%]
tests/test_logger.py::TestFileOutput::test_file_receives_kwargs PASSED   [ 79%]
tests/test_logger.py::TestFileOutput::test_disable_file_stops_writing PASSED [ 79%]
tests/test_logger.py::TestFileOutput::test_disable_file_sets_none PASSED [ 79%]
tests/test_logger.py::TestFileOutput::test_file_suppressed_below_level PASSED [ 79%]
tests/test_logger.py::TestFileOutput::test_enable_file_replaces_old_file PASSED [ 79%]
tests/test_logger.py::TestTaggedLogger::test_tagged_returns_tagged_logger PASSED [ 79%]
tests/test_logger.py::TestTaggedLogger::test_tag_in_output PASSED        [ 79%]
tests/test_logger.py::TestTaggedLogger::test_tag_in_warning_output PASSED [ 79%]
tests/test_logger.py::TestTaggedLogger::test_tag_in_error_output PASSED  [ 79%]
tests/test_logger.py::TestTaggedLogger::test_tagged_debug_respects_level PASSED [ 79%]
tests/test_logger.py::TestTaggedLogger::test_tagged_debug_shown_at_debug_level PASSED [ 79%]
tests/test_logger.py::TestTaggedLogger::test_tagged_respects_silence PASSED [ 79%]
tests/test_logger.py::TestTaggedLogger::test_tagged_writes_to_file PASSED [ 80%]
tests/test_logger.py::TestTaggedLogger::test_tagged_kwargs_in_output PASSED [ 80%]
tests/test_logger.py::TestTaggedLogger::test_repr_contains_tag PASSED    [ 80%]
tests/test_runtime_lifecycle.py::TestCloneGameObject::test_clone_basic_attributes PASSED [ 80%]
tests/test_runtime_lifecycle.py::TestCloneGameObject::test_clone_does_not_share_transform PASSED [ 80%]
tests/test_runtime_lifecycle.py::TestCloneGameObject::test_clone_inactive_parent_still_clones_children PASSED [ 80%]
tests/test_runtime_lifecycle.py::TestCloneGameObject::test_clone_deep_tree PASSED [ 80%]
tests/test_runtime_lifecycle.py::TestRuntimeManagerLifecycle::test_stop_without_play_is_noop PASSED [ 80%]
tests/test_runtime_lifecycle.py::TestRuntimeManagerLifecycle::test_double_stop_is_noop PASSED [ 80%]
tests/test_runtime_lifecycle.py::TestRuntimeManagerLifecycle::test_is_playing_false_initially PASSED [ 80%]
tests/test_runtime_lifecycle.py::TestRuntimeManagerLifecycle::test_tick_without_play_is_noop PASSED [ 80%]
tests/test_runtime_lifecycle.py::TestEditorContextReset::test_reset_clears_playing_state PASSED [ 80%]
tests/test_runtime_lifecycle.py::TestEditorContextReset::test_reset_clears_commands PASSED [ 80%]
tests/test_runtime_lifecycle.py::TestEditorContextReset::test_reset_is_idempotent PASSED [ 80%]
tests/test_runtime_lifecycle.py::TestSceneSerializerRoundTrip::test_empty_scene_round_trip PASSED [ 80%]
tests/test_runtime_lifecycle.py::TestSceneSerializerRoundTrip::test_scene_with_go_round_trip PASSED [ 80%]
tests/test_runtime_lifecycle.py::TestSceneSerializerRoundTrip::test_scene_with_children_round_trip PASSED [ 80%]
tests/test_runtime_lifecycle.py::TestSceneSerializerRoundTrip::test_invalid_schema_raises PASSED [ 80%]
tests/test_runtime_lifecycle.py::TestPrefabSerializerRoundTrip::test_prefab_round_trip PASSED [ 80%]
tests/test_runtime_lifecycle.py::TestPrefabSerializerRoundTrip::test_prefab_invalid_schema_raises PASSED [ 80%]
tests/test_tilemap.py::test_tileset_initialization PASSED                [ 80%]
tests/test_tilemap.py::test_tilemap_component PASSED                     [ 80%]
tests/test_tilemap.py::test_tilemap_serialization PASSED                 [ 81%]
tests/test_tilemap.py::test_tilemap_renderer PASSED                      [ 81%]
tests/test_time.py::TestInit::test_fps_target_stored PASSED              [ 81%]
tests/test_time.py::TestInit::test_dt_cap_stored PASSED                  [ 81%]
tests/test_time.py::TestInit::test_delta_zero PASSED                     [ 81%]
tests/test_time.py::TestInit::test_scaled_delta_zero PASSED              [ 81%]
tests/test_time.py::TestInit::test_raw_delta_zero PASSED                 [ 81%]
tests/test_time.py::TestInit::test_elapsed_zero PASSED                   [ 81%]
tests/test_time.py::TestInit::test_frame_zero PASSED                     [ 81%]
tests/test_time.py::TestInit::test_scale_one PASSED                      [ 81%]
tests/test_time.py::TestInit::test_paused_false PASSED                   [ 81%]
tests/test_time.py::TestInit::test_registers_as_current PASSED           [ 81%]
tests/test_time.py::TestInit::test_second_instance_overwrites_current PASSED [ 81%]
tests/test_time.py::TestTick::test_tick_returns_delta PASSED             [ 81%]
tests/test_time.py::TestTick::test_raw_delta_set PASSED                  [ 81%]
tests/test_time.py::TestTick::test_delta_capped PASSED                   [ 81%]
tests/test_time.py::TestTick::test_raw_delta_not_capped PASSED           [ 81%]
tests/test_time.py::TestTick::test_delta_below_cap_not_changed PASSED    [ 81%]
tests/test_time.py::TestTick::test_frame_increments PASSED               [ 81%]
tests/test_time.py::TestTick::test_frame_starts_at_one_after_first_tick PASSED [ 81%]
tests/test_time.py::TestTick::test_fps_actual_updated PASSED             [ 81%]
tests/test_time.py::TestTick::test_fps_property_mirrors_fps_actual PASSED [ 81%]
tests/test_time.py::TestTick::test_dt_property_mirrors_delta PASSED      [ 82%]
tests/test_time.py::TestTick::test_clock_tick_called_with_fps_target PASSED [ 82%]
tests/test_time.py::TestScaledDelta::test_scaled_delta_normal PASSED     [ 82%]
tests/test_time.py::TestScaledDelta::test_scaled_delta_half_speed PASSED [ 82%]
tests/test_time.py::TestScaledDelta::test_scaled_delta_double_speed PASSED [ 82%]
tests/test_time.py::TestScaledDelta::test_scaled_delta_zero_when_paused PASSED [ 82%]
tests/test_time.py::TestScaledDelta::test_paused_does_not_affect_delta PASSED [ 82%]
tests/test_time.py::TestScaledDelta::test_scale_zero_gives_zero_scaled PASSED [ 82%]
tests/test_time.py::TestElapsed::test_elapsed_accumulates_scaled_delta PASSED [ 82%]
tests/test_time.py::TestElapsed::test_elapsed_frozen_when_paused PASSED  [ 82%]
tests/test_time.py::TestElapsed::test_elapsed_uses_scale PASSED          [ 82%]
tests/test_time.py::TestElapsed::test_elapsed_zero_with_zero_ms PASSED   [ 82%]
tests/test_time.py::TestElapsed::test_elapsed_many_frames PASSED         [ 82%]
tests/test_time.py::TestPauseUnpause::test_pause_stops_elapsed PASSED    [ 82%]
tests/test_time.py::TestPauseUnpause::test_unpause_resumes_elapsed PASSED [ 82%]
tests/test_time.py::TestPauseUnpause::test_pause_frame_still_increments PASSED [ 82%]
tests/test_time.py::TestPauseUnpause::test_pause_delta_still_updates PASSED [ 82%]
tests/test_time.py::TestDtCap::test_dt_cap_default_is_01 PASSED          [ 82%]
tests/test_time.py::TestDtCap::test_custom_dt_cap_applied PASSED         [ 82%]
tests/test_time.py::TestDtCap::test_dt_below_cap_unchanged PASSED        [ 82%]
tests/test_time.py::TestDtCap::test_dt_exactly_cap PASSED                [ 82%]
tests/test_time.py::TestCurrent::test_current_returns_active_instance PASSED [ 82%]
tests/test_time.py::TestCurrent::test_current_raises_when_none PASSED    [ 83%]
tests/test_time.py::TestCurrent::test_current_updated_on_new_instance PASSED [ 83%]
tests/test_time.py::TestCurrent::test_current_delta_accessible PASSED    [ 83%]
tests/test_time.py::TestRepr::test_repr_contains_frame PASSED            [ 83%]
tests/test_time.py::TestRepr::test_repr_contains_scale PASSED            [ 83%]
tests/test_time.py::TestRepr::test_repr_contains_paused PASSED           [ 83%]
tests/test_time.py::TestRepr::test_repr_contains_elapsed PASSED          [ 83%]
tests/test_transitions.py::TestEasing::test_linear_zero PASSED           [ 83%]
tests/test_transitions.py::TestEasing::test_linear_half PASSED           [ 83%]
tests/test_transitions.py::TestEasing::test_linear_one PASSED            [ 83%]
tests/test_transitions.py::TestEasing::test_ease_in_zero PASSED          [ 83%]
tests/test_transitions.py::TestEasing::test_ease_in_one PASSED           [ 83%]
tests/test_transitions.py::TestEasing::test_ease_in_quarter PASSED       [ 83%]
tests/test_transitions.py::TestEasing::test_ease_out_zero PASSED         [ 83%]
tests/test_transitions.py::TestEasing::test_ease_out_one PASSED          [ 83%]
tests/test_transitions.py::TestEasing::test_ease_out_half PASSED         [ 83%]
tests/test_transitions.py::TestEasing::test_ease_in_out_zero PASSED      [ 83%]
tests/test_transitions.py::TestEasing::test_ease_in_out_one PASSED       [ 83%]
tests/test_transitions.py::TestEasing::test_ease_in_out_half PASSED      [ 83%]
tests/test_transitions.py::TestEasing::test_ease_in_out_symmetric PASSED [ 83%]
tests/test_transitions.py::TestEasing::test_easing_dict_has_all_keys PASSED [ 83%]
tests/test_transitions.py::TestEasing::test_easing_dict_values_are_callable PASSED [ 83%]
tests/test_transitions.py::TestTransitionBase::test_initial_phase_is_out PASSED [ 84%]
tests/test_transitions.py::TestTransitionBase::test_initial_progress_zero PASSED [ 84%]
tests/test_transitions.py::TestTransitionBase::test_is_done_false_initially PASSED [ 84%]
tests/test_transitions.py::TestTransitionBase::test_should_swap_false_initially PASSED [ 84%]
tests/test_transitions.py::TestTransitionBase::test_duration_out_clamped_to_001 PASSED [ 84%]
tests/test_transitions.py::TestTransitionBase::test_duration_in_clamped_to_001 PASSED [ 84%]
tests/test_transitions.py::TestTransitionBase::test_unknown_easing_falls_back_to_ease_in_out PASSED [ 84%]
tests/test_transitions.py::TestTransitionBase::test_progress_advances_during_out PASSED [ 84%]
tests/test_transitions.py::TestTransitionBase::test_phase_becomes_swap_after_out_completes PASSED [ 84%]
tests/test_transitions.py::TestTransitionBase::test_should_swap_true_during_swap_phase PASSED [ 84%]
tests/test_transitions.py::TestTransitionBase::test_swap_advances_to_in_next_update PASSED [ 84%]
tests/test_transitions.py::TestTransitionBase::test_phase_becomes_done_after_in_completes PASSED [ 84%]
tests/test_transitions.py::TestTransitionBase::test_update_noop_when_done PASSED [ 84%]
tests/test_transitions.py::TestTransitionBase::test_progress_resets_to_zero_when_entering_in PASSED [ 84%]
tests/test_transitions.py::TestTransitionBase::test_progress_reaches_one_when_done PASSED [ 84%]
tests/test_transitions.py::TestTransitionBase::test_base_draw_does_nothing PASSED [ 84%]
tests/test_transitions.py::TestTransitionBase::test_snapshot_out_none_initially PASSED [ 84%]
tests/test_transitions.py::TestTransitionBase::test_snapshot_in_none_initially PASSED [ 84%]
tests/test_transitions.py::TestTransitionBase::test_custom_easing_applied_in_progress PASSED [ 84%]
tests/test_transitions.py::TestFadeTransition::test_default_color_black PASSED [ 84%]
tests/test_transitions.py::TestFadeTransition::test_custom_color_stored PASSED [ 84%]
tests/test_transitions.py::TestFadeTransition::test_draw_during_out_blits_snapshot_out PASSED [ 84%]
tests/test_transitions.py::TestFadeTransition::test_draw_during_out_blits_overlay PASSED [ 85%]
tests/test_transitions.py::TestFadeTransition::test_draw_during_in_blits_snapshot_in PASSED [ 85%]
tests/test_transitions.py::TestFadeTransition::test_draw_noop_when_done PASSED [ 85%]
tests/test_transitions.py::TestFadeTransition::test_draw_no_overlay_when_in_progress_zero PASSED [ 85%]
tests/test_transitions.py::TestSlideTransition::test_default_direction_left PASSED [ 85%]
tests/test_transitions.py::TestSlideTransition::test_all_directions_accepted PASSED [ 85%]
tests/test_transitions.py::TestSlideTransition::test_draw_during_out_blits_snapshot_out PASSED [ 85%]
tests/test_transitions.py::TestSlideTransition::test_draw_during_in_blits_snapshot_in PASSED [ 85%]
tests/test_transitions.py::TestSlideTransition::test_slide_left_position_at_start_of_in PASSED [ 85%]
tests/test_transitions.py::TestSlideTransition::test_slide_right_position_at_start_of_in PASSED [ 85%]
tests/test_transitions.py::TestSlideTransition::test_slide_up_y_position_at_start PASSED [ 85%]
tests/test_transitions.py::TestSlideTransition::test_slide_down_y_position_at_start PASSED [ 85%]
tests/test_transitions.py::TestSlideTransition::test_draw_noop_when_done PASSED [ 85%]
tests/test_transitions.py::TestWipeTransition::test_default_horizontal_true PASSED [ 85%]
tests/test_transitions.py::TestWipeTransition::test_vertical_stored PASSED [ 85%]
tests/test_transitions.py::TestWipeTransition::test_draw_during_out_blits_snapshot_out PASSED [ 85%]
tests/test_transitions.py::TestWipeTransition::test_draw_during_out_draws_rect PASSED [ 85%]
tests/test_transitions.py::TestWipeTransition::test_wipe_rect_width_grows_horizontally PASSED [ 85%]
tests/test_transitions.py::TestWipeTransition::test_wipe_rect_height_grows_vertically PASSED [ 85%]
tests/test_transitions.py::TestWipeTransition::test_draw_during_in_blits_snapshot_in PASSED [ 85%]
tests/test_transitions.py::TestWipeTransition::test_draw_noop_when_done PASSED [ 85%]
tests/test_transitions.py::TestCrossfadeTransition::test_duration_split_equally PASSED [ 85%]
tests/test_transitions.py::TestCrossfadeTransition::test_draw_during_out_blits_snapshot_out PASSED [ 86%]
tests/test_transitions.py::TestCrossfadeTransition::test_draw_during_in_fills_black_first PASSED [ 86%]
tests/test_transitions.py::TestCrossfadeTransition::test_draw_during_in_sets_alpha PASSED [ 86%]
tests/test_transitions.py::TestCrossfadeTransition::test_draw_noop_when_done PASSED [ 86%]
tests/test_transitions.py::TestCrossfadeTransition::test_alpha_surf_recreated_on_resize PASSED [ 86%]
tests/test_transitions.py::TestPhaseLifecycle::test_all_transitions_reach_done[<lambda>0] PASSED [ 86%]
tests/test_transitions.py::TestPhaseLifecycle::test_all_transitions_reach_done[<lambda>1] PASSED [ 86%]
tests/test_transitions.py::TestPhaseLifecycle::test_all_transitions_reach_done[<lambda>2] PASSED [ 86%]
tests/test_transitions.py::TestPhaseLifecycle::test_all_transitions_reach_done[<lambda>3] PASSED [ 86%]
tests/test_transitions.py::TestPhaseLifecycle::test_all_transitions_pass_through_swap[<lambda>0] PASSED [ 86%]
tests/test_transitions.py::TestPhaseLifecycle::test_all_transitions_pass_through_swap[<lambda>1] PASSED [ 86%]
tests/test_transitions.py::TestPhaseLifecycle::test_all_transitions_pass_through_swap[<lambda>2] PASSED [ 86%]
tests/test_transitions.py::TestPhaseLifecycle::test_all_transitions_pass_through_swap[<lambda>3] PASSED [ 86%]
tests/test_transitions.py::TestPhaseLifecycle::test_all_transitions_start_with_out[<lambda>0] PASSED [ 86%]
tests/test_transitions.py::TestPhaseLifecycle::test_all_transitions_start_with_out[<lambda>1] PASSED [ 86%]
tests/test_transitions.py::TestPhaseLifecycle::test_all_transitions_start_with_out[<lambda>2] PASSED [ 86%]
tests/test_transitions.py::TestPhaseLifecycle::test_all_transitions_start_with_out[<lambda>3] PASSED [ 86%]
tests/tilemap/test_tilemap.py::TestTileLayerInit::test_name_stored PASSED [ 86%]
tests/tilemap/test_tilemap.py::TestTileLayerInit::test_dimensions PASSED [ 86%]
tests/tilemap/test_tilemap.py::TestTileLayerInit::test_data_stored PASSED [ 86%]
tests/tilemap/test_tilemap.py::TestTileLayerInit::test_visible_default_true PASSED [ 86%]
tests/tilemap/test_tilemap.py::TestTileLayerInit::test_opacity_clamped_above_one PASSED [ 86%]
tests/tilemap/test_tilemap.py::TestTileLayerInit::test_opacity_clamped_below_zero PASSED [ 87%]
tests/tilemap/test_tilemap.py::TestTileLayerInit::test_z_index_stored PASSED [ 87%]
tests/tilemap/test_tilemap.py::TestTileLayerGetSetGid::test_get_gid_center PASSED [ 87%]
tests/tilemap/test_tilemap.py::TestTileLayerGetSetGid::test_get_gid_out_of_bounds_returns_zero PASSED [ 87%]
tests/tilemap/test_tilemap.py::TestTileLayerGetSetGid::test_get_gid_negative_returns_zero PASSED [ 87%]
tests/tilemap/test_tilemap.py::TestTileLayerGetSetGid::test_set_gid_updates_data PASSED [ 87%]
tests/tilemap/test_tilemap.py::TestTileLayerGetSetGid::test_set_gid_out_of_bounds_no_crash PASSED [ 87%]
tests/tilemap/test_tilemap.py::TestTileLayerGetSetGid::test_set_gid_row_major_order PASSED [ 87%]
tests/tilemap/test_tilemap.py::TestTileMapInit::test_tile_dimensions PASSED [ 87%]
tests/tilemap/test_tilemap.py::TestTileMapInit::test_map_dimensions PASSED [ 87%]
tests/tilemap/test_tilemap.py::TestTileMapInit::test_pixel_width PASSED  [ 87%]
tests/tilemap/test_tilemap.py::TestTileMapInit::test_pixel_height PASSED [ 87%]
tests/tilemap/test_tilemap.py::TestTileMapInit::test_bake_dirty_on_init PASSED [ 87%]
tests/tilemap/test_tilemap.py::TestTileMapInit::test_no_layers_on_init PASSED [ 87%]
tests/tilemap/test_tilemap.py::TestTileMapTilesets::test_add_tileset_registers PASSED [ 87%]
tests/tilemap/test_tilemap.py::TestTileMapTilesets::test_resolve_tileset_exact PASSED [ 87%]
tests/tilemap/test_tilemap.py::TestTileMapTilesets::test_resolve_tileset_best_fit PASSED [ 87%]
tests/tilemap/test_tilemap.py::TestTileMapTilesets::test_resolve_tileset_none_when_no_match PASSED [ 87%]
tests/tilemap/test_tilemap.py::TestTileMapTilesets::test_get_tile_surface_zero_returns_none PASSED [ 87%]
tests/tilemap/test_tilemap.py::TestTileMapTilesets::test_get_tile_surface_returns_surface PASSED [ 87%]
tests/tilemap/test_tilemap.py::TestTileMapTilesets::test_add_tileset_marks_bake_dirty PASSED [ 87%]
tests/tilemap/test_tilemap.py::TestTileMapLayers::test_add_layer_stored PASSED [ 87%]
tests/tilemap/test_tilemap.py::TestTileMapLayers::test_layers_sorted_by_z_index PASSED [ 88%]
tests/tilemap/test_tilemap.py::TestTileMapLayers::test_get_layer_by_name PASSED [ 88%]
tests/tilemap/test_tilemap.py::TestTileMapLayers::test_get_layer_missing_returns_none PASSED [ 88%]
tests/tilemap/test_tilemap.py::TestTileMapLayers::test_remove_layer PASSED [ 88%]
tests/tilemap/test_tilemap.py::TestTileMapLayers::test_remove_layer_marks_dirty PASSED [ 88%]
tests/tilemap/test_tilemap.py::TestCoordinates::test_world_to_tile_origin PASSED [ 88%]
tests/tilemap/test_tilemap.py::TestCoordinates::test_world_to_tile_second_tile PASSED [ 88%]
tests/tilemap/test_tilemap.py::TestCoordinates::test_world_to_tile_partial PASSED [ 88%]
tests/tilemap/test_tilemap.py::TestCoordinates::test_tile_to_world PASSED [ 88%]
tests/tilemap/test_tilemap.py::TestCoordinates::test_tile_to_world_origin PASSED [ 88%]
tests/tilemap/test_tilemap.py::TestCoordinates::test_roundtrip_tile_world_tile PASSED [ 88%]
tests/tilemap/test_tilemap.py::TestIsSolidAt::test_solid_tile_returns_true PASSED [ 88%]
tests/tilemap/test_tilemap.py::TestIsSolidAt::test_empty_tile_returns_false PASSED [ 88%]
tests/tilemap/test_tilemap.py::TestIsSolidAt::test_no_collision_layer_returns_false PASSED [ 88%]
tests/tilemap/test_tilemap.py::TestIsSolidAt::test_custom_layer_name PASSED [ 88%]
tests/tilemap/test_tilemap.py::TestGetSolidRectsInRegion::test_returns_rects_for_solid_tiles PASSED [ 88%]
tests/tilemap/test_tilemap.py::TestGetSolidRectsInRegion::test_no_layer_returns_empty PASSED [ 88%]
tests/tilemap/test_tilemap.py::TestGetSolidRectsInRegion::test_region_outside_solid_returns_empty PASSED [ 88%]
tests/tilemap/test_tilemap.py::TestGetSolidRectsInRegion::test_rect_position_correct PASSED [ 88%]
tests/tilemap/test_tilemap.py::TestBakeAndInvalidate::test_bake_clears_dirty_flag PASSED [ 88%]
tests/tilemap/test_tilemap.py::TestBakeAndInvalidate::test_bake_stores_surface PASSED [ 88%]
tests/tilemap/test_tilemap.py::TestBakeAndInvalidate::test_invalidate_sets_dirty PASSED [ 88%]
tests/tilemap/test_tilemap.py::TestBakeAndInvalidate::test_invalidate_clears_baked PASSED [ 89%]
tests/tilemap/test_tilemap.py::TestDraw::test_draw_uses_baked_when_available PASSED [ 89%]
tests/tilemap/test_tilemap.py::TestDraw::test_draw_fallback_when_dirty PASSED [ 89%]
tests/tilemap/test_tilemap.py::TestDraw::test_repr_contains_dimensions PASSED [ 89%]
tests/tilemap/test_tilemap.py::TestTilemapRenderer::test_draw_calls_tilemap_draw PASSED [ 89%]
tests/tilemap/test_tilemap.py::TestTilemapRenderer::test_draw_no_game_object_no_crash PASSED [ 89%]
tests/ui/test_button.py::TestButtonInit::test_text_stored PASSED         [ 89%]
tests/ui/test_button.py::TestButtonInit::test_enabled_default_true PASSED [ 89%]
tests/ui/test_button.py::TestButtonInit::test_hovered_default_false PASSED [ 89%]
tests/ui/test_button.py::TestButtonInit::test_pressed_default_false PASSED [ 89%]
tests/ui/test_button.py::TestButtonInit::test_hover_t_default_zero PASSED [ 89%]
tests/ui/test_button.py::TestButtonInit::test_on_click_default_none PASSED [ 89%]
tests/ui/test_button.py::TestButtonInit::test_custom_colors_stored PASSED [ 89%]
tests/ui/test_button.py::TestButtonInit::test_border_radius_stored PASSED [ 89%]
tests/ui/test_button.py::TestButtonInit::test_padding_stored PASSED      [ 89%]
tests/ui/test_button.py::TestNaturalSize::test_natural_width_text_plus_padding PASSED [ 89%]
tests/ui/test_button.py::TestNaturalSize::test_natural_height_text_plus_padding PASSED [ 89%]
tests/ui/test_button.py::TestNaturalSize::test_custom_padding_changes_natural_size PASSED [ 89%]
tests/ui/test_button.py::TestHandleEventMouseMotion::test_hover_true_when_over_rect PASSED [ 89%]
tests/ui/test_button.py::TestHandleEventMouseMotion::test_hover_false_when_outside PASSED [ 89%]
tests/ui/test_button.py::TestHandleEventMouseMotion::test_hover_invisible_ignored PASSED [ 89%]
tests/ui/test_button.py::TestHandleEventMouseMotion::test_hover_disabled_ignored PASSED [ 89%]
tests/ui/test_button.py::TestHandleEventMouseDown::test_pressed_true_on_mousedown PASSED [ 90%]
tests/ui/test_button.py::TestHandleEventMouseDown::test_pressed_false_when_outside PASSED [ 90%]
tests/ui/test_button.py::TestHandleEventMouseDown::test_mousedown_returns_true_when_hit PASSED [ 90%]
tests/ui/test_button.py::TestHandleEventMouseDown::test_mousedown_returns_false_when_miss PASSED [ 90%]
tests/ui/test_button.py::TestHandleEventMouseDown::test_right_click_ignored PASSED [ 90%]
tests/ui/test_button.py::TestHandleEventMouseDown::test_disabled_button_ignores_mousedown PASSED [ 90%]
tests/ui/test_button.py::TestHandleEventMouseUp::test_on_click_called_on_valid_release PASSED [ 90%]
tests/ui/test_button.py::TestHandleEventMouseUp::test_on_click_not_called_when_released_outside PASSED [ 90%]
tests/ui/test_button.py::TestHandleEventMouseUp::test_on_click_not_called_if_not_pressed PASSED [ 90%]
tests/ui/test_button.py::TestHandleEventMouseUp::test_pressed_cleared_on_mouse_up_inside PASSED [ 90%]
tests/ui/test_button.py::TestHandleEventMouseUp::test_pressed_cleared_on_mouse_up_outside PASSED [ 90%]
tests/ui/test_button.py::TestHandleEventMouseUp::test_mouse_up_returns_true_on_valid_click PASSED [ 90%]
tests/ui/test_button.py::TestHandleEventMouseUp::test_no_on_click_no_error PASSED [ 90%]
tests/ui/test_button.py::TestUpdate::test_hover_t_increases_toward_one_when_hovered PASSED [ 90%]
tests/ui/test_button.py::TestUpdate::test_hover_t_decreases_toward_zero_when_not_hovered PASSED [ 90%]
tests/ui/test_button.py::TestUpdate::test_hover_t_capped_near_one PASSED [ 90%]
tests/ui/test_button.py::TestUpdate::test_update_dt_zero_no_change PASSED [ 90%]
tests/ui/test_button.py::TestLerpColor::test_lerp_at_zero_returns_a PASSED [ 90%]
tests/ui/test_button.py::TestLerpColor::test_lerp_at_one_returns_b PASSED [ 90%]
tests/ui/test_button.py::TestLerpColor::test_lerp_midpoint PASSED        [ 90%]
tests/ui/test_button.py::TestDrawSelf::test_draw_calls_pygame_draw_rect PASSED [ 90%]
tests/ui/test_button.py::TestDrawSelf::test_disabled_uses_color_disabled PASSED [ 90%]
tests/ui/test_button.py::TestDrawSelf::test_pressed_uses_color_pressed PASSED [ 91%]
tests/ui/test_button.py::TestDrawSelf::test_normal_state_bg_color_is_lerp PASSED [ 91%]
tests/ui/test_button.py::TestDrawSelf::test_pressed_extra_draw_rect_called PASSED [ 91%]
tests/ui/test_button.py::TestDrawSelf::test_screen_blit_called_for_text PASSED [ 91%]
tests/ui/test_button.py::TestDrawSelf::test_pressed_text_offset_y PASSED [ 91%]
tests/ui/test_label.py::TestLabelInit::test_text_stored PASSED           [ 91%]
tests/ui/test_label.py::TestLabelInit::test_default_text_empty PASSED    [ 91%]
tests/ui/test_label.py::TestLabelInit::test_font_size_stored PASSED      [ 91%]
tests/ui/test_label.py::TestLabelInit::test_color_stored PASSED          [ 91%]
tests/ui/test_label.py::TestLabelInit::test_bold_stored PASSED           [ 91%]
tests/ui/test_label.py::TestLabelInit::test_italic_stored PASSED         [ 91%]
tests/ui/test_label.py::TestLabelInit::test_shadow_default_false PASSED  [ 91%]
tests/ui/test_label.py::TestLabelInit::test_dirty_on_init PASSED         [ 91%]
tests/ui/test_label.py::TestLabelInit::test_surface_none_on_init PASSED  [ 91%]
tests/ui/test_label.py::TestLabelInit::test_font_none_on_init PASSED     [ 91%]
tests/ui/test_label.py::TestSetText::test_set_text_updates_text PASSED   [ 91%]
tests/ui/test_label.py::TestSetText::test_set_text_marks_dirty PASSED    [ 91%]
tests/ui/test_label.py::TestSetText::test_set_same_text_no_dirty PASSED  [ 91%]
tests/ui/test_label.py::TestSetText::test_set_color_marks_dirty PASSED   [ 91%]
tests/ui/test_label.py::TestSetText::test_set_color_updates_color PASSED [ 91%]
tests/ui/test_label.py::TestRebuild::test_rebuild_clears_dirty PASSED    [ 91%]
tests/ui/test_label.py::TestRebuild::test_rebuild_sets_surface PASSED    [ 91%]
tests/ui/test_label.py::TestRebuild::test_rebuild_creates_font PASSED    [ 92%]
tests/ui/test_label.py::TestRebuild::test_double_draw_no_double_rebuild PASSED [ 92%]
tests/ui/test_label.py::TestRebuild::test_set_text_triggers_rebuild_on_next_draw PASSED [ 92%]
tests/ui/test_label.py::TestNaturalSize::test_natural_width_from_surface PASSED [ 92%]
tests/ui/test_label.py::TestNaturalSize::test_natural_height_from_surface PASSED [ 92%]
tests/ui/test_label.py::TestNaturalSize::test_natural_width_triggers_rebuild_if_dirty PASSED [ 92%]
tests/ui/test_label.py::TestNaturalSize::test_natural_height_triggers_rebuild_if_dirty PASSED [ 92%]
tests/ui/test_label.py::TestDrawSelf::test_draw_calls_blit PASSED        [ 92%]
tests/ui/test_label.py::TestDrawSelf::test_draw_rebuilds_when_dirty PASSED [ 92%]
tests/ui/test_label.py::TestDrawSelf::test_draw_without_shadow_one_blit PASSED [ 92%]
tests/ui/test_label.py::TestDrawSelf::test_draw_with_shadow_two_blits PASSED [ 92%]
tests/ui/test_label.py::TestDrawSelf::test_shadow_blit_offset_by_one PASSED [ 92%]
tests/ui/test_label.py::TestDrawSelf::test_draw_invisible_no_blit PASSED [ 92%]
tests/ui/test_label.py::TestDrawSelf::test_draw_empty_text_no_crash PASSED [ 92%]
tests/ui/test_progress_bar.py::TestInit::test_value_stored PASSED        [ 92%]
tests/ui/test_progress_bar.py::TestInit::test_max_value_stored PASSED    [ 92%]
tests/ui/test_progress_bar.py::TestInit::test_display_value_equals_value_on_init PASSED [ 92%]
tests/ui/test_progress_bar.py::TestInit::test_smooth_default_true PASSED [ 92%]
tests/ui/test_progress_bar.py::TestInit::test_smooth_speed_stored PASSED [ 92%]
tests/ui/test_progress_bar.py::TestInit::test_show_text_default_false PASSED [ 92%]
tests/ui/test_progress_bar.py::TestInit::test_color_fill_stored PASSED   [ 92%]
tests/ui/test_progress_bar.py::TestInit::test_color_bg_stored PASSED     [ 92%]
tests/ui/test_progress_bar.py::TestInit::test_border_radius_stored PASSED [ 93%]
tests/ui/test_progress_bar.py::TestInit::test_font_none_on_init PASSED   [ 93%]
tests/ui/test_progress_bar.py::TestRatio::test_ratio_half PASSED         [ 93%]
tests/ui/test_progress_bar.py::TestRatio::test_ratio_full PASSED         [ 93%]
tests/ui/test_progress_bar.py::TestRatio::test_ratio_empty PASSED        [ 93%]
tests/ui/test_progress_bar.py::TestRatio::test_ratio_clamped_above_one PASSED [ 93%]
tests/ui/test_progress_bar.py::TestRatio::test_ratio_clamped_below_zero PASSED [ 93%]
tests/ui/test_progress_bar.py::TestRatio::test_ratio_zero_max_returns_zero PASSED [ 93%]
tests/ui/test_progress_bar.py::TestSetValue::test_set_value_normal PASSED [ 93%]
tests/ui/test_progress_bar.py::TestSetValue::test_set_value_clamped_above_max PASSED [ 93%]
tests/ui/test_progress_bar.py::TestSetValue::test_set_value_clamped_below_zero PASSED [ 93%]
tests/ui/test_progress_bar.py::TestSetValue::test_set_value_zero PASSED  [ 93%]
tests/ui/test_progress_bar.py::TestSetValue::test_set_value_exact_max PASSED [ 93%]
tests/ui/test_progress_bar.py::TestUpdate::test_smooth_display_moves_toward_value PASSED [ 93%]
tests/ui/test_progress_bar.py::TestUpdate::test_smooth_display_snaps_when_close PASSED [ 93%]
tests/ui/test_progress_bar.py::TestUpdate::test_smooth_false_display_equals_value_instantly PASSED [ 93%]
tests/ui/test_progress_bar.py::TestUpdate::test_smooth_display_decreases_when_value_lower PASSED [ 93%]
tests/ui/test_progress_bar.py::TestUpdate::test_update_dt_zero_no_movement PASSED [ 93%]
tests/ui/test_progress_bar.py::TestUpdate::test_display_value_never_overshoots PASSED [ 93%]
tests/ui/test_progress_bar.py::TestDrawSelf::test_draw_calls_draw_rect_bg PASSED [ 93%]
tests/ui/test_progress_bar.py::TestDrawSelf::test_draw_bg_color_correct PASSED [ 93%]
tests/ui/test_progress_bar.py::TestDrawSelf::test_draw_fill_color_correct PASSED [ 93%]
tests/ui/test_progress_bar.py::TestDrawSelf::test_draw_no_fill_when_empty PASSED [ 94%]
tests/ui/test_progress_bar.py::TestDrawSelf::test_draw_with_border_three_calls PASSED [ 94%]
tests/ui/test_progress_bar.py::TestDrawSelf::test_draw_no_border_two_calls_when_full PASSED [ 94%]
tests/ui/test_progress_bar.py::TestDrawSelf::test_show_text_calls_blit PASSED [ 94%]
tests/ui/test_progress_bar.py::TestDrawSelf::test_show_text_false_no_blit PASSED [ 94%]
tests/ui/test_progress_bar.py::TestDrawSelf::test_fill_width_proportional PASSED [ 94%]
tests/ui/test_progress_bar.py::TestDrawSelf::test_fill_width_zero_when_empty PASSED [ 94%]
tests/ui/test_progress_bar.py::TestDrawSelf::test_invisible_no_draw PASSED [ 94%]
tests/ui/test_sprite_cache.py::test_transformed_surface_reuses_same_geometry PASSED [ 94%]
tests/ui/test_sprite_cache.py::test_transformed_cache_is_lru_bounded PASSED [ 94%]
tests/ui/test_sprite_cache.py::test_changing_sprite_path_invalidates_old_geometry PASSED [ 94%]
tests/ui/test_sprite_cache.py::test_background_tile_cache_reuses_scaled_surface PASSED [ 94%]
tests/ui/test_sprite_cache.py::test_runtime_components_do_not_apply_performance_patch_at_import PASSED [ 94%]
tests/ui/test_ui_base.py::TestAnchorEnum::test_all_nine_values PASSED    [ 94%]
tests/ui/test_ui_base.py::TestAnchorEnum::test_top_left_exists PASSED    [ 94%]
tests/ui/test_ui_base.py::TestAnchorEnum::test_middle_center_exists PASSED [ 94%]
tests/ui/test_ui_base.py::TestAnchorEnum::test_bottom_right_exists PASSED [ 94%]
tests/ui/test_ui_base.py::TestPivotEnum::test_all_nine_values PASSED     [ 94%]
tests/ui/test_ui_base.py::TestPivotEnum::test_middle_center_exists PASSED [ 94%]
tests/ui/test_ui_base.py::TestUIElementInit::test_defaults_xy_zero PASSED [ 94%]
tests/ui/test_ui_base.py::TestUIElementInit::test_defaults_wh_zero PASSED [ 94%]
tests/ui/test_ui_base.py::TestUIElementInit::test_defaults_visible_true PASSED [ 94%]
tests/ui/test_ui_base.py::TestUIElementInit::test_defaults_no_parent PASSED [ 95%]
tests/ui/test_ui_base.py::TestUIElementInit::test_defaults_no_children PASSED [ 95%]
tests/ui/test_ui_base.py::TestUIElementInit::test_custom_xy PASSED       [ 95%]
tests/ui/test_ui_base.py::TestUIElementInit::test_custom_wh PASSED       [ 95%]
tests/ui/test_ui_base.py::TestUIElementInit::test_custom_anchor PASSED   [ 95%]
tests/ui/test_ui_base.py::TestUIElementInit::test_custom_pivot PASSED    [ 95%]
tests/ui/test_ui_base.py::TestUIElementInit::test_name_stored PASSED     [ 95%]
tests/ui/test_ui_base.py::TestHierarchy::test_add_child_appends PASSED   [ 95%]
tests/ui/test_ui_base.py::TestHierarchy::test_add_child_sets_parent PASSED [ 95%]
tests/ui/test_ui_base.py::TestHierarchy::test_add_child_returns_child PASSED [ 95%]
tests/ui/test_ui_base.py::TestHierarchy::test_remove_child PASSED        [ 95%]
tests/ui/test_ui_base.py::TestHierarchy::test_remove_child_clears_parent PASSED [ 95%]
tests/ui/test_ui_base.py::TestHierarchy::test_remove_nonexistent_child_no_crash PASSED [ 95%]
tests/ui/test_ui_base.py::TestHierarchy::test_multiple_children PASSED   [ 95%]
tests/ui/test_ui_base.py::TestGetRect::test_top_left_anchor_origin PASSED [ 95%]
tests/ui/test_ui_base.py::TestGetRect::test_top_left_anchor_with_offset PASSED [ 95%]
tests/ui/test_ui_base.py::TestGetRect::test_middle_center_anchor_no_offset PASSED [ 95%]
tests/ui/test_ui_base.py::TestGetRect::test_middle_center_pivot_centers_element PASSED [ 95%]
tests/ui/test_ui_base.py::TestGetRect::test_bottom_right_anchor PASSED   [ 95%]
tests/ui/test_ui_base.py::TestGetRect::test_width_height_in_rect PASSED  [ 95%]
tests/ui/test_ui_base.py::TestGetRect::test_natural_width_used_when_zero PASSED [ 95%]
tests/ui/test_ui_base.py::TestGetRect::test_natural_height_used_when_zero PASSED [ 95%]
tests/ui/test_ui_base.py::TestGetRect::test_child_anchored_to_parent PASSED [ 96%]
tests/ui/test_ui_base.py::TestContainsPoint::test_inside_returns_true PASSED [ 96%]
tests/ui/test_ui_base.py::TestContainsPoint::test_outside_returns_false PASSED [ 96%]
tests/ui/test_ui_base.py::TestContainsPoint::test_edge_top_left_inside PASSED [ 96%]
tests/ui/test_ui_base.py::TestContainsPoint::test_edge_bottom_right_outside PASSED [ 96%]
tests/ui/test_ui_base.py::TestVisibility::test_draw_invisible_skips_children PASSED [ 96%]
tests/ui/test_ui_base.py::TestVisibility::test_update_invisible_skips_children PASSED [ 96%]
tests/ui/test_ui_base.py::TestVisibility::test_handle_event_invisible_returns_false PASSED [ 96%]
tests/ui/test_ui_base.py::TestVisibility::test_draw_visible_calls_draw_self PASSED [ 96%]
tests/ui/test_ui_base.py::TestHandleEvent::test_returns_false_by_default PASSED [ 96%]
tests/ui/test_ui_base.py::TestHandleEvent::test_child_consuming_event_stops_propagation PASSED [ 96%]
tests/ui/test_ui_base.py::TestHandleEvent::test_children_iterated_in_reverse PASSED [ 96%]
tests/ui/test_ui_base.py::TestUpdate::test_update_propagates_to_children PASSED [ 96%]
tests/ui/test_ui_base.py::TestUpdate::test_update_calls_all_children PASSED [ 96%]
tests/ui/test_ui_base.py::TestRepr::test_repr_contains_class PASSED      [ 96%]
tests/ui/test_ui_base.py::TestRepr::test_repr_contains_name PASSED       [ 96%]
tests/ui/test_ui_base.py::TestRepr::test_repr_contains_dimensions PASSED [ 96%]
tests/ui/test_ui_runtime_foundation.py::test_canvas_component_creation PASSED [ 96%]
tests/ui/test_ui_runtime_foundation.py::test_label_and_button_component_creation PASSED [ 96%]
tests/ui/test_ui_runtime_foundation.py::test_ui_renderer_draws_label_after_canvas_exists PASSED [ 96%]
tests/ui/test_ui_runtime_foundation.py::test_ui_renderer_draws_image_placeholder_and_button PASSED [ 96%]
tests/ui/test_ui_runtime_foundation.py::test_ui_components_serialize_and_deserialize PASSED [ 96%]
tests/ui/test_ui_runtime_foundation.py::test_runtime_ui_is_isolated_and_hidden_from_world_draw PASSED [ 97%]
tests/unit/test_asset_pipeline.py::test_importer_registry_resolves_correctly PASSED [ 97%]
tests/unit/test_asset_pipeline.py::test_texture_importer_creates_meta PASSED [ 97%]
tests/unit/test_asset_pipeline.py::test_importer_preserves_uuid_and_updates_settings PASSED [ 97%]
tests/unit/test_asset_pipeline.py::test_audio_importer_creates_meta PASSED [ 97%]
tests/unit/test_audio_system.py::test_audio_components_initialization PASSED [ 97%]
tests/unit/test_audio_system.py::test_audio_registration_and_removal PASSED [ 97%]
tests/unit/test_audio_system.py::test_audio_playback_controls PASSED     [ 97%]
tests/unit/test_audio_system.py::test_audio_serialization_deserialization PASSED [ 97%]
tests/unit/test_audio_system.py::test_runtime_isolation_and_fallback PASSED [ 97%]
tests/unit/test_audio_system.py::test_runtime_listener_registry_ignores_stale_editor_listener PASSED [ 97%]
tests/unit/test_camera_system.py::test_camera_component_initialization PASSED [ 97%]
tests/unit/test_camera_system.py::test_camera_registration_and_removal PASSED [ 97%]
tests/unit/test_camera_system.py::test_main_camera_static_shortcut PASSED [ 97%]
tests/unit/test_camera_system.py::test_camera_manager_set_main_camera PASSED [ 97%]
tests/unit/test_camera_system.py::test_camera_serialization_deserialization PASSED [ 97%]
tests/unit/test_camera_system.py::test_runtime_scene_camera_isolation_and_fallback PASSED [ 97%]
tests/unit/test_game_object.py::test_go_has_unique_id PASSED             [ 97%]
tests/unit/test_game_object.py::test_go_short_id_is_8_chars PASSED       [ 97%]
tests/unit/test_game_object.py::test_go_name PASSED                      [ 97%]
tests/unit/test_game_object.py::test_go_tag_default PASSED               [ 97%]
tests/unit/test_game_object.py::test_go_tag_custom PASSED                [ 97%]
tests/unit/test_game_object.py::test_go_active_by_default PASSED         [ 98%]
tests/unit/test_game_object.py::test_go_repr PASSED                      [ 98%]
tests/unit/test_game_object.py::test_go_has_transform_on_creation PASSED [ 98%]
tests/unit/test_game_object.py::test_go_transform_default_position PASSED [ 98%]
tests/unit/test_game_object.py::test_add_component_returns_component PASSED [ 98%]
tests/unit/test_game_object.py::test_get_component_returns_correct_type PASSED [ 98%]
tests/unit/test_game_object.py::test_get_component_returns_none_when_missing PASSED [ 98%]
tests/unit/test_game_object.py::test_get_components_returns_all_of_type PASSED [ 98%]
tests/unit/test_game_object.py::test_remove_component PASSED             [ 98%]
tests/unit/test_game_object.py::test_added_component_knows_its_game_object PASSED [ 98%]
tests/unit/test_game_object.py::test_add_child PASSED                    [ 98%]
tests/unit/test_game_object.py::test_remove_child PASSED                 [ 98%]
tests/unit/test_game_object.py::test_reparenting_removes_from_old_parent PASSED [ 98%]
tests/unit/test_game_object.py::test_update_calls_component_update PASSED [ 98%]
tests/unit/test_game_object.py::test_inactive_go_skips_update PASSED     [ 98%]
tests/unit/test_game_object.py::test_destroy_deactivates_and_clears PASSED [ 98%]
tests/unit/test_gizmo_system.py::test_gizmo_registry_and_resolution PASSED [ 98%]
tests/unit/test_gizmo_system.py::test_camera_gizmo_rendering PASSED      [ 98%]
tests/unit/test_gizmo_system.py::test_box_collider_gizmo_rendering PASSED [ 98%]
tests/unit/test_gizmo_system.py::test_circle_collider_gizmo_rendering PASSED [ 98%]
tests/unit/test_gizmo_system.py::test_audio_gizmos_rendering PASSED      [ 98%]
tests/unit/test_package_manager.py::test_package_load_and_validate_success PASSED [ 98%]
tests/unit/test_package_manager.py::test_package_invalid_json PASSED     [ 99%]
tests/unit/test_package_manager.py::test_package_missing_fields PASSED   [ 99%]
tests/unit/test_package_manager.py::test_package_manager_install_uninstall PASSED [ 99%]
tests/unit/test_package_manager.py::test_package_manager_update PASSED   [ 99%]
tests/unit/test_transform.py::test_transform_default_position PASSED     [ 99%]
tests/unit/test_transform.py::test_transform_default_rotation PASSED     [ 99%]
tests/unit/test_transform.py::test_transform_default_scale PASSED        [ 99%]
tests/unit/test_transform.py::test_transform_set_x PASSED                [ 99%]
tests/unit/test_transform.py::test_transform_set_y PASSED                [ 99%]
tests/unit/test_transform.py::test_transform_set_position_array PASSED   [ 99%]
tests/unit/test_transform.py::test_transform_set_rz PASSED               [ 99%]
tests/unit/test_transform.py::test_transform_set_rotation_array PASSED   [ 99%]
tests/unit/test_transform.py::test_transform_set_sx PASSED               [ 99%]
tests/unit/test_transform.py::test_transform_set_scale_array PASSED      [ 99%]
tests/unit/test_transform.py::test_transform_translate_2d PASSED         [ 99%]
tests/unit/test_transform.py::test_transform_translate_preserves_z PASSED [ 99%]
tests/unit/test_transform.py::test_transform_rotate PASSED               [ 99%]
tests/unit/test_transform.py::test_transform_rotate_accumulates PASSED   [ 99%]
tests/unit/test_transform.py::test_transform_position_is_float32 PASSED  [ 99%]
tests/unit/test_transform.py::test_transform_scale_is_float32 PASSED     [ 99%]
tests/unit/test_transform.py::test_world_position_no_parent PASSED       [ 99%]
tests/unit/test_transform.py::test_world_position_with_parent PASSED     [ 99%]
tests/unit/test_transform.py::test_transform_repr_contains_go_name PASSED [100%]

=================================== FAILURES ===================================
_________________ test_ci_enforces_critical_boundary_coverage __________________
tests/architecture/test_critical_coverage_gate.py:11: in test_ci_enforces_critical_boundary_coverage
    assert "--cov=." in source
E   assert '--cov=.' in 'name: Python Tests\n\non:\n  workflow_dispatch:\n  push:\n    branches: [main, zen/fix-phase1-tests]\n  pull_request:\n    branches: [main, release/v1.0.0-rc2]\n\nconcurrency:\n  group: python-tests-${{ github.workflow }}-${{ github.ref }}\n  cancel-in-progress: true\n\njobs:\n  lint:\n    name: Ruff / Python 3.12\n    runs-on: ubuntu-latest\n    steps:\n      - uses: actions/checkout@v4\n      - uses: actions/setup-python@v5\n        with:\n          python-version: "3.12"\n          cache: pip\n      - run: python -m pip install ruff\n      - run: ruff check engine editor tests --select E9,F63,F7,F82\n\n  tests:\n    name: pytest / Python ${{ matrix.python-version }}\n    runs-on: ubuntu-latest\n    permissions:\n      contents: write\n\n    strategy:\n      fail-fast: false\n      matrix:\n        python-version: ["3.10", "3.11", "3.12"]\n\n    env:\n      SDL_VIDEODRIVER: dummy\n      SDL_AUDIODRIVER: dummy\n      PYGAME_HIDE_SUPPORT_PROMPT: "1"\n      QT_QPA_PLATFORM: offscreen\n\n    steps:\n      - name: Checkout repository\n        uses: actions/checkout@v4\n\n      - name: Set up Python\n        uses: actions/setup-python@v5\n        with:\n          python-version: ${{...icated integration-test budgets instead of distorting this gate.\n          INCLUDE=\'engine/scene/scene_document.py,engine/runtime/lifecycle_scheduler.py,engine/runtime/runtime_world.py,engine/logic/runtime/*.py,engine/logic/runtime/nodes/*.py,editor/runtime/isolated_play_mode_controller.py\'\n          python -m coverage json --include="$INCLUDE" -o critical-coverage.json\n          python - <<\'PY\'\n          import json\n          from pathlib import Path\n\n          report = json.loads(Path("critical-coverage.json").read_text(encoding="utf-8"))\n          percent = float(report["totals"]["percent_covered"])\n          print(f"::notice title=Critical coverage::Measured critical-architecture coverage: {percent:.2f}%")\n          Path("critical-coverage.txt").write_text(f"{percent:.2f}\\n", encoding="utf-8")\n          PY\n      - name: Enforce critical coverage budget\n        run: >-\n          python -m coverage report\n          --include="engine/scene/scene_document.py,engine/runtime/lifecycle_scheduler.py,engine/runtime/runtime_world.py,engine/logic/runtime/*.py,engine/logic/runtime/nodes/*.py,editor/runtime/isolated_play_mode_controller.py"\n          --fail-under=70\n'
=============================== warnings summary ===============================
../../../../../opt/hostedtoolcache/Python/3.11.15/x64/lib/python3.11/site-packages/pygame/pkgdata.py:25
  /opt/hostedtoolcache/Python/3.11.15/x64/lib/python3.11/site-packages/pygame/pkgdata.py:25: DeprecationWarning: pkg_resources is deprecated as an API. See https://setuptools.pypa.io/en/latest/pkg_resources.html
    from pkg_resources import resource_stream, resource_exists

engine/graphics/renderer.py:4
  /home/runner/work/zennity-engine-game/zennity-engine-game/engine/graphics/renderer.py:4: DeprecationWarning: engine.component está deprecado. Use: from engine.core import Component, Transform
    from engine.component import Component

engine/__init__.py:2
  /home/runner/work/zennity-engine-game/zennity-engine-game/engine/__init__.py:2: DeprecationWarning: engine.scene_manager está deprecado. Use: from engine.core import SceneManager
    from .scene_manager import SceneManager

-- Docs: https://docs.pytest.org/en/stable/how-to/capture-warnings.html
=========================== short test summary info ============================
FAILED tests/architecture/test_critical_coverage_gate.py::test_ci_enforces_critical_boundary_coverage - assert '--cov=.' in 'name: Python Tests\n\non:\n  workflow_dispatch:\n  push:\n    branches: [main, zen/fix-phase1-tests]\n  pull_request:\n    branches: [main, release/v1.0.0-rc2]\n\nconcurrency:\n  group: python-tests-${{ github.workflow }}-${{ github.ref }}\n  cancel-in-progress: true\n\njobs:\n  lint:\n    name: Ruff / Python 3.12\n    runs-on: ubuntu-latest\n    steps:\n      - uses: actions/checkout@v4\n      - uses: actions/setup-python@v5\n        with:\n          python-version: "3.12"\n          cache: pip\n      - run: python -m pip install ruff\n      - run: ruff check engine editor tests --select E9,F63,F7,F82\n\n  tests:\n    name: pytest / Python ${{ matrix.python-version }}\n    runs-on: ubuntu-latest\n    permissions:\n      contents: write\n\n    strategy:\n      fail-fast: false\n      matrix:\n        python-version: ["3.10", "3.11", "3.12"]\n\n    env:\n      SDL_VIDEODRIVER: dummy\n      SDL_AUDIODRIVER: dummy\n      PYGAME_HIDE_SUPPORT_PROMPT: "1"\n      QT_QPA_PLATFORM: offscreen\n\n    steps:\n      - name: Checkout repository\n        uses: actions/checkout@v4\n\n      - name: Set up Python\n        uses: actions/setup-python@v5\n        with:\n          python-version: ${{...icated integration-test budgets instead of distorting this gate.\n          INCLUDE=\'engine/scene/scene_document.py,engine/runtime/lifecycle_scheduler.py,engine/runtime/runtime_world.py,engine/logic/runtime/*.py,engine/logic/runtime/nodes/*.py,editor/runtime/isolated_play_mode_controller.py\'\n          python -m coverage json --include="$INCLUDE" -o critical-coverage.json\n          python - <<\'PY\'\n          import json\n          from pathlib import Path\n\n          report = json.loads(Path("critical-coverage.json").read_text(encoding="utf-8"))\n          percent = float(report["totals"]["percent_covered"])\n          print(f"::notice title=Critical coverage::Measured critical-architecture coverage: {percent:.2f}%")\n          Path("critical-coverage.txt").write_text(f"{percent:.2f}\\n", encoding="utf-8")\n          PY\n      - name: Enforce critical coverage budget\n        run: >-\n          python -m coverage report\n          --include="engine/scene/scene_document.py,engine/runtime/lifecycle_scheduler.py,engine/runtime/runtime_world.py,engine/logic/runtime/*.py,engine/logic/runtime/nodes/*.py,editor/runtime/isolated_play_mode_controller.py"\n          --fail-under=70\n'
============ 1 failed, 2201 passed, 1 skipped, 3 warnings in 49.85s ============
